Archive member included to satisfy reference by file (symbol)

C:/ST/STM32CubeIDE_1.17.0/STM32CubeIDE/plugins/com.st.stm32cube.ide.mcu.externaltools.gnu-tools-for-stm32.13.3.rel1.win32_1.0.0.202411081344/tools/bin/../lib/gcc/arm-none-eabi/13.3.1/../../../../arm-none-eabi/lib/thumb/v6-m/nofp\libc.a(libc_a-atof.o)
                              BOS\BOS_CLI.o (atof)
C:/ST/STM32CubeIDE_1.17.0/STM32CubeIDE/plugins/com.st.stm32cube.ide.mcu.externaltools.gnu-tools-for-stm32.13.3.rel1.win32_1.0.0.202411081344/tools/bin/../lib/gcc/arm-none-eabi/13.3.1/../../../../arm-none-eabi/lib/thumb/v6-m/nofp\libc.a(libc_a-atoi.o)
                              BOS\BOS_CLIcommands.o (atoi)
C:/ST/STM32CubeIDE_1.17.0/STM32CubeIDE/plugins/com.st.stm32cube.ide.mcu.externaltools.gnu-tools-for-stm32.13.3.rel1.win32_1.0.0.202411081344/tools/bin/../lib/gcc/arm-none-eabi/13.3.1/../../../../arm-none-eabi/lib/thumb/v6-m/nofp\libc.a(libc_a-atol.o)
                              BOS\BOS.o (atol)
C:/ST/STM32CubeIDE_1.17.0/STM32CubeIDE/plugins/com.st.stm32cube.ide.mcu.externaltools.gnu-tools-for-stm32.13.3.rel1.win32_1.0.0.202411081344/tools/bin/../lib/gcc/arm-none-eabi/13.3.1/../../../../arm-none-eabi/lib/thumb/v6-m/nofp\libc.a(libc_a-exit.o)
                              C:/ST/STM32CubeIDE_1.17.0/STM32CubeIDE/plugins/com.st.stm32cube.ide.mcu.externaltools.gnu-tools-for-stm32.13.3.rel1.win32_1.0.0.202411081344/tools/bin/../lib/gcc/arm-none-eabi/13.3.1/../../../../arm-none-eabi/lib/thumb/v6-m/nofp/crt0.o (exit)
C:/ST/STM32CubeIDE_1.17.0/STM32CubeIDE/plugins/com.st.stm32cube.ide.mcu.externaltools.gnu-tools-for-stm32.13.3.rel1.win32_1.0.0.202411081344/tools/bin/../lib/gcc/arm-none-eabi/13.3.1/../../../../arm-none-eabi/lib/thumb/v6-m/nofp\libc.a(libc_a-malloc.o)
                              BOS\BOS.o (malloc)
C:/ST/STM32CubeIDE_1.17.0/STM32CubeIDE/plugins/com.st.stm32cube.ide.mcu.externaltools.gnu-tools-for-stm32.13.3.rel1.win32_1.0.0.202411081344/tools/bin/../lib/gcc/arm-none-eabi/13.3.1/../../../../arm-none-eabi/lib/thumb/v6-m/nofp\libc.a(libc_a-mallocr.o)
                              C:/ST/STM32CubeIDE_1.17.0/STM32CubeIDE/plugins/com.st.stm32cube.ide.mcu.externaltools.gnu-tools-for-stm32.13.3.rel1.win32_1.0.0.202411081344/tools/bin/../lib/gcc/arm-none-eabi/13.3.1/../../../../arm-none-eabi/lib/thumb/v6-m/nofp\libc.a(libc_a-malloc.o) (_malloc_r)
C:/ST/STM32CubeIDE_1.17.0/STM32CubeIDE/plugins/com.st.stm32cube.ide.mcu.externaltools.gnu-tools-for-stm32.13.3.rel1.win32_1.0.0.202411081344/tools/bin/../lib/gcc/arm-none-eabi/13.3.1/../../../../arm-none-eabi/lib/thumb/v6-m/nofp\libc.a(libc_a-mlock.o)
                              C:/ST/STM32CubeIDE_1.17.0/STM32CubeIDE/plugins/com.st.stm32cube.ide.mcu.externaltools.gnu-tools-for-stm32.13.3.rel1.win32_1.0.0.202411081344/tools/bin/../lib/gcc/arm-none-eabi/13.3.1/../../../../arm-none-eabi/lib/thumb/v6-m/nofp\libc.a(libc_a-mallocr.o) (__malloc_lock)
C:/ST/STM32CubeIDE_1.17.0/STM32CubeIDE/plugins/com.st.stm32cube.ide.mcu.externaltools.gnu-tools-for-stm32.13.3.rel1.win32_1.0.0.202411081344/tools/bin/../lib/gcc/arm-none-eabi/13.3.1/../../../../arm-none-eabi/lib/thumb/v6-m/nofp\libc.a(libc_a-rand.o)
                              BOS\BOS_CLIcommands.o (rand)
C:/ST/STM32CubeIDE_1.17.0/STM32CubeIDE/plugins/com.st.stm32cube.ide.mcu.externaltools.gnu-tools-for-stm32.13.3.rel1.win32_1.0.0.202411081344/tools/bin/../lib/gcc/arm-none-eabi/13.3.1/../../../../arm-none-eabi/lib/thumb/v6-m/nofp\libc.a(libc_a-realloc.o)
                              BOS\BOS_CLI.o (realloc)
C:/ST/STM32CubeIDE_1.17.0/STM32CubeIDE/plugins/com.st.stm32cube.ide.mcu.externaltools.gnu-tools-for-stm32.13.3.rel1.win32_1.0.0.202411081344/tools/bin/../lib/gcc/arm-none-eabi/13.3.1/../../../../arm-none-eabi/lib/thumb/v6-m/nofp\libc.a(libc_a-reallocr.o)
                              C:/ST/STM32CubeIDE_1.17.0/STM32CubeIDE/plugins/com.st.stm32cube.ide.mcu.externaltools.gnu-tools-for-stm32.13.3.rel1.win32_1.0.0.202411081344/tools/bin/../lib/gcc/arm-none-eabi/13.3.1/../../../../arm-none-eabi/lib/thumb/v6-m/nofp\libc.a(libc_a-realloc.o) (_realloc_r)
C:/ST/STM32CubeIDE_1.17.0/STM32CubeIDE/plugins/com.st.stm32cube.ide.mcu.externaltools.gnu-tools-for-stm32.13.3.rel1.win32_1.0.0.202411081344/tools/bin/../lib/gcc/arm-none-eabi/13.3.1/../../../../arm-none-eabi/lib/thumb/v6-m/nofp\libc.a(libc_a-strtod.o)
                              C:/ST/STM32CubeIDE_1.17.0/STM32CubeIDE/plugins/com.st.stm32cube.ide.mcu.externaltools.gnu-tools-for-stm32.13.3.rel1.win32_1.0.0.202411081344/tools/bin/../lib/gcc/arm-none-eabi/13.3.1/../../../../arm-none-eabi/lib/thumb/v6-m/nofp\libc.a(libc_a-atof.o) (strtod)
C:/ST/STM32CubeIDE_1.17.0/STM32CubeIDE/plugins/com.st.stm32cube.ide.mcu.externaltools.gnu-tools-for-stm32.13.3.rel1.win32_1.0.0.202411081344/tools/bin/../lib/gcc/arm-none-eabi/13.3.1/../../../../arm-none-eabi/lib/thumb/v6-m/nofp\libc.a(libc_a-strtol.o)
[...]
Memory Configuration

Name             Origin             Length             Attributes
RAM              0x20000000         0x00024000         xrw
FLASH            0x08000000         0x00080000         xr
*default*        0x00000000         0xffffffff

Linker script and memory map

LOAD C:/ST/STM32CubeIDE_1.17.0/STM32CubeIDE/plugins/com.st.stm32cube.ide.mcu.externaltools.gnu-tools-for-stm32.13.3.rel1.win32_1.0.0.202411081344/tools/bin/../lib/gcc/arm-none-eabi/13.3.1/thumb/v6-m/nofp/crti.o
LOAD C:/ST/STM32CubeIDE_1.17.0/STM32CubeIDE/plugins/com.st.stm32cube.ide.mcu.externaltools.gnu-tools-for-stm32.13.3.rel1.win32_1.0.0.202411081344/tools/bin/../lib/gcc/arm-none-eabi/13.3.1/thumb/v6-m/nofp/crtbegin.o
LOAD C:/ST/STM32CubeIDE_1.17.0/STM32CubeIDE/plugins/com.st.stm32cube.ide.mcu.externaltools.gnu-tools-for-stm32.13.3.rel1.win32_1.0.0.202411081344/tools/bin/../lib/gcc/arm-none-eabi/13.3.1/../../../../arm-none-eabi/lib/thumb/v6-m/nofp/crt0.o
LOAD BOS\BOS.o
LOAD BOS\BOS_CLI.o
LOAD BOS\BOS_CLIcommands.o
LOAD BOS\BOS_dma.o
LOAD BOS\BOS_freertos.o
LOAD BOS\BOS_messaging.o
LOAD BOS\BOS_msgparser.o
LOAD P01R0\P01R0.o
LOAD P01R0\P01R0_dma.o
LOAD P01R0\P01R0_eeprom.o
LOAD P01R0\P01R0_gpio.o
LOAD P01R0\P01R0_inputs.o
LOAD P01R0\P01R0_it.o
LOAD P01R0\P01R0_rtc.o
LOAD P01R0\P01R0_timers.o
LOAD P01R0\P01R0_uart.o
LOAD P01R0\startup_stm32g0b1ceuxn.o
LOAD Thirdparty\CMSIS\STM32G0xx\Device\ST\STM32G0xx\Source\Templates\system_stm32g0xx.o
LOAD Thirdparty\EEPROM_Emul\Core\eeprom_emul.o
LOAD Thirdparty\EEPROM_Emul\Porting\STM32G0\flash_interface.o
LOAD Thirdparty\Middleware\STM32G0xx\FreeRTOS\Source\CMSIS_RTOS\cmsis_os.o
LOAD Thirdparty\Middleware\STM32G0xx\FreeRTOS\Source\FreeRTOS_CLI.o
LOAD Thirdparty\Middleware\STM32G0xx\FreeRTOS\Source\croutine.o
LOAD Thirdparty\Middleware\STM32G0xx\FreeRTOS\Source\event_groups.o
LOAD Thirdparty\Middleware\STM32G0xx\FreeRTOS\Source\list.o
LOAD Thirdparty\Middleware\STM32G0xx\FreeRTOS\Source\portable\GCC\ARM_CM0\port.o
LOAD Thirdparty\Middleware\STM32G0xx\FreeRTOS\Source\portable\MemMang\heap_4.o
LOAD Thirdparty\Middleware\STM32G0xx\FreeRTOS\Source\queue.o
LOAD Thirdparty\Middleware\STM32G0xx\FreeRTOS\Source\stream_buffer.o
LOAD Thirdparty\Middleware\STM32G0xx\FreeRTOS\Source\tasks.o
LOAD Thirdparty\Middleware\STM32G0xx\FreeRTOS\Source\timers.o
LOAD Thirdparty\STM32G0xx_HAL_Driver\Src\stm32g0xx_hal.o
LOAD Thirdparty\STM32G0xx_HAL_Driver\Src\stm32g0xx_hal_adc.o
LOAD Thirdparty\STM32G0xx_HAL_Driver\Src\stm32g0xx_hal_adc_ex.o
LOAD Thirdparty\STM32G0xx_HAL_Driver\Src\stm32g0xx_hal_cec.o
LOAD Thirdparty\STM32G0xx_HAL_Driver\Src\stm32g0xx_hal_comp.o
LOAD Thirdparty\STM32G0xx_HAL_Driver\Src\stm32g0xx_hal_cortex.o
LOAD Thirdparty\STM32G0xx_HAL_Driver\Src\stm32g0xx_hal_crc.o
LOAD Thirdparty\STM32G0xx_HAL_Driver\Src\stm32g0xx_hal_crc_ex.o
LOAD Thirdparty\STM32G0xx_HAL_Driver\Src\stm32g0xx_hal_cryp.o
LOAD Thirdparty\STM32G0xx_HAL_Driver\Src\stm32g0xx_hal_cryp_ex.o
LOAD Thirdparty\STM32G0xx_HAL_Driver\Src\stm32g0xx_hal_dac.o
LOAD Thirdparty\STM32G0xx_HAL_Driver\Src\stm32g0xx_hal_dac_ex.o
LOAD Thirdparty\STM32G0xx_HAL_Driver\Src\stm32g0xx_hal_dma.o
LOAD Thirdparty\STM32G0xx_HAL_Driver\Src\stm32g0xx_hal_dma_ex.o
LOAD Thirdparty\STM32G0xx_HAL_Driver\Src\stm32g0xx_hal_exti.o
LOAD Thirdparty\STM32G0xx_HAL_Driver\Src\stm32g0xx_hal_fdcan.o
LOAD Thirdparty\STM32G0xx_HAL_Driver\Src\stm32g0xx_hal_flash.o
LOAD Thirdparty\STM32G0xx_HAL_Driver\Src\stm32g0xx_hal_flash_ex.o
LOAD Thirdparty\STM32G0xx_HAL_Driver\Src\stm32g0xx_hal_gpio.o
LOAD Thirdparty\STM32G0xx_HAL_Driver\Src\stm32g0xx_hal_hcd.o
LOAD Thirdparty\STM32G0xx_HAL_Driver\Src\stm32g0xx_hal_i2c.o
LOAD Thirdparty\STM32G0xx_HAL_Driver\Src\stm32g0xx_hal_i2c_ex.o
LOAD Thirdparty\STM32G0xx_HAL_Driver\Src\stm32g0xx_hal_i2s.o
LOAD Thirdparty\STM32G0xx_HAL_Driver\Src\stm32g0xx_hal_irda.o
LOAD Thirdparty\STM32G0xx_HAL_Driver\Src\stm32g0xx_hal_iwdg.o
LOAD Thirdparty\STM32G0xx_HAL_Driver\Src\stm32g0xx_hal_lptim.o
LOAD Thirdparty\STM32G0xx_HAL_Driver\Src\stm32g0xx_hal_msp_template.o
LOAD Thirdparty\STM32G0xx_HAL_Driver\Src\stm32g0xx_hal_pcd.o
LOAD Thirdparty\STM32G0xx_HAL_Driver\Src\stm32g0xx_hal_pcd_ex.o
LOAD Thirdparty\STM32G0xx_HAL_Driver\Src\stm32g0xx_hal_pwr.o
LOAD Thirdparty\STM32G0xx_HAL_Driver\Src\stm32g0xx_hal_pwr_ex.o
LOAD Thirdparty\STM32G0xx_HAL_Driver\Src\stm32g0xx_hal_rcc.o
LOAD Thirdparty\STM32G0xx_HAL_Driver\Src\stm32g0xx_hal_rcc_ex.o
LOAD Thirdparty\STM32G0xx_HAL_Driver\Src\stm32g0xx_hal_rng.o
LOAD Thirdparty\STM32G0xx_HAL_Driver\Src\stm32g0xx_hal_rtc.o
LOAD Thirdparty\STM32G0xx_HAL_Driver\Src\stm32g0xx_hal_rtc_ex.o
LOAD Thirdparty\STM32G0xx_HAL_Driver\Src\stm32g0xx_hal_smartcard.o
LOAD Thirdparty\STM32G0xx_HAL_Driver\Src\stm32g0xx_hal_smartcard_ex.o
LOAD Thirdparty\STM32G0xx_HAL_Driver\Src\stm32g0xx_hal_smbus.o
LOAD Thirdparty\STM32G0xx_HAL_Driver\Src\stm32g0xx_hal_smbus_ex.o
LOAD Thirdparty\STM32G0xx_HAL_Driver\Src\stm32g0xx_hal_spi.o
LOAD Thirdparty\STM32G0xx_HAL_Driver\Src\stm32g0xx_hal_spi_ex.o
LOAD Thirdparty\STM32G0xx_HAL_Driver\Src\stm32g0xx_hal_tim.o
LOAD Thirdparty\STM32G0xx_HAL_Driver\Src\stm32g0xx_hal_tim_ex.o
LOAD Thirdparty\STM32G0xx_HAL_Driver\Src\stm32g0xx_hal_uart.o
LOAD Thirdparty\STM32G0xx_HAL_Driver\Src\stm32g0xx_hal_uart_ex.o
LOAD Thirdparty\STM32G0xx_HAL_Driver\Src\stm32g0xx_hal_usart.o
LOAD Thirdparty\STM32G0xx_HAL_Driver\Src\stm32g0xx_hal_usart_ex.o
LOAD Thirdparty\STM32G0xx_HAL_Driver\Src\stm32g0xx_hal_wwdg.o
LOAD Thirdparty\STM32G0xx_HAL_Driver\Src\stm32g0xx_ll_adc.o
LOAD Thirdparty\STM32G0xx_HAL_Driver\Src\stm32g0xx_ll_comp.o
LOAD Thirdparty\STM32G0xx_HAL_Driver\Src\stm32g0xx_ll_crc.o
LOAD Thirdparty\STM32G0xx_HAL_Driver\Src\stm32g0xx_ll_crs.o
LOAD Thirdparty\STM32G0xx_HAL_Driver\Src\stm32g0xx_ll_dac.o
LOAD Thirdparty\STM32G0xx_HAL_Driver\Src\stm32g0xx_ll_dma.o
LOAD Thirdparty\STM32G0xx_HAL_Driver\Src\stm32g0xx_ll_exti.o
LOAD Thirdparty\STM32G0xx_HAL_Driver\Src\stm32g0xx_ll_gpio.o
LOAD Thirdparty\STM32G0xx_HAL_Driver\Src\stm32g0xx_ll_i2c.o
LOAD Thirdparty\STM32G0xx_HAL_Driver\Src\stm32g0xx_ll_lptim.o
LOAD Thirdparty\STM32G0xx_HAL_Driver\Src\stm32g0xx_ll_lpuart.o
LOAD Thirdparty\STM32G0xx_HAL_Driver\Src\stm32g0xx_ll_pwr.o
LOAD Thirdparty\STM32G0xx_HAL_Driver\Src\stm32g0xx_ll_rcc.o
LOAD Thirdparty\STM32G0xx_HAL_Driver\Src\stm32g0xx_ll_rng.o
LOAD Thirdparty\STM32G0xx_HAL_Driver\Src\stm32g0xx_ll_rtc.o
LOAD Thirdparty\STM32G0xx_HAL_Driver\Src\stm32g0xx_ll_spi.o
LOAD Thirdparty\STM32G0xx_HAL_Driver\Src\stm32g0xx_ll_tim.o
LOAD Thirdparty\STM32G0xx_HAL_Driver\Src\stm32g0xx_ll_ucpd.o
LOAD Thirdparty\STM32G0xx_HAL_Driver\Src\stm32g0xx_ll_usart.o
LOAD Thirdparty\STM32G0xx_HAL_Driver\Src\stm32g0xx_ll_usb.o
LOAD Thirdparty\STM32G0xx_HAL_Driver\Src\stm32g0xx_ll_utils.o
LOAD User\main.o
LOAD syscalls.o
START GROUP
LOAD C:/ST/STM32CubeIDE_1.17.0/STM32CubeIDE/plugins/com.st.stm32cube.ide.mcu.externaltools.gnu-tools-for-stm32.13.3.rel1.win32_1.0.0.202411081344/tools/bin/../lib/gcc/arm-none-eabi/13.3.1/../../../../arm-none-eabi/lib/thumb/v6-m/nofp\libc.a
LOAD C:/ST/STM32CubeIDE_1.17.0/STM32CubeIDE/plugins/com.st.stm32cube.ide.mcu.externaltools.gnu-tools-for-stm32.13.3.rel1.win32_1.0.0.202411081344/tools/bin/../lib/gcc/arm-none-eabi/13.3.1/../../../../arm-none-eabi/lib/thumb/v6-m/nofp\libm.a
END GROUP
START GROUP
LOAD C:/ST/STM32CubeIDE_1.17.0/STM32CubeIDE/plugins/com.st.stm32cube.ide.mcu.externaltools.gnu-tools-for-stm32.13.3.rel1.win32_1.0.0.202411081344/tools/bin/../lib/gcc/arm-none-eabi/13.3.1/thumb/v6-m/nofp\libgcc.a
LOAD C:/ST/STM32CubeIDE_1.17.0/STM32CubeIDE/plugins/com.st.stm32cube.ide.mcu.externaltools.gnu-tools-for-stm32.13.3.rel1.win32_1.0.0.202411081344/tools/bin/../lib/gcc/arm-none-eabi/13.3.1/../../../../arm-none-eabi/lib/thumb/v6-m/nofp\libc.a
END GROUP
START GROUP
LOAD C:/ST/STM32CubeIDE_1.17.0/STM32CubeIDE/plugins/com.st.stm32cube.ide.mcu.externaltools.gnu-tools-for-stm32.13.3.rel1.win32_1.0.0.202411081344/tools/bin/../lib/gcc/arm-none-eabi/13.3.1/thumb/v6-m/nofp\libgcc.a
LOAD C:/ST/STM32CubeIDE_1.17.0/STM32CubeIDE/plugins/com.st.stm32cube.ide.mcu.externaltools.gnu-tools-for-stm32.13.3.rel1.win32_1.0.0.202411081344/tools/bin/../lib/gcc/arm-none-eabi/13.3.1/../../../../arm-none-eabi/lib/thumb/v6-m/nofp\libc.a
LOAD C:/ST/STM32CubeIDE_1.17.0/STM32CubeIDE/plugins/com.st.stm32cube.ide.mcu.externaltools.gnu-tools-for-stm32.13.3.rel1.win32_1.0.0.202411081344/tools/bin/../lib/gcc/arm-none-eabi/13.3.1/../../../../arm-none-eabi/lib/thumb/v6-m/nofp\libnosys.a
END GROUP
LOAD C:/ST/STM32CubeIDE_1.17.0/STM32CubeIDE/plugins/com.st.stm32cube.ide.mcu.externaltools.gnu-tools-for-stm32.13.3.rel1.win32_1.0.0.202411081344/tools/bin/../lib/gcc/arm-none-eabi/13.3.1/thumb/v6-m/nofp/crtend.o
LOAD C:/ST/STM32CubeIDE_1.17.0/STM32CubeIDE/plugins/com.st.stm32cube.ide.mcu.externaltools.gnu-tools-for-stm32.13.3.rel1.win32_1.0.0.202411081344/tools/bin/../lib/gcc/arm-none-eabi/13.3.1/thumb/v6-m/nofp/crtn.o
                0x20024000                        _estack = (ORIGIN (RAM) + LENGTH (RAM))
                0x00000200                        _Min_Heap_Size = 0x200
                0x00000400                        _Min_Stack_Size = 0x400

.isr_vector     0x08000000       0xbc
                0x08000000                        . = ALIGN (0x4)
 *(.isr_vector)
 .isr_vector    0x08000000       0xbc P01R0\startup_stm32g0b1ceuxn.o
                0x08000000                g_pfnVectors
                0x080000bc                        . = ALIGN (0x4)

.text           0x080000c0    0x2a988
                0x080000c0                        . = ALIGN (0x4)
 *(.text)
 .text          0x080000c0       0x48 C:/ST/STM32CubeIDE_1.17.0/STM32CubeIDE/plugins/com.st.stm32cube.ide.mcu.externaltools.gnu-tools-for-stm32.13.3.rel1.win32_1.0.0.202411081344/tools/bin/../lib/gcc/arm-none-eabi/13.3.1/thumb/v6-m/nofp/crtbegin.o
 .text          0x08000108       0x14 C:/ST/STM32CubeIDE_1.17.0/STM32CubeIDE/plugins/com.st.stm32cube.ide.mcu.externaltools.gnu-tools-for-stm32.13.3.rel1.win32_1.0.0.202411081344/tools/bin/../lib/gcc/arm-none-eabi/13.3.1/../../../../arm-none-eabi/lib/thumb/v6-m/nofp\libc.a(libc_a-strcmp.o)
                0x08000108                strcmp
 .text          0x0800011c        0xe C:/ST/STM32CubeIDE_1.17.0/STM32CubeIDE/plugins/com.st.stm32cube.ide.mcu.externaltools.gnu-tools-for-stm32.13.3.rel1.win32_1.0.0.202411081344/tools/bin/../lib/gcc/arm-none-eabi/13.3.1/../../../../arm-none-eabi/lib/thumb/v6-m/nofp\libc.a(libc_a-strlen.o)
                0x0800011c                strlen
 *fill*         0x0800012a        0x2 
 .text          0x0800012c       0x14 C:/ST/STM32CubeIDE_1.17.0/STM32CubeIDE/plugins/com.st.stm32cube.ide.mcu.externaltools.gnu-tools-for-stm32.13.3.rel1.win32_1.0.0.202411081344/tools/bin/../lib/gcc/arm-none-eabi/13.3.1/thumb/v6-m/nofp\libgcc.a(_thumb1_case_uqi.o)
                0x0800012c                __gnu_thumb1_case_uqi
 .text          0x08000140       0x14 C:/ST/STM32CubeIDE_1.17.0/STM32CubeIDE/plugins/com.st.stm32cube.ide.mcu.externaltools.gnu-tools-for-stm32.13.3.rel1.win32_1.0.0.202411081344/tools/bin/../lib/gcc/arm-none-eabi/13.3.1/thumb/v6-m/nofp\libgcc.a(_thumb1_case_uhi.o)
                0x08000140                __gnu_thumb1_case_uhi
 .text          0x08000154      0x114 C:/ST/STM32CubeIDE_1.17.0/STM32CubeIDE/plugins/com.st.stm32cube.ide.mcu.externaltools.gnu-tools-for-stm32.13.3.rel1.win32_1.0.0.202411081344/tools/bin/../lib/gcc/arm-none-eabi/13.3.1/thumb/v6-m/nofp\libgcc.a(_udivsi3.o)
                0x08000154                __aeabi_uidiv
                0x08000154                __udivsi3
                0x08000260                __aeabi_uidivmod
 .text          0x08000268      0x1d4 C:/ST/STM32CubeIDE_1.17.0/STM32CubeIDE/plugins/com.st.stm32cube.ide.mcu.externaltools.gnu-tools-for-stm32.13.3.rel1.win32_1.0.0.202411081344/tools/bin/../lib/gcc/arm-none-eabi/13.3.1/thumb/v6-m/nofp\libgcc.a(_divsi3.o)
                0x08000268                __divsi3
                0x08000268                __aeabi_idiv
                0x08000434                __aeabi_idivmod
 .text          0x0800043c        0x4 C:/ST/STM32CubeIDE_1.17.0/STM32CubeIDE/plugins/com.st.stm32cube.ide.mcu.externaltools.gnu-tools-for-stm32.13.3.rel1.win32_1.0.0.202411081344/tools/bin/../lib/gcc/arm-none-eabi/13.3.1/thumb/v6-m/nofp\libgcc.a(_dvmd_tls.o)
                0x0800043c                __aeabi_idiv0
                0x0800043c                __aeabi_ldiv0
 .text          0x08000440       0x7c C:/ST/STM32CubeIDE_1.17.0/STM32CubeIDE/plugins/com.st.stm32cube.ide.mcu.externaltools.gnu-tools-for-stm32.13.3.rel1.win32_1.0.0.202411081344/tools/bin/../lib/gcc/arm-none-eabi/13.3.1/thumb/v6-m/nofp\libgcc.a(_arm_cmpdf2.o)
                0x08000440                __aeabi_cdrcmple
                0x08000450                __aeabi_cdcmple
                0x08000450                __aeabi_cdcmpeq
                0x08000460                __aeabi_dcmpeq
                0x0800046c                __aeabi_dcmplt
                0x08000480                __aeabi_dcmple
                0x08000494                __aeabi_dcmpgt
                0x080004a8                __aeabi_dcmpge
 .text          0x080004bc       0x74 C:/ST/STM32CubeIDE_1.17.0/STM32CubeIDE/plugins/com.st.stm32cube.ide.mcu.externaltools.gnu-tools-for-stm32.13.3.rel1.win32_1.0.0.202411081344/tools/bin/../lib/gcc/arm-none-eabi/13.3.1/thumb/v6-m/nofp\libgcc.a(_arm_cmpsf2.o)
                0x080004bc                __aeabi_cfrcmple
                0x080004c4                __aeabi_cfcmpeq
                0x080004c4                __aeabi_cfcmple
                0x080004d4                __aeabi_fcmpeq
                0x080004e0                __aeabi_fcmplt
                0x080004f4                __aeabi_fcmple
                0x08000508                __aeabi_fcmpgt
                0x0800051c                __aeabi_fcmpge
 .text          0x08000530       0x40 C:/ST/STM32CubeIDE_1.17.0/STM32CubeIDE/plugins/com.st.stm32cube.ide.mcu.externaltools.gnu-tools-for-stm32.13.3.rel1.win32_1.0.0.202411081344/tools/bin/../lib/gcc/arm-none-eabi/13.3.1/thumb/v6-m/nofp\libgcc.a(_aeabi_uldivmod.o)
                0x08000530                __aeabi_uldivmod
 .text          0x08000570       0x5c C:/ST/STM32CubeIDE_1.17.0/STM32CubeIDE/plugins/com.st.stm32cube.ide.mcu.externaltools.gnu-tools-for-stm32.13.3.rel1.win32_1.0.0.202411081344/tools/bin/../lib/gcc/arm-none-eabi/13.3.1/thumb/v6-m/nofp\libgcc.a(_muldi3.o)
                0x08000570                __muldi3
                0x08000570                __aeabi_lmul
 .text          0x080005cc       0x30 C:/ST/STM32CubeIDE_1.17.0/STM32CubeIDE/plugins/com.st.stm32cube.ide.mcu.externaltools.gnu-tools-for-stm32.13.3.rel1.win32_1.0.0.202411081344/tools/bin/../lib/gcc/arm-none-eabi/13.3.1/thumb/v6-m/nofp\libgcc.a(_fixunssfsi.o)
                0x080005cc                __fixunssfsi
                0x080005cc                __aeabi_f2uiz
 .text          0x080005fc       0x3c C:/ST/STM32CubeIDE_1.17.0/STM32CubeIDE/plugins/com.st.stm32cube.ide.mcu.externaltools.gnu-tools-for-stm32.13.3.rel1.win32_1.0.0.202411081344/tools/bin/../lib/gcc/arm-none-eabi/13.3.1/thumb/v6-m/nofp\libgcc.a(_fixunsdfsi.o)
                0x080005fc                __aeabi_d2uiz
                0x080005fc                __fixunsdfsi
 .text          0x08000638       0x38 C:/ST/STM32CubeIDE_1.17.0/STM32CubeIDE/plugins/com.st.stm32cube.ide.mcu.externaltools.gnu-tools-for-stm32.13.3.rel1.win32_1.0.0.202411081344/tools/bin/../lib/gcc/arm-none-eabi/13.3.1/thumb/v6-m/nofp\libgcc.a(_fixdfdi.o)
                0x08000638                __fixdfdi
                0x08000638                __aeabi_d2lz
 .text          0x08000670       0x3c C:/ST/STM32CubeIDE_1.17.0/STM32CubeIDE/plugins/com.st.stm32cube.ide.mcu.externaltools.gnu-tools-for-stm32.13.3.rel1.win32_1.0.0.202411081344/tools/bin/../lib/gcc/arm-none-eabi/13.3.1/thumb/v6-m/nofp\libgcc.a(_fixunsdfdi.o)
                0x08000670                __fixunsdfdi
                0x08000670                __aeabi_d2ulz
 .text          0x080006ac       0x2c C:/ST/STM32CubeIDE_1.17.0/STM32CubeIDE/plugins/com.st.stm32cube.ide.mcu.externaltools.gnu-tools-for-stm32.13.3.rel1.win32_1.0.0.202411081344/tools/bin/../lib/gcc/arm-none-eabi/13.3.1/thumb/v6-m/nofp\libgcc.a(_floatdidf.o)
                0x080006ac                __aeabi_l2d
                0x080006ac                __floatdidf
 .text          0x080006d8      0x198 C:/ST/STM32CubeIDE_1.17.0/STM32CubeIDE/plugins/com.st.stm32cube.ide.mcu.externaltools.gnu-tools-for-stm32.13.3.rel1.win32_1.0.0.202411081344/tools/bin/../lib/gcc/arm-none-eabi/13.3.1/thumb/v6-m/nofp\libgcc.a(_udivmoddi4.o)
                0x080006d8                __udivmoddi4
 .text          0x08000870      0x22c C:/ST/STM32CubeIDE_1.17.0/STM32CubeIDE/plugins/com.st.stm32cube.ide.mcu.externaltools.gnu-tools-for-stm32.13.3.rel1.win32_1.0.0.202411081344/tools/bin/../lib/gcc/arm-none-eabi/13.3.1/thumb/v6-m/nofp\libgcc.a(divsf3.o)
                0x08000870                __aeabi_fdiv
 .text          0x08000a9c       0x50 C:/ST/STM32CubeIDE_1.17.0/STM32CubeIDE/plugins/com.st.stm32cube.ide.mcu.externaltools.gnu-tools-for-stm32.13.3.rel1.win32_1.0.0.202411081344/tools/bin/../lib/gcc/arm-none-eabi/13.3.1/thumb/v6-m/nofp\libgcc.a(eqsf2.o)
                0x08000a9c                __eqsf2
                0x08000a9c                __nesf2
 .text          0x08000aec       0x90 C:/ST/STM32CubeIDE_1.17.0/STM32CubeIDE/plugins/com.st.stm32cube.ide.mcu.externaltools.gnu-tools-for-stm32.13.3.rel1.win32_1.0.0.202411081344/tools/bin/../lib/gcc/arm-none-eabi/13.3.1/thumb/v6-m/nofp\libgcc.a(gesf2.o)
                0x08000aec                __gesf2
                0x08000aec                __gtsf2
 .text          0x08000b7c       0x90 C:/ST/STM32CubeIDE_1.17.0/STM32CubeIDE/plugins/com.st.stm32cube.ide.mcu.externaltools.gnu-tools-for-stm32.13.3.rel1.win32_1.0.0.202411081344/tools/bin/../lib/gcc/arm-none-eabi/13.3.1/thumb/v6-m/nofp\libgcc.a(lesf2.o)
                0x08000b7c                __ltsf2
                0x08000b7c                __lesf2
 .text          0x08000c0c      0x2b4 C:/ST/STM32CubeIDE_1.17.0/STM32CubeIDE/plugins/com.st.stm32cube.ide.mcu.externaltools.gnu-tools-for-stm32.13.3.rel1.win32_1.0.0.202411081344/tools/bin/../lib/gcc/arm-none-eabi/13.3.1/thumb/v6-m/nofp\libgcc.a(mulsf3.o)
                0x08000c0c                __aeabi_fmul
 .text          0x08000ec0      0x4c8 C:/ST/STM32CubeIDE_1.17.0/STM32CubeIDE/plugins/com.st.stm32cube.ide.mcu.externaltools.gnu-tools-for-stm32.13.3.rel1.win32_1.0.0.202411081344/tools/bin/../lib/gcc/arm-none-eabi/13.3.1/thumb/v6-m/nofp\libgcc.a(subsf3.o)
                0x08000ec0                __aeabi_fsub
 .text          0x08001388       0x40 C:/ST/STM32CubeIDE_1.17.0/STM32CubeIDE/plugins/com.st.stm32cube.ide.mcu.externaltools.gnu-tools-for-stm32.13.3.rel1.win32_1.0.0.202411081344/tools/bin/../lib/gcc/arm-none-eabi/13.3.1/thumb/v6-m/nofp\libgcc.a(fixsfsi.o)
                0x08001388                __aeabi_f2iz
 .text          0x080013c8       0xa0 C:/ST/STM32CubeIDE_1.17.0/STM32CubeIDE/plugins/com.st.stm32cube.ide.mcu.externaltools.gnu-tools-for-stm32.13.3.rel1.win32_1.0.0.202411081344/tools/bin/../lib/gcc/arm-none-eabi/13.3.1/thumb/v6-m/nofp\libgcc.a(floatsisf.o)
                0x080013c8                __aeabi_i2f
 .text          0x08001468       0x8c C:/ST/STM32CubeIDE_1.17.0/STM32CubeIDE/plugins/com.st.stm32cube.ide.mcu.externaltools.gnu-tools-for-stm32.13.3.rel1.win32_1.0.0.202411081344/tools/bin/../lib/gcc/arm-none-eabi/13.3.1/thumb/v6-m/nofp\libgcc.a(floatunsisf.o)
                0x08001468                __aeabi_ui2f
 .text          0x080014f4      0x78c C:/ST/STM32CubeIDE_1.17.0/STM32CubeIDE/plugins/com.st.stm32cube.ide.mcu.externaltools.gnu-tools-for-stm32.13.3.rel1.win32_1.0.0.202411081344/tools/bin/../lib/gcc/arm-none-eabi/13.3.1/thumb/v6-m/nofp\libgcc.a(adddf3.o)
                0x080014f4                __aeabi_dadd
 .text          0x08001c80      0x630 C:/ST/STM32CubeIDE_1.17.0/STM32CubeIDE/plugins/com.st.stm32cube.ide.mcu.externaltools.gnu-tools-for-stm32.13.3.rel1.win32_1.0.0.202411081344/tools/bin/../lib/gcc/arm-none-eabi/13.3.1/thumb/v6-m/nofp\libgcc.a(divdf3.o)
                0x08001c80                __aeabi_ddiv
 .text          0x080022b0       0x88 C:/ST/STM32CubeIDE_1.17.0/STM32CubeIDE/plugins/com.st.stm32cube.ide.mcu.externaltools.gnu-tools-for-stm32.13.3.rel1.win32_1.0.0.202411081344/tools/bin/../lib/gcc/arm-none-eabi/13.3.1/thumb/v6-m/nofp\libgcc.a(eqdf2.o)
                0x080022b0                __nedf2
                0x080022b0                __eqdf2
 .text          0x08002338       0xe0 C:/ST/STM32CubeIDE_1.17.0/STM32CubeIDE/plugins/com.st.stm32cube.ide.mcu.externaltools.gnu-tools-for-stm32.13.3.rel1.win32_1.0.0.202411081344/tools/bin/../lib/gcc/arm-none-eabi/13.3.1/thumb/v6-m/nofp\libgcc.a(gedf2.o)
                0x08002338                __gedf2
                0x08002338                __gtdf2
 .text          0x08002418       0xdc C:/ST/STM32CubeIDE_1.17.0/STM32CubeIDE/plugins/com.st.stm32cube.ide.mcu.externaltools.gnu-tools-for-stm32.13.3.rel1.win32_1.0.0.202411081344/tools/bin/../lib/gcc/arm-none-eabi/13.3.1/thumb/v6-m/nofp\libgcc.a(ledf2.o)
                0x08002418                __ledf2
                0x08002418                __ltdf2
 .text          0x080024f4      0x5cc C:/ST/STM32CubeIDE_1.17.0/STM32CubeIDE/plugins/com.st.stm32cube.ide.mcu.externaltools.gnu-tools-for-stm32.13.3.rel1.win32_1.0.0.202411081344/tools/bin/../lib/gcc/arm-none-eabi/13.3.1/thumb/v6-m/nofp\libgcc.a(muldf3.o)
                0x080024f4                __aeabi_dmul
 .text          0x08002ac0      0x814 C:/ST/STM32CubeIDE_1.17.0/STM32CubeIDE/plugins/com.st.stm32cube.ide.mcu.externaltools.gnu-tools-for-stm32.13.3.rel1.win32_1.0.0.202411081344/tools/bin/../lib/gcc/arm-none-eabi/13.3.1/thumb/v6-m/nofp\libgcc.a(subdf3.o)
                0x08002ac0                __aeabi_dsub
 .text          0x080032d4       0x44 C:/ST/STM32CubeIDE_1.17.0/STM32CubeIDE/plugins/com.st.stm32cube.ide.mcu.externaltools.gnu-tools-for-stm32.13.3.rel1.win32_1.0.0.202411081344/tools/bin/../lib/gcc/arm-none-eabi/13.3.1/thumb/v6-m/nofp\libgcc.a(unorddf2.o)
                0x080032d4                __aeabi_dcmpun
 .text          0x08003318       0x78 C:/ST/STM32CubeIDE_1.17.0/STM32CubeIDE/plugins/com.st.stm32cube.ide.mcu.externaltools.gnu-tools-for-stm32.13.3.rel1.win32_1.0.0.202411081344/tools/bin/../lib/gcc/arm-none-eabi/13.3.1/thumb/v6-m/nofp\libgcc.a(fixdfsi.o)
                0x08003318                __aeabi_d2iz
 .text          0x08003390       0x5c C:/ST/STM32CubeIDE_1.17.0/STM32CubeIDE/plugins/com.st.stm32cube.ide.mcu.externaltools.gnu-tools-for-stm32.13.3.rel1.win32_1.0.0.202411081344/tools/bin/../lib/gcc/arm-none-eabi/13.3.1/thumb/v6-m/nofp\libgcc.a(floatsidf.o)
                0x08003390                __aeabi_i2d
 .text          0x080033ec       0x48 C:/ST/STM32CubeIDE_1.17.0/STM32CubeIDE/plugins/com.st.stm32cube.ide.mcu.externaltools.gnu-tools-for-stm32.13.3.rel1.win32_1.0.0.202411081344/tools/bin/../lib/gcc/arm-none-eabi/13.3.1/thumb/v6-m/nofp\libgcc.a(floatunsidf.o)
                0x080033ec                __aeabi_ui2d
 .text          0x08003434       0x90 C:/ST/STM32CubeIDE_1.17.0/STM32CubeIDE/plugins/com.st.stm32cube.ide.mcu.externaltools.gnu-tools-for-stm32.13.3.rel1.win32_1.0.0.202411081344/tools/bin/../lib/gcc/arm-none-eabi/13.3.1/thumb/v6-m/nofp\libgcc.a(extendsfdf2.o)
                0x08003434                __aeabi_f2d
 .text          0x080034c4      0x104 C:/ST/STM32CubeIDE_1.17.0/STM32CubeIDE/plugins/com.st.stm32cube.ide.mcu.externaltools.gnu-tools-for-stm32.13.3.rel1.win32_1.0.0.202411081344/tools/bin/../lib/gcc/arm-none-eabi/13.3.1/thumb/v6-m/nofp\libgcc.a(truncdfsf2.o)
                0x080034c4                __aeabi_d2f
 .text          0x080035c8       0x3c C:/ST/STM32CubeIDE_1.17.0/STM32CubeIDE/plugins/com.st.stm32cube.ide.mcu.externaltools.gnu-tools-for-stm32.13.3.rel1.win32_1.0.0.202411081344/tools/bin/../lib/gcc/arm-none-eabi/13.3.1/thumb/v6-m/nofp\libgcc.a(_clzsi2.o)
                0x080035c8                __clzsi2
 .text          0x08003604       0x18 C:/ST/STM32CubeIDE_1.17.0/STM32CubeIDE/plugins/com.st.stm32cube.ide.mcu.externaltools.gnu-tools-for-stm32.13.3.rel1.win32_1.0.0.202411081344/tools/bin/../lib/gcc/arm-none-eabi/13.3.1/thumb/v6-m/nofp\libgcc.a(_clzdi2.o)
                0x08003604                __clzdi2
 *(.text*)
 .text.__NVIC_SystemReset
                0x0800361c       0x24 BOS\BOS.o
 .text.LoadEEvars
                0x08003640       0x26 BOS\BOS.o
                0x08003640                LoadEEvars
 *fill*         0x08003666        0x2 
 .text.LoadEEportsDir
                0x08003668       0x68 BOS\BOS.o
                0x08003668                LoadEEportsDir
 .text.LoadEEalias
                0x080036d0       0xd8 BOS\BOS.o
                0x080036d0                LoadEEalias
 .text.LoadEEgroup
                0x080037a8      0x120 BOS\BOS.o
                0x080037a8                LoadEEgroup
 .text.LoadEEstreams
                0x080038c8      0x228 BOS\BOS.o
                0x080038c8                LoadEEstreams
 .text.LoadEEparams
                0x08003af0      0x2e4 BOS\BOS.o
                0x08003af0                LoadEEparams
 .text.LoadEEbuttons
                0x08003dd4      0x124 BOS\BOS.o
                0x08003dd4                LoadEEbuttons
 .text.LoadROsnippets
                0x08003ef8      0x1d8 BOS\BOS.o
                0x08003ef8                LoadROsnippets
 .text.SaveEEportsDir
                0x080040d0       0x78 BOS\BOS.o
                0x080040d0                SaveEEportsDir
 .text.SaveEEalias
                0x08004148       0xd0 BOS\BOS.o
                0x08004148                SaveEEalias
 .text.SaveEEstreams
                0x08004218       0xdc BOS\BOS.o
                0x08004218                SaveEEstreams
 .text.SaveEEparams
                0x080042f4       0xb8 BOS\BOS.o
                0x080042f4                SaveEEparams
 .text.ClearEEportsDir
                0x080043ac       0x84 BOS\BOS.o
                0x080043ac                ClearEEportsDir
 .text.IsLowerCLIbaud
                0x08004430       0xe8 BOS\BOS.o
                0x08004430                IsLowerCLIbaud
 .text.IsModuleParameter
                0x08004518       0x64 BOS\BOS.o
                0x08004518                IsModuleParameter
 .text.IsMathOperator
                0x0800457c       0xc4 BOS\BOS.o
                0x0800457c                IsMathOperator
 .text.BOS_Init
                0x08004640      0x190 BOS\BOS.o
                0x08004640                BOS_Init
 .text.Module_Init
                0x080047d0       0x1e BOS\BOS.o
                0x080047d0                Module_Init
 *fill*         0x080047ee        0x2 
 .text.FindBroadcastRoutes
                0x080047f0      0x39c BOS\BOS.o
                0x080047f0                FindBroadcastRoutes
 .text.FindRoute
                0x08004b8c      0x2b4 BOS\BOS.o
                0x08004b8c                FindRoute
 .text.minArr   0x08004e40       0x88 BOS\BOS.o
                0x08004e40                minArr
 .text.QnotEmpty
                0x08004ec8       0x50 BOS\BOS.o
                0x08004ec8                QnotEmpty
 .text.DisplayTopology
                0x08004f18      0x250 BOS\BOS.o
                0x08004f18                DisplayTopology
 .text.DisplayPortsDir
                0x08005168      0x118 BOS\BOS.o
                0x08005168                DisplayPortsDir
 .text.DisplayModuleStatus
                0x08005280      0x3b4 BOS\BOS.o
                0x08005280                DisplayModuleStatus
 .text.GetID    0x08005634      0x160 BOS\BOS.o
                0x08005634                GetID
 .text.NameModule
                0x08005794      0x140 BOS\BOS.o
                0x08005794                NameModule
 .text.AddModuleToGroup
                0x080058d4      0x1b8 BOS\BOS.o
                0x080058d4                AddModuleToGroup
 .text.WriteToRemote
                0x08005a8c      0x418 BOS\BOS.o
                0x08005a8c                WriteToRemote
 .text.GetDateString
                0x08005ea4       0x5c BOS\BOS.o
                0x08005ea4                GetDateString
 .text.Bridge   0x08005f00       0x4c BOS\BOS.o
                0x08005f00                Bridge
 .text.Unbridge
                0x08005f4c       0xbc BOS\BOS.o
                0x08005f4c                Unbridge
 .text.EncodeValueToBytes
                0x08006008       0x84 BOS\BOS.o
                0x08006008                EncodeValueToBytes
 .text.DecodeBytesToValue
                0x0800608c       0x84 BOS\BOS.o
                0x0800608c                DecodeBytesToValue
 .text.prvCLITask
                0x08006110      0x254 BOS\BOS_CLI.o
                0x08006110                prvCLITask
 .text.CLI_CommandParser
                0x08006364      0x578 BOS\BOS_CLI.o
                0x08006364                CLI_CommandParser
 .text.StringToLowerCase
                0x080068dc       0x6c BOS\BOS_CLI.o
                0x080068dc                StringToLowerCase
 .text.AddSnippet
                0x08006948      0x118 BOS\BOS_CLI.o
                0x08006948                AddSnippet
 .text.ParseSnippetCondition
                0x08006a60      0x2e8 BOS\BOS_CLI.o
                0x08006a60                ParseSnippetCondition
 .text.CheckSnippetCondition
                0x08006d48      0x1cc BOS\BOS_CLI.o
                0x08006d48                CheckSnippetCondition
 .text.ExecuteSnippet
                0x08006f14       0xdc BOS\BOS_CLI.o
                0x08006f14                ExecuteSnippet
 .text.ParseSnippetCommand
                0x08006ff0       0xe0 BOS\BOS_CLI.o
                0x08006ff0                ParseSnippetCommand
 .text.__NVIC_SystemReset
                0x080070d0       0x24 BOS\BOS_CLIcommands.o
 .text.RegisterUserCLICommands
                0x080070f4        0xa BOS\BOS_CLIcommands.o
                0x080070f4                RegisterUserCLICommands
 *fill*         0x080070fe        0x2 
 .text.vRegisterCLICommands
                0x08007100      0x190 BOS\BOS_CLIcommands.o
                0x08007100                vRegisterCLICommands
 .text.prvTaskStatsCommand
                0x08007290       0x40 BOS\BOS_CLIcommands.o
 .text.prvRunTimeStatsCommand
                0x080072d0       0x40 BOS\BOS_CLIcommands.o
 .text.pingCommand
                0x08007310       0x9c BOS\BOS_CLIcommands.o
 .text.bootloaderUpdateCommand
                0x080073ac      0x200 BOS\BOS_CLIcommands.o
 .text.resetCommand
                0x080075ac       0x10 BOS\BOS_CLIcommands.o
 .text.nameCommand
                0x080075bc       0xe8 BOS\BOS_CLIcommands.o
 .text.groupCommand
                0x080076a4      0x2f4 BOS\BOS_CLIcommands.o
 .text.statusCommand
                0x08007998       0x1c BOS\BOS_CLIcommands.o
 .text.infoCommand
                0x080079b4       0xfc BOS\BOS_CLIcommands.o
 .text.addbuttonCommand
                0x08007ab0      0x110 BOS\BOS_CLIcommands.o
 .text.removebuttonCommand
                0x08007bc0       0x94 BOS\BOS_CLIcommands.o
 .text.setCommand
                0x08007c54      0xbb4 BOS\BOS_CLIcommands.o
 .text.getCommand
                0x08008808      0x39c BOS\BOS_CLIcommands.o
 .text.defaultCommand
                0x08008ba4       0xf4 BOS\BOS_CLIcommands.o
 .text.timeCommand
                0x08008c98       0xd8 BOS\BOS_CLIcommands.o
 .text.dateCommand
                0x08008d70       0x34 BOS\BOS_CLIcommands.o
 .text.setBaudrateCommand
                0x08008da4       0xc0 BOS\BOS_CLIcommands.o
 .text.uuidCommand
                0x08008e64       0x90 BOS\BOS_CLIcommands.o
 .text.idcodeCommand
                0x08008ef4       0x7c BOS\BOS_CLIcommands.o
 .text.flashsizeCommand
                0x08008f70       0x34 BOS\BOS_CLIcommands.o
 .text.snipCommand
                0x08008fa4      0x328 BOS\BOS_CLIcommands.o
 .text.actSnipCommand
                0x080092cc       0xb8 BOS\BOS_CLIcommands.o
 .text.pauseSnipCommand
                0x08009384       0xb8 BOS\BOS_CLIcommands.o
 .text.delSnipCommand
                0x0800943c      0x1d4 BOS\BOS_CLIcommands.o
 .text.bridgeCommand
                0x08009610      0x11c BOS\BOS_CLIcommands.o
 .text.unbridgeCommand
                0x0800972c      0x11c BOS\BOS_CLIcommands.o
 .text.testportCommand
                0x08009848      0x2d8 BOS\BOS_CLIcommands.o
 .text.ADCReadCommand
                0x08009b20      0x114 BOS\BOS_CLIcommands.o
 .text.ReadTempCommand
                0x08009c34       0x54 BOS\BOS_CLIcommands.o
 .text.ReadVrefCommand
                0x08009c88       0x54 BOS\BOS_CLIcommands.o
 .text.GetReadPercentageCommand
                0x08009cdc      0x108 BOS\BOS_CLIcommands.o
 .text.StartDMAstream
                0x08009de4       0xb0 BOS\BOS_dma.o
                0x08009de4                StartDMAstream
 .text.DMA_IRQHandler
                0x08009e94      0x118 BOS\BOS_dma.o
                0x08009e94                DMA_IRQHandler
 .text.ResetUartORE
                0x08009fac       0x48 BOS\BOS_dma.o
                0x08009fac                ResetUartORE
 .text.MX_FREERTOS_Init
                0x08009ff4      0x214 BOS\BOS_freertos.o
                0x08009ff4                MX_FREERTOS_Init
 .text.StartDefaultTask
                0x0800a208      0x108 BOS\BOS_freertos.o
                0x0800a208                StartDefaultTask
 .text.vMainConfigureTimerForRunTimeStats
                0x0800a310       0x2c BOS\BOS_freertos.o
                0x0800a310                vMainConfigureTimerForRunTimeStats
 .text.ulMainGetRunTimeCounterValue
                0x0800a33c       0x9c BOS\BOS_freertos.o
                0x0800a33c                ulMainGetRunTimeCounterValue
 .text.SetupDMAStreams
                0x0800a3d8      0x3c8 BOS\BOS_messaging.o
                0x0800a3d8                SetupDMAStreams
 .text.StreamTimerCallback
                0x0800a7a0       0xa4 BOS\BOS_messaging.o
                0x0800a7a0                StreamTimerCallback
 .text.ForwardReceivedMessage
                0x0800a844       0x84 BOS\BOS_messaging.o
                0x0800a844                ForwardReceivedMessage
 .text.BroadcastReceivedMessage
                0x0800a8c8       0x70 BOS\BOS_messaging.o
                0x0800a8c8                BroadcastReceivedMessage
 .text.NotifyMessagingTask
                0x0800a938       0x90 BOS\BOS_messaging.o
                0x0800a938                NotifyMessagingTask
 .text.BroadcastMessage
                0x0800a9c8       0x94 BOS\BOS_messaging.o
                0x0800a9c8                BroadcastMessage
 .text.SendMessageToModule
                0x0800aa5c       0xa0 BOS\BOS_messaging.o
                0x0800aa5c                SendMessageToModule
 .text.SendLargeMessageToModule
                0x0800aafc      0x104 BOS\BOS_messaging.o
                0x0800aafc                SendLargeMessageToModule
 .text.SendMessageFromPort
                0x0800ac00      0x4e8 BOS\BOS_messaging.o
                0x0800ac00                SendMessageFromPort
 .text.StartScastDMAStream
                0x0800b0e8      0x314 BOS\BOS_messaging.o
                0x0800b0e8                StartScastDMAStream
 .text.__NVIC_SystemReset
                0x0800b3fc       0x24 BOS\BOS_msgparser.o
 .text.BackEndTask
                0x0800b420      0xbc0 BOS\BOS_msgparser.o
                0x0800b420                BackEndTask
 .text.PxMessagingTask
                0x0800bfe0      0x6e4 BOS\BOS_msgparser.o
                0x0800bfe0                PxMessagingTask
 .text.User_MessagingParser
                0x0800c6c4       0x3a BOS\BOS_msgparser.o
                0x0800c6c4                User_MessagingParser
 *fill*         0x0800c6fe        0x2 
 .text.HandlePingCode
                0x0800c700       0x74 BOS\BOS_msgparser.o
 .text.HandlePingResponseCode
                0x0800c774       0xd4 BOS\BOS_msgparser.o
 .text.HandleHiCode
                0x0800c848      0x110 BOS\BOS_msgparser.o
 .text.HandleHiResponseCode
                0x0800c958       0xc8 BOS\BOS_msgparser.o
 .text.HandleEthernetDefaultValuesCode
                0x0800ca20      0x3e8 BOS\BOS_msgparser.o
 .text.HandlePortDirectionCode
                0x0800ce08       0xcc BOS\BOS_msgparser.o
 .text.HandleModuleIDCode
                0x0800ced4       0xec BOS\BOS_msgparser.o
 .text.HandleTopologyCode
                0x0800cfc0      0x12c BOS\BOS_msgparser.o
 .text.HandleReadPortDirectionResponseCode
                0x0800d0ec       0xd0 BOS\BOS_msgparser.o
 .text.HandleBaudRateCode
                0x0800d1bc      0x190 BOS\BOS_msgparser.o
 .text.HandleExploreEEPROMCode
                0x0800d34c       0x4c BOS\BOS_msgparser.o
 .text.HandleDefArrayCode
                0x0800d398       0x4c BOS\BOS_msgparser.o
 .text.HandleCLICommandCode
                0x0800d3e4      0x1a8 BOS\BOS_msgparser.o
 .text.HandleCLIResponseCode
                0x0800d58c      0x114 BOS\BOS_msgparser.o
 .text.HandleUpdateCode
                0x0800d6a0       0x48 BOS\BOS_msgparser.o
 .text.HandleUpdateViaPortCode
                0x0800d6e8       0x94 BOS\BOS_msgparser.o
 .text.HandleDMAChannelCode
                0x0800d77c      0x544 BOS\BOS_msgparser.o
 .text.HandleDMASingleCastStreamCode
                0x0800dcc0      0x14c BOS\BOS_msgparser.o
 .text.HandleReadRemoteCode
                0x0800de0c      0x4b4 BOS\BOS_msgparser.o
 .text.HandleReadRemoteResponseCode
                0x0800e2c0      0x35c BOS\BOS_msgparser.o
 .text.HandleWriteRemoteCode
                0x0800e61c      0x96c BOS\BOS_msgparser.o
 .text.HandleWriteRemoteResponseCode
                0x0800ef88       0x58 BOS\BOS_msgparser.o
 .text.HandlePortForwardCode
                0x0800efe0       0xa8 BOS\BOS_msgparser.o
 .text.HandleReadADCVauleCode
                0x0800f088       0xcc BOS\BOS_msgparser.o
 .text.HandleReadTempAndVrefCode
                0x0800f154       0x48 BOS\BOS_msgparser.o
 .text.HandleAckAcceptedCode
                0x0800f19c       0x3c BOS\BOS_msgparser.o
 .text.HandleRejectedCode
                0x0800f1d8       0x3c BOS\BOS_msgparser.o
 .text.HandleReadResponseCode
                0x0800f214      0x5c4 BOS\BOS_msgparser.o
 .text.HandleStopModeUartxCode
                0x0800f7d8       0x74 BOS\BOS_msgparser.o
 .text.HandleEnStandbyModeWakeupPinxCode
                0x0800f84c       0x74 BOS\BOS_msgparser.o
 .text.HandleRawDataCode
                0x0800f8c0       0xe4 BOS\BOS_msgparser.o
 .text.HandleDefaultCode
                0x0800f9a4       0xac BOS\BOS_msgparser.o
 .text.SystemClock_Config
                0x0800fa50       0xb4 P01R0\P01R0.o
                0x0800fa50                SystemClock_Config
 .text.EnableStopModebyUARTx
                0x0800fb04       0xb8 P01R0\P01R0.o
                0x0800fb04                EnableStopModebyUARTx
 .text.EnableStandbyModebyWakeupPinx
                0x0800fbbc       0x64 P01R0\P01R0.o
                0x0800fbbc                EnableStandbyModebyWakeupPinx
 .text.DisableStandbyModeWakeupPinx
                0x0800fc20       0x9c P01R0\P01R0.o
                0x0800fc20                DisableStandbyModeWakeupPinx
 .text.SaveTopologyToRO
                0x0800fcbc      0x1bc P01R0\P01R0.o
                0x0800fcbc                SaveTopologyToRO
 .text.SaveSnippetsToRO
                0x0800fe78      0x1f4 P01R0\P01R0.o
                0x0800fe78                SaveSnippetsToRO
 .text.RemoteBootloaderUpdate
                0x0801006c      0x178 P01R0\P01R0.o
                0x0801006c                RemoteBootloaderUpdate
 .text.SetupPortForRemoteBootloaderUpdate
                0x080101e4       0x52 P01R0\P01R0.o
                0x080101e4                SetupPortForRemoteBootloaderUpdate
 *fill*         0x08010236        0x2 
 .text.Module_Peripheral_Init
                0x08010238      0x194 P01R0\P01R0.o
                0x08010238                Module_Peripheral_Init
 .text.Module_MessagingTask
                0x080103cc       0x46 P01R0\P01R0.o
                0x080103cc                Module_MessagingTask
 *fill*         0x08010412        0x2 
 .text.GetPort  0x08010414       0x6c P01R0\P01R0.o
                0x08010414                GetPort
 .text.RegisterModuleCLICommands
                0x08010480       0x84 P01R0\P01R0.o
                0x08010480                RegisterModuleCLICommands
 .text.GetModuleParameter
                0x08010504       0x2a P01R0\P01R0.o
                0x08010504                GetModuleParameter
 *fill*         0x0801052e        0x2 
 .text.RGBledTask
                0x08010530       0xb4 P01R0\P01R0.o
                0x08010530                RGBledTask
 .text.startPWM
                0x080105e4      0x1b0 P01R0\P01R0.o
                0x080105e4                startPWM
 .text.RGBpulse
                0x08010794       0xd8 P01R0\P01R0.o
                0x08010794                RGBpulse
 .text.RGBsweepBasic
                0x0801086c       0xd0 P01R0\P01R0.o
                0x0801086c                RGBsweepBasic
 .text.RGBsweepFine
                0x0801093c      0x248 P01R0\P01R0.o
                0x0801093c                RGBsweepFine
 .text.RGBdim   0x08010b84      0x478 P01R0\P01R0.o
                0x08010b84                RGBdim
 .text.LedOn    0x08010ffc       0x8c P01R0\P01R0.o
                0x08010ffc                LedOn
 .text.LedOff   0x08011088       0x64 P01R0\P01R0.o
                0x08011088                LedOff
 .text.LedToggle
                0x080110ec       0x4c P01R0\P01R0.o
                0x080110ec                LedToggle
 .text.SetRGB   0x08011138       0x64 P01R0\P01R0.o
                0x08011138                SetRGB
 .text.SetColor
                0x0801119c      0x118 P01R0\P01R0.o
                0x0801119c                SetColor
 .text.SetPulseRGB
                0x080112b4       0x84 P01R0\P01R0.o
                0x080112b4                SetPulseRGB
 .text.SetPulseColor
                0x08011338       0x60 P01R0\P01R0.o
                0x08011338                SetPulseColor
 .text.LedSweep
                0x08011398       0x60 P01R0\P01R0.o
                0x08011398                LedSweep
 .text.LedDim   0x080113f8       0x7c P01R0\P01R0.o
                0x080113f8                LedDim
 .text.demoCommand
                0x08011474       0xec P01R0\P01R0.o
                0x08011474                demoCommand
 .text.onCommand
                0x08011560       0x98 P01R0\P01R0.o
                0x08011560                onCommand
 .text.offCommand
                0x080115f8       0x2c P01R0\P01R0.o
                0x080115f8                offCommand
 .text.colorCommand
                0x08011624      0x208 P01R0\P01R0.o
                0x08011624                colorCommand
 .text.RGBCommand
                0x0801182c      0x184 P01R0\P01R0.o
                0x0801182c                RGBCommand
 .text.toggleCommand
                0x080119b0       0xcc P01R0\P01R0.o
                0x080119b0                toggleCommand
 .text.pulseColorCommand
                0x08011a7c      0x268 P01R0\P01R0.o
                0x08011a7c                pulseColorCommand
 .text.pulseRGBCommand
                0x08011ce4      0x1fc P01R0\P01R0.o
                0x08011ce4                pulseRGBCommand
 .text.sweepCommand
                0x08011ee0      0x170 P01R0\P01R0.o
                0x08011ee0                sweepCommand
 .text.dimCommand
                0x08012050      0x3c0 P01R0\P01R0.o
                0x08012050                dimCommand
 .text.DMA_Init
                0x08012410       0x74 P01R0\P01R0_dma.o
                0x08012410                DMA_Init
 .text.SetupMessagingRxDMAs
                0x08012484       0xf4 P01R0\P01R0_dma.o
                0x08012484                SetupMessagingRxDMAs
 .text.DMA_MSG_RX_Setup
                0x08012578       0x68 P01R0\P01R0_dma.o
                0x08012578                DMA_MSG_RX_Setup
 .text.DMA_STREAM_Setup
                0x080125e0      0x110 P01R0\P01R0_dma.o
                0x080125e0                DMA_STREAM_Setup
 .text.StopDMA  0x080126f0       0x98 P01R0\P01R0_dma.o
                0x080126f0                StopDMA
 .text.SwitchMsgDMAToStream
                0x08012788       0x52 P01R0\P01R0_dma.o
                0x08012788                SwitchMsgDMAToStream
 *fill*         0x080127da        0x2 
 .text.SwitchStreamDMAToMsg
                0x080127dc       0xc8 P01R0\P01R0_dma.o
                0x080127dc                SwitchStreamDMAToMsg
 .text.CRC_Init
                0x080128a4       0x44 P01R0\P01R0_dma.o
                0x080128a4                CRC_Init
 .text.HAL_CRC_MspInit
                0x080128e8       0x30 P01R0\P01R0_dma.o
                0x080128e8                HAL_CRC_MspInit
 .text.CalculateCRC8
                0x08012918      0x154 P01R0\P01R0_dma.o
                0x08012918                CalculateCRC8
 .text.__NVIC_SystemReset
                0x08012a6c       0x24 P01R0\P01R0_eeprom.o
 .text.EE_Init  0x08012a90       0x56 P01R0\P01R0_eeprom.o
                0x08012a90                EE_Init
 .text.EE_ReadVariable
                0x08012ae6       0x42 P01R0\P01R0_eeprom.o
                0x08012ae6                EE_ReadVariable
 .text.EE_WriteVariable
                0x08012b28       0x72 P01R0\P01R0_eeprom.o
                0x08012b28                EE_WriteVariable
 .text.EE_Format
                0x08012b9a       0x3a P01R0\P01R0_eeprom.o
                0x08012b9a                EE_Format
 .text.EE_FormatForFactoryReset
                0x08012bd4       0x2c P01R0\P01R0_eeprom.o
                0x08012bd4                EE_FormatForFactoryReset
 .text.GPIO_Init
                0x08012c00       0x90 P01R0\P01R0_gpio.o
                0x08012c00                GPIO_Init
 .text.IND_LED_Init
                0x08012c90       0x38 P01R0\P01R0_gpio.o
                0x08012c90                IND_LED_Init
 .text.IsFactoryReset
                0x08012cc8      0x15c P01R0\P01R0_gpio.o
                0x08012cc8                IsFactoryReset
 .text.GetPortGPIOs
                0x08012e24      0x11c P01R0\P01R0_gpio.o
                0x08012e24                GetPortGPIOs
 .text.MX_ADC_Init
                0x08012f40       0x88 P01R0\P01R0_inputs.o
                0x08012f40                MX_ADC_Init
 .text.HAL_ADC_MspInit
                0x08012fc8       0xac P01R0\P01R0_inputs.o
                0x08012fc8                HAL_ADC_MspInit
 .text.Error_Handler
                0x08013074       0x10 P01R0\P01R0_inputs.o
                0x08013074                Error_Handler
 .text.GetChannel
                0x08013084       0x88 P01R0\P01R0_inputs.o
                0x08013084                GetChannel
 .text.GetRank  0x0801310c       0x80 P01R0\P01R0_inputs.o
                0x0801310c                GetRank
 .text.CheckAttachedButtons
                0x0801318c      0x504 P01R0\P01R0_inputs.o
                0x0801318c                CheckAttachedButtons
 .text.AddPortButton
                0x08013690      0x270 P01R0\P01R0_inputs.o
                0x08013690                AddPortButton
 .text.RemovePortButton
                0x08013900      0x194 P01R0\P01R0_inputs.o
                0x08013900                RemovePortButton
 .text.SetButtonEvents
                0x08013a94      0x1b8 P01R0\P01R0_inputs.o
                0x08013a94                SetButtonEvents
 .text.ADCSelectPort
                0x08013c4c       0x98 P01R0\P01R0_inputs.o
                0x08013c4c                ADCSelectPort
 .text.ReadADCChannel
                0x08013ce4      0x1a0 P01R0\P01R0_inputs.o
                0x08013ce4                ReadADCChannel
 .text.ReadTempAndVref
                0x08013e84      0x1dc P01R0\P01R0_inputs.o
                0x08013e84                ReadTempAndVref
 .text.GetReadPercentage
                0x08014060       0x6c P01R0\P01R0_inputs.o
                0x08014060                GetReadPercentage
 .text.buttonReleasedCallback
                0x080140cc       0x14 P01R0\P01R0_inputs.o
                0x080140cc                buttonReleasedCallback
 .text.buttonClickedCallback
                0x080140e0       0x14 P01R0\P01R0_inputs.o
                0x080140e0                buttonClickedCallback
 .text.buttonDblClickedCallback
                0x080140f4       0x14 P01R0\P01R0_inputs.o
                0x080140f4                buttonDblClickedCallback
 .text.__NVIC_SystemReset
                0x08014108       0x24 P01R0\P01R0_it.o
 .text.SysTick_Handler
                0x0801412c       0x12 P01R0\P01R0_it.o
                0x0801412c                SysTick_Handler
 *fill*         0x0801413e        0x2 
 .text.HardFault_Handler
                0x08014140       0x40 P01R0\P01R0_it.o
                0x08014140                HardFault_Handler
 .text.HAL_UARTEx_RxEventCallback
                0x08014180       0x74 P01R0\P01R0_it.o
                0x08014180                HAL_UARTEx_RxEventCallback
 .text.USART1_IRQHandler
                0x080141f4       0xac P01R0\P01R0_it.o
                0x080141f4                USART1_IRQHandler
 .text.USART2_LPUART2_IRQHandler
                0x080142a0       0xac P01R0\P01R0_it.o
                0x080142a0                USART2_LPUART2_IRQHandler
 .text.USART3_4_5_6_LPUART1_IRQHandler
                0x0801434c      0x1bc P01R0\P01R0_it.o
                0x0801434c                USART3_4_5_6_LPUART1_IRQHandler
 .text.DMA1_Channel1_IRQHandler
                0x08014508       0x20 P01R0\P01R0_it.o
                0x08014508                DMA1_Channel1_IRQHandler
 .text.DMA1_Channel2_3_IRQHandler
                0x08014528       0x54 P01R0\P01R0_it.o
                0x08014528                DMA1_Channel2_3_IRQHandler
 .text.DMA1_Ch4_7_DMA2_Ch1_5_DMAMUX1_OVR_IRQHandler
                0x0801457c       0x5c P01R0\P01R0_it.o
                0x0801457c                DMA1_Ch4_7_DMA2_Ch1_5_DMAMUX1_OVR_IRQHandler
 .text.HAL_UART_TxCpltCallback
                0x080145d8       0x48 P01R0\P01R0_it.o
                0x080145d8                HAL_UART_TxCpltCallback
 .text.HAL_UART_ErrorCallback
                0x08014620       0xd4 P01R0\P01R0_it.o
                0x08014620                HAL_UART_ErrorCallback
 .text.HAL_UART_RxCpltCallback
                0x080146f4       0x10 P01R0\P01R0_it.o
                0x080146f4                HAL_UART_RxCpltCallback
 .text.HAL_UARTEx_WakeupCallback
                0x08014704       0x5c P01R0\P01R0_it.o
                0x08014704                HAL_UARTEx_WakeupCallback
 .text.vApplicationStackOverflowHook
                0x08014760       0x44 P01R0\P01R0_it.o
                0x08014760                vApplicationStackOverflowHook
 .text.vApplicationMallocFailedHook
                0x080147a4       0x40 P01R0\P01R0_it.o
                0x080147a4                vApplicationMallocFailedHook
 .text.RTC_Init
                0x080147e4       0xd8 P01R0\P01R0_rtc.o
                0x080147e4                RTC_Init
 .text.RTC_CalendarConfig
                0x080148bc      0x18c P01R0\P01R0_rtc.o
                0x080148bc                RTC_CalendarConfig
 .text.BOS_CalendarConfig
                0x08014a48      0x194 P01R0\P01R0_rtc.o
                0x08014a48                BOS_CalendarConfig
 .text.GetTimeDate
                0x08014bdc       0x90 P01R0\P01R0_rtc.o
                0x08014bdc                GetTimeDate
 .text.HAL_RTC_MspInit
                0x08014c6c       0x74 P01R0\P01R0_rtc.o
                0x08014c6c                HAL_RTC_MspInit
 .text.HAL_RTC_MspDeInit
                0x08014ce0       0x44 P01R0\P01R0_rtc.o
                0x08014ce0                HAL_RTC_MspDeInit
 .text.MX_TIM2_Init
                0x08014d24      0x118 P01R0\P01R0_timers.o
                0x08014d24                MX_TIM2_Init
 .text.MX_TIM3_Init
                0x08014e3c      0x128 P01R0\P01R0_timers.o
                0x08014e3c                MX_TIM3_Init
 .text.MX_TIM4_Init
                0x08014f64      0x128 P01R0\P01R0_timers.o
                0x08014f64                MX_TIM4_Init
 .text.HAL_TIM_MspPostInit
                0x0801508c      0x128 P01R0\P01R0_timers.o
                0x0801508c                HAL_TIM_MspPostInit
 .text.TIM_USEC_Init
                0x080151b4       0x74 P01R0\P01R0_timers.o
                0x080151b4                TIM_USEC_Init
 .text.TIM_MSEC_Init
                0x08015228       0x78 P01R0\P01R0_timers.o
                0x08015228                TIM_MSEC_Init
 .text.StartMicroDelay
                0x080152a0       0x48 P01R0\P01R0_timers.o
                0x080152a0                StartMicroDelay
 .text.StartMilliDelay
                0x080152e8       0x48 P01R0\P01R0_timers.o
                0x080152e8                StartMilliDelay
 .text.MX_USART1_UART_Init
                0x08015330       0x90 P01R0\P01R0_uart.o
                0x08015330                MX_USART1_UART_Init
 .text.MX_USART2_UART_Init
                0x080153c0       0x90 P01R0\P01R0_uart.o
                0x080153c0                MX_USART2_UART_Init
 .text.MX_USART3_UART_Init
                0x08015450       0x90 P01R0\P01R0_uart.o
                0x08015450                MX_USART3_UART_Init
 .text.MX_USART5_UART_Init
                0x080154e0       0x74 P01R0\P01R0_uart.o
                0x080154e0                MX_USART5_UART_Init
 .text.MX_USART6_UART_Init
                0x08015554       0x74 P01R0\P01R0_uart.o
                0x08015554                MX_USART6_UART_Init
 .text.HAL_UART_MspInit
                0x080155c8      0x530 P01R0\P01R0_uart.o
                0x080155c8                HAL_UART_MspInit
 .text.writePxMutex
                0x08015af8       0xac P01R0\P01R0_uart.o
                0x08015af8                writePxMutex
 .text.writePxITMutex
                0x08015ba4       0x80 P01R0\P01R0_uart.o
                0x08015ba4                writePxITMutex
 .text.UpdateBaudrate
                0x08015c24       0x3e P01R0\P01R0_uart.o
                0x08015c24                UpdateBaudrate
 *fill*         0x08015c62        0x2 
 .text.GetUart  0x08015c64       0x54 P01R0\P01R0_uart.o
                0x08015c64                GetUart
 .text.SwapUartPins
                0x08015cb8      0x118 P01R0\P01R0_uart.o
                0x08015cb8                SwapUartPins
 .text.ReadPortsDir
                0x08015dd0       0xa8 P01R0\P01R0_uart.o
                0x08015dd0                ReadPortsDir
 .text.ReadPortsDirMSG
                0x08015e78       0x80 P01R0\P01R0_uart.o
                0x08015e78                ReadPortsDirMSG
 .text.Reset_Handler
                0x08015ef8       0x90 P01R0\startup_stm32g0b1ceuxn.o
                0x08015ef8                Reset_Handler
 .text.Default_Handler
                0x08015f88        0x2 P01R0\startup_stm32g0b1ceuxn.o
                0x08015f88                I2C2_3_IRQHandler
                0x08015f88                TIM1_CC_IRQHandler
                0x08015f88                ADC1_COMP_IRQHandler
                0x08015f88                NMI_Handler
                0x08015f88                I2C1_IRQHandler
                0x08015f88                TIM7_LPTIM2_IRQHandler
                0x08015f88                TIM17_FDCAN_IT1_IRQHandler
                0x08015f88                RCC_CRS_IRQHandler
                0x08015f88                RTC_TAMP_IRQHandler
                0x08015f88                SPI1_IRQHandler
                0x08015f88                USB_UCPD1_2_IRQHandler
                0x08015f88                EXTI2_3_IRQHandler
                0x08015f88                PVD_VDDIO2_IRQHandler
                0x08015f88                EXTI4_15_IRQHandler
                0x08015f88                Default_Handler
                0x08015f88                CEC_IRQHandler
                0x08015f88                TIM14_IRQHandler
                0x08015f88                TIM15_IRQHandler
                0x08015f88                TIM3_TIM4_IRQHandler
                0x08015f88                EXTI0_1_IRQHandler
                0x08015f88                SPI2_3_IRQHandler
                0x08015f88                TIM6_DAC_LPTIM1_IRQHandler
                0x08015f88                WWDG_IRQHandler
                0x08015f88                TIM2_IRQHandler
                0x08015f88                FLASH_IRQHandler
                0x08015f88                TIM16_FDCAN_IT0_IRQHandler
                0x08015f88                TIM1_BRK_UP_TRG_COM_IRQHandler
 .text.SystemInit
                0x08015f8a        0xa Thirdparty\CMSIS\STM32G0xx\Device\ST\STM32G0xx\Source\Templates\system_stm32g0xx.o
                0x08015f8a                SystemInit
 .text.LL_CRC_ResetCRCCalculationUnit
                0x08015f94       0x1c Thirdparty\EEPROM_Emul\Core\eeprom_emul.o
 .text.LL_CRC_SetPolynomialSize
                0x08015fb0       0x24 Thirdparty\EEPROM_Emul\Core\eeprom_emul.o
 .text.LL_CRC_SetPolynomialCoef
                0x08015fd4       0x18 Thirdparty\EEPROM_Emul\Core\eeprom_emul.o
 .text.LL_CRC_FeedData32
                0x08015fec       0x18 Thirdparty\EEPROM_Emul\Core\eeprom_emul.o
 .text.LL_CRC_FeedData16
                0x08016004       0x22 Thirdparty\EEPROM_Emul\Core\eeprom_emul.o
 .text.LL_CRC_ReadData16
                0x08016026       0x16 Thirdparty\EEPROM_Emul\Core\eeprom_emul.o
 .text.LL_AHB1_GRP1_EnableClock
                0x0801603c       0x2c Thirdparty\EEPROM_Emul\Core\eeprom_emul.o
 .text.EEPROM_Init
                0x08016068     0x1874 Thirdparty\EEPROM_Emul\Core\eeprom_emul.o
                0x08016068                EEPROM_Init
 .text.EEPROM_Format
                0x080178dc      0x2a8 Thirdparty\EEPROM_Emul\Core\eeprom_emul.o
                0x080178dc                EEPROM_Format
 .text.EE_ReadVariable16bits
                0x08017b84       0x60 Thirdparty\EEPROM_Emul\Core\eeprom_emul.o
                0x08017b84                EE_ReadVariable16bits
 .text.EE_WriteVariable16bits
                0x08017be4       0x48 Thirdparty\EEPROM_Emul\Core\eeprom_emul.o
                0x08017be4                EE_WriteVariable16bits
 .text.EE_CleanUp
                0x08017c2c      0x2a4 Thirdparty\EEPROM_Emul\Core\eeprom_emul.o
                0x08017c2c                EE_CleanUp
 .text.ReadVariable
                0x08017ed0      0x340 Thirdparty\EEPROM_Emul\Core\eeprom_emul.o
 .text.WriteVariable
                0x08018210       0x52 Thirdparty\EEPROM_Emul\Core\eeprom_emul.o
 .text.VerifyPageFullyErased
                0x08018262       0x4e Thirdparty\EEPROM_Emul\Core\eeprom_emul.o
 .text.FindPage
                0x080182b0      0x444 Thirdparty\EEPROM_Emul\Core\eeprom_emul.o
 .text.PagesTransfer
                0x080186f4      0x8ec Thirdparty\EEPROM_Emul\Core\eeprom_emul.o
 .text.VerifyPagesFullWriteVariable
                0x08018fe0      0x1ac Thirdparty\EEPROM_Emul\Core\eeprom_emul.o
 .text.SetPageState
                0x0801918c      0x364 Thirdparty\EEPROM_Emul\Core\eeprom_emul.o
 .text.GetPageState
                0x080194f0       0xa0 Thirdparty\EEPROM_Emul\Core\eeprom_emul.o
 .text.ConfigureCrc
                0x08019590       0x34 Thirdparty\EEPROM_Emul\Core\eeprom_emul.o
                0x08019590                ConfigureCrc
 .text.CalculateCrc
                0x080195c4       0x48 Thirdparty\EEPROM_Emul\Core\eeprom_emul.o
                0x080195c4                CalculateCrc
 .text.FI_WriteDoubleWord
                0x0801960c       0x22 Thirdparty\EEPROM_Emul\Porting\STM32G0\flash_interface.o
                0x0801960c                FI_WriteDoubleWord
 *fill*         0x0801962e        0x2 
 .text.FI_PageErase
                0x08019630      0x120 Thirdparty\EEPROM_Emul\Porting\STM32G0\flash_interface.o
                0x08019630                FI_PageErase
 .text.FI_CacheFlush
                0x08019750        0xa Thirdparty\EEPROM_Emul\Porting\STM32G0\flash_interface.o
                0x08019750                FI_CacheFlush
 *fill*         0x0801975a        0x2 
 .text.GetBankNumber
                0x0801975c       0x90 Thirdparty\EEPROM_Emul\Porting\STM32G0\flash_interface.o
 .text.FI_CheckBankConfig
                0x080197ec       0x18 Thirdparty\EEPROM_Emul\Porting\STM32G0\flash_interface.o
                0x080197ec                FI_CheckBankConfig
 .text.inHandlerMode
                0x08019804       0x1c Thirdparty\Middleware\STM32G0xx\FreeRTOS\Source\CMSIS_RTOS\cmsis_os.o
 .text.osKernelStart
                0x08019820       0x10 Thirdparty\Middleware\STM32G0xx\FreeRTOS\Source\CMSIS_RTOS\cmsis_os.o
                0x08019820                osKernelStart
 .text.osDelay  0x08019830       0x28 Thirdparty\Middleware\STM32G0xx\FreeRTOS\Source\CMSIS_RTOS\cmsis_os.o
                0x08019830                osDelay
 .text.osSemaphoreCreate
                0x08019858       0x4a Thirdparty\Middleware\STM32G0xx\FreeRTOS\Source\CMSIS_RTOS\cmsis_os.o
                0x08019858                osSemaphoreCreate
 *fill*         0x080198a2        0x2 
 .text.osSemaphoreWait
                0x080198a4       0x94 Thirdparty\Middleware\STM32G0xx\FreeRTOS\Source\CMSIS_RTOS\cmsis_os.o
                0x080198a4                osSemaphoreWait
 .text.osSemaphoreRelease
                0x08019938       0x64 Thirdparty\Middleware\STM32G0xx\FreeRTOS\Source\CMSIS_RTOS\cmsis_os.o
                0x08019938                osSemaphoreRelease
 .text.osSystickHandler
                0x0801999c       0x18 Thirdparty\Middleware\STM32G0xx\FreeRTOS\Source\CMSIS_RTOS\cmsis_os.o
                0x0801999c                osSystickHandler
 .text.FreeRTOS_CLIRegisterCommand
                0x080199b4       0x50 Thirdparty\Middleware\STM32G0xx\FreeRTOS\Source\FreeRTOS_CLI.o
                0x080199b4                FreeRTOS_CLIRegisterCommand
 .text.FreeRTOS_CLIProcessCommand
                0x08019a04      0x11c Thirdparty\Middleware\STM32G0xx\FreeRTOS\Source\FreeRTOS_CLI.o
                0x08019a04                FreeRTOS_CLIProcessCommand
 .text.FreeRTOS_CLIGetOutputBuffer
                0x08019b20       0x10 Thirdparty\Middleware\STM32G0xx\FreeRTOS\Source\FreeRTOS_CLI.o
                0x08019b20                FreeRTOS_CLIGetOutputBuffer
 .text.FreeRTOS_CLIGetParameter
                0x08019b30       0xbc Thirdparty\Middleware\STM32G0xx\FreeRTOS\Source\FreeRTOS_CLI.o
                0x08019b30                FreeRTOS_CLIGetParameter
 .text.prvHelpCommand
                0x08019bec      0x154 Thirdparty\Middleware\STM32G0xx\FreeRTOS\Source\FreeRTOS_CLI.o
 .text.prvGetNumberOfParameters
                0x08019d40       0x7a Thirdparty\Middleware\STM32G0xx\FreeRTOS\Source\FreeRTOS_CLI.o
 .text.vListInitialise
                0x08019dba       0x3c Thirdparty\Middleware\STM32G0xx\FreeRTOS\Source\list.o
                0x08019dba                vListInitialise
 .text.vListInitialiseItem
                0x08019df6       0x16 Thirdparty\Middleware\STM32G0xx\FreeRTOS\Source\list.o
                0x08019df6                vListInitialiseItem
 .text.vListInsertEnd
                0x08019e0c       0x44 Thirdparty\Middleware\STM32G0xx\FreeRTOS\Source\list.o
                0x08019e0c                vListInsertEnd
 .text.vListInsert
                0x08019e50       0x6c Thirdparty\Middleware\STM32G0xx\FreeRTOS\Source\list.o
                0x08019e50                vListInsert
 .text.uxListRemove
                0x08019ebc       0x50 Thirdparty\Middleware\STM32G0xx\FreeRTOS\Source\list.o
                0x08019ebc                uxListRemove
 .text.pxPortInitialiseStack
                0x08019f0c       0x54 Thirdparty\Middleware\STM32G0xx\FreeRTOS\Source\portable\GCC\ARM_CM0\port.o
                0x08019f0c                pxPortInitialiseStack
 .text.prvTaskExitError
                0x08019f60       0x1e Thirdparty\Middleware\STM32G0xx\FreeRTOS\Source\portable\GCC\ARM_CM0\port.o
 .text.SVC_Handler
                0x08019f7e        0xa Thirdparty\Middleware\STM32G0xx\FreeRTOS\Source\portable\GCC\ARM_CM0\port.o
                0x08019f7e                SVC_Handler
 *fill*         0x08019f88        0x8 
 .text.vPortStartFirstTask
                0x08019f90       0x38 Thirdparty\Middleware\STM32G0xx\FreeRTOS\Source\portable\GCC\ARM_CM0\port.o
 .text.xPortStartScheduler
                0x08019fc8       0x48 Thirdparty\Middleware\STM32G0xx\FreeRTOS\Source\portable\GCC\ARM_CM0\port.o
                0x08019fc8                xPortStartScheduler
 .text.vPortYield
                0x0801a010       0x20 Thirdparty\Middleware\STM32G0xx\FreeRTOS\Source\portable\GCC\ARM_CM0\port.o
                0x0801a010                vPortYield
 .text.vPortEnterCritical
                0x0801a030       0x24 Thirdparty\Middleware\STM32G0xx\FreeRTOS\Source\portable\GCC\ARM_CM0\port.o
                0x0801a030                vPortEnterCritical
 .text.vPortExitCritical
                0x0801a054       0x24 Thirdparty\Middleware\STM32G0xx\FreeRTOS\Source\portable\GCC\ARM_CM0\port.o
                0x0801a054                vPortExitCritical
 .text.ulSetInterruptMaskFromISR
                0x0801a078        0xc Thirdparty\Middleware\STM32G0xx\FreeRTOS\Source\portable\GCC\ARM_CM0\port.o
                0x0801a078                ulSetInterruptMaskFromISR
 .text.vClearInterruptMaskFromISR
                0x0801a084        0x8 Thirdparty\Middleware\STM32G0xx\FreeRTOS\Source\portable\GCC\ARM_CM0\port.o
                0x0801a084                vClearInterruptMaskFromISR
 *fill*         0x0801a08c        0x4 
 .text.PendSV_Handler
                0x0801a090       0x48 Thirdparty\Middleware\STM32G0xx\FreeRTOS\Source\portable\GCC\ARM_CM0\port.o
                0x0801a090                PendSV_Handler
 .text.xPortSysTickHandler
                0x0801a0d8       0x34 Thirdparty\Middleware\STM32G0xx\FreeRTOS\Source\portable\GCC\ARM_CM0\port.o
                0x0801a0d8                xPortSysTickHandler
 .text.vPortSetupTimerInterrupt
                0x0801a10c       0x44 Thirdparty\Middleware\STM32G0xx\FreeRTOS\Source\portable\GCC\ARM_CM0\port.o
                0x0801a10c                vPortSetupTimerInterrupt
 .text.pvPortMalloc
                0x0801a150      0x140 Thirdparty\Middleware\STM32G0xx\FreeRTOS\Source\portable\MemMang\heap_4.o
                0x0801a150                pvPortMalloc
 .text.vPortFree
                0x0801a290       0x80 Thirdparty\Middleware\STM32G0xx\FreeRTOS\Source\portable\MemMang\heap_4.o
                0x0801a290                vPortFree
 .text.prvHeapInit
                0x0801a310       0xc0 Thirdparty\Middleware\STM32G0xx\FreeRTOS\Source\portable\MemMang\heap_4.o
 .text.prvInsertBlockIntoFreeList
                0x0801a3d0       0xb0 Thirdparty\Middleware\STM32G0xx\FreeRTOS\Source\portable\MemMang\heap_4.o
 .text.xQueueGenericReset
                0x0801a480       0x9e Thirdparty\Middleware\STM32G0xx\FreeRTOS\Source\queue.o
                0x0801a480                xQueueGenericReset
 .text.xQueueGenericCreate
                0x0801a51e       0x52 Thirdparty\Middleware\STM32G0xx\FreeRTOS\Source\queue.o
                0x0801a51e                xQueueGenericCreate
 .text.prvInitialiseNewQueue
                0x0801a570       0x4e Thirdparty\Middleware\STM32G0xx\FreeRTOS\Source\queue.o
 .text.xQueueCreateCountingSemaphore
                0x0801a5be       0x30 Thirdparty\Middleware\STM32G0xx\FreeRTOS\Source\queue.o
                0x0801a5be                xQueueCreateCountingSemaphore
 .text.xQueueGenericSend
                0x0801a5ee      0x12a Thirdparty\Middleware\STM32G0xx\FreeRTOS\Source\queue.o
                0x0801a5ee                xQueueGenericSend
 .text.xQueueGenericSendFromISR
                0x0801a718       0xa6 Thirdparty\Middleware\STM32G0xx\FreeRTOS\Source\queue.o
                0x0801a718                xQueueGenericSendFromISR
 .text.xQueueGiveFromISR
                0x0801a7be       0x96 Thirdparty\Middleware\STM32G0xx\FreeRTOS\Source\queue.o
                0x0801a7be                xQueueGiveFromISR
 .text.xQueueReceive
                0x0801a854      0x128 Thirdparty\Middleware\STM32G0xx\FreeRTOS\Source\queue.o
                0x0801a854                xQueueReceive
 .text.xQueueSemaphoreTake
                0x0801a97c      0x178 Thirdparty\Middleware\STM32G0xx\FreeRTOS\Source\queue.o
                0x0801a97c                xQueueSemaphoreTake
 .text.xQueueReceiveFromISR
                0x0801aaf4       0xa0 Thirdparty\Middleware\STM32G0xx\FreeRTOS\Source\queue.o
                0x0801aaf4                xQueueReceiveFromISR
 .text.prvGetDisinheritPriorityAfterTimeout
                0x0801ab94       0x2c Thirdparty\Middleware\STM32G0xx\FreeRTOS\Source\queue.o
 .text.prvCopyDataToQueue
                0x0801abc0       0xd6 Thirdparty\Middleware\STM32G0xx\FreeRTOS\Source\queue.o
 .text.prvCopyDataFromQueue
                0x0801ac96       0x4c Thirdparty\Middleware\STM32G0xx\FreeRTOS\Source\queue.o
 .text.prvUnlockQueue
                0x0801ace2       0xbc Thirdparty\Middleware\STM32G0xx\FreeRTOS\Source\queue.o
 .text.prvIsQueueEmpty
                0x0801ad9e       0x2c Thirdparty\Middleware\STM32G0xx\FreeRTOS\Source\queue.o
 .text.prvIsQueueFull
                0x0801adca       0x30 Thirdparty\Middleware\STM32G0xx\FreeRTOS\Source\queue.o
 *fill*         0x0801adfa        0x2 
 .text.vQueueAddToRegistry
                0x0801adfc       0x50 Thirdparty\Middleware\STM32G0xx\FreeRTOS\Source\queue.o
                0x0801adfc                vQueueAddToRegistry
 .text.vQueueWaitForMessageRestricted
                0x0801ae4c       0x66 Thirdparty\Middleware\STM32G0xx\FreeRTOS\Source\queue.o
                0x0801ae4c                vQueueWaitForMessageRestricted
 .text.xTaskCreate
                0x0801aeb2       0x90 Thirdparty\Middleware\STM32G0xx\FreeRTOS\Source\tasks.o
                0x0801aeb2                xTaskCreate
 *fill*         0x0801af42        0x2 
 .text.prvInitialiseNewTask
                0x0801af44      0x10c Thirdparty\Middleware\STM32G0xx\FreeRTOS\Source\tasks.o
 .text.prvAddNewTaskToReadyList
                0x0801b050       0xd0 Thirdparty\Middleware\STM32G0xx\FreeRTOS\Source\tasks.o
 .text.vTaskDelay
                0x0801b120       0x3a Thirdparty\Middleware\STM32G0xx\FreeRTOS\Source\tasks.o
                0x0801b120                vTaskDelay
 *fill*         0x0801b15a        0x2 
 .text.eTaskGetState
                0x0801b15c       0xd0 Thirdparty\Middleware\STM32G0xx\FreeRTOS\Source\tasks.o
                0x0801b15c                eTaskGetState
 .text.uxTaskPriorityGet
                0x0801b22c       0x34 Thirdparty\Middleware\STM32G0xx\FreeRTOS\Source\tasks.o
                0x0801b22c                uxTaskPriorityGet
 .text.vTaskPrioritySet
                0x0801b260      0x110 Thirdparty\Middleware\STM32G0xx\FreeRTOS\Source\tasks.o
                0x0801b260                vTaskPrioritySet
 .text.vTaskStartScheduler
                0x0801b370       0x74 Thirdparty\Middleware\STM32G0xx\FreeRTOS\Source\tasks.o
                0x0801b370                vTaskStartScheduler
 .text.vTaskSuspendAll
                0x0801b3e4       0x18 Thirdparty\Middleware\STM32G0xx\FreeRTOS\Source\tasks.o
                0x0801b3e4                vTaskSuspendAll
 .text.xTaskResumeAll
                0x0801b3fc      0x10c Thirdparty\Middleware\STM32G0xx\FreeRTOS\Source\tasks.o
                0x0801b3fc                xTaskResumeAll
 .text.xTaskGetTickCount
                0x0801b508       0x1c Thirdparty\Middleware\STM32G0xx\FreeRTOS\Source\tasks.o
                0x0801b508                xTaskGetTickCount
 .text.xTaskGetTickCountFromISR
                0x0801b524       0x20 Thirdparty\Middleware\STM32G0xx\FreeRTOS\Source\tasks.o
                0x0801b524                xTaskGetTickCountFromISR
 .text.uxTaskGetSystemState
                0x0801b544      0x120 Thirdparty\Middleware\STM32G0xx\FreeRTOS\Source\tasks.o
                0x0801b544                uxTaskGetSystemState
 .text.xTaskIncrementTick
                0x0801b664      0x150 Thirdparty\Middleware\STM32G0xx\FreeRTOS\Source\tasks.o
                0x0801b664                xTaskIncrementTick
 .text.vTaskSwitchContext
                0x0801b7b4      0x124 Thirdparty\Middleware\STM32G0xx\FreeRTOS\Source\tasks.o
                0x0801b7b4                vTaskSwitchContext
 .text.vTaskPlaceOnEventList
                0x0801b8d8       0x34 Thirdparty\Middleware\STM32G0xx\FreeRTOS\Source\tasks.o
                0x0801b8d8                vTaskPlaceOnEventList
 .text.vTaskPlaceOnEventListRestricted
                0x0801b90c       0x44 Thirdparty\Middleware\STM32G0xx\FreeRTOS\Source\tasks.o
                0x0801b90c                vTaskPlaceOnEventListRestricted
 .text.xTaskRemoveFromEventList
                0x0801b950       0xb0 Thirdparty\Middleware\STM32G0xx\FreeRTOS\Source\tasks.o
                0x0801b950                xTaskRemoveFromEventList
 .text.vTaskInternalSetTimeOutState
                0x0801ba00       0x28 Thirdparty\Middleware\STM32G0xx\FreeRTOS\Source\tasks.o
                0x0801ba00                vTaskInternalSetTimeOutState
 .text.xTaskCheckForTimeOut
                0x0801ba28       0x8c Thirdparty\Middleware\STM32G0xx\FreeRTOS\Source\tasks.o
                0x0801ba28                xTaskCheckForTimeOut
 .text.vTaskMissedYield
                0x0801bab4       0x14 Thirdparty\Middleware\STM32G0xx\FreeRTOS\Source\tasks.o
                0x0801bab4                vTaskMissedYield
 .text.prvIdleTask
                0x0801bac8       0x20 Thirdparty\Middleware\STM32G0xx\FreeRTOS\Source\tasks.o
 .text.prvInitialiseTaskLists
                0x0801bae8       0x88 Thirdparty\Middleware\STM32G0xx\FreeRTOS\Source\tasks.o
 .text.prvCheckTasksWaitingTermination
                0x0801bb70       0x5c Thirdparty\Middleware\STM32G0xx\FreeRTOS\Source\tasks.o
 .text.vTaskGetInfo
                0x0801bbcc       0xd8 Thirdparty\Middleware\STM32G0xx\FreeRTOS\Source\tasks.o
                0x0801bbcc                vTaskGetInfo
 .text.prvListTasksWithinSingleList
                0x0801bca4       0xa6 Thirdparty\Middleware\STM32G0xx\FreeRTOS\Source\tasks.o
 .text.prvTaskCheckFreeStackSpace
                0x0801bd4a       0x34 Thirdparty\Middleware\STM32G0xx\FreeRTOS\Source\tasks.o
 .text.prvDeleteTCB
                0x0801bd7e       0x22 Thirdparty\Middleware\STM32G0xx\FreeRTOS\Source\tasks.o
 .text.prvResetNextTaskUnblockTime
                0x0801bda0       0x3c Thirdparty\Middleware\STM32G0xx\FreeRTOS\Source\tasks.o
 .text.xTaskGetSchedulerState
                0x0801bddc       0x38 Thirdparty\Middleware\STM32G0xx\FreeRTOS\Source\tasks.o
                0x0801bddc                xTaskGetSchedulerState
 .text.xTaskPriorityInherit
                0x0801be14       0xd0 Thirdparty\Middleware\STM32G0xx\FreeRTOS\Source\tasks.o
                0x0801be14                xTaskPriorityInherit
 .text.xTaskPriorityDisinherit
                0x0801bee4       0x98 Thirdparty\Middleware\STM32G0xx\FreeRTOS\Source\tasks.o
                0x0801bee4                xTaskPriorityDisinherit
 .text.vTaskPriorityDisinheritAfterTimeout
                0x0801bf7c       0xc0 Thirdparty\Middleware\STM32G0xx\FreeRTOS\Source\tasks.o
                0x0801bf7c                vTaskPriorityDisinheritAfterTimeout
 .text.prvWriteNameToBuffer
                0x0801c03c       0x52 Thirdparty\Middleware\STM32G0xx\FreeRTOS\Source\tasks.o
 *fill*         0x0801c08e        0x2 
 .text.vTaskList
                0x0801c090      0x14c Thirdparty\Middleware\STM32G0xx\FreeRTOS\Source\tasks.o
                0x0801c090                vTaskList
 .text.vTaskGetRunTimeStats
                0x0801c1dc      0x118 Thirdparty\Middleware\STM32G0xx\FreeRTOS\Source\tasks.o
                0x0801c1dc                vTaskGetRunTimeStats
 .text.pvTaskIncrementMutexHeldCount
                0x0801c2f4       0x24 Thirdparty\Middleware\STM32G0xx\FreeRTOS\Source\tasks.o
                0x0801c2f4                pvTaskIncrementMutexHeldCount
 .text.ulTaskNotifyTake
                0x0801c318       0x84 Thirdparty\Middleware\STM32G0xx\FreeRTOS\Source\tasks.o
                0x0801c318                ulTaskNotifyTake
 .text.xTaskGenericNotify
                0x0801c39c      0x104 Thirdparty\Middleware\STM32G0xx\FreeRTOS\Source\tasks.o
                0x0801c39c                xTaskGenericNotify
 .text.xTaskGenericNotifyFromISR
                0x0801c4a0      0x140 Thirdparty\Middleware\STM32G0xx\FreeRTOS\Source\tasks.o
                0x0801c4a0                xTaskGenericNotifyFromISR
 .text.vTaskNotifyGiveFromISR
                0x0801c5e0       0xd8 Thirdparty\Middleware\STM32G0xx\FreeRTOS\Source\tasks.o
                0x0801c5e0                vTaskNotifyGiveFromISR
 .text.prvAddCurrentTaskToDelayedList
                0x0801c6b8       0xa8 Thirdparty\Middleware\STM32G0xx\FreeRTOS\Source\tasks.o
 .text.xTimerCreateTimerTask
                0x0801c760       0x4c Thirdparty\Middleware\STM32G0xx\FreeRTOS\Source\timers.o
                0x0801c760                xTimerCreateTimerTask
 .text.xTimerCreate
                0x0801c7ac       0x46 Thirdparty\Middleware\STM32G0xx\FreeRTOS\Source\timers.o
                0x0801c7ac                xTimerCreate
 .text.prvInitialiseNewTimer
                0x0801c7f2       0x5a Thirdparty\Middleware\STM32G0xx\FreeRTOS\Source\timers.o
 .text.xTimerGenericCommand
                0x0801c84c       0x8c Thirdparty\Middleware\STM32G0xx\FreeRTOS\Source\timers.o
                0x0801c84c                xTimerGenericCommand
 .text.prvProcessExpiredTimer
                0x0801c8d8       0x80 Thirdparty\Middleware\STM32G0xx\FreeRTOS\Source\timers.o
 .text.prvTimerTask
                0x0801c958       0x28 Thirdparty\Middleware\STM32G0xx\FreeRTOS\Source\timers.o
 .text.prvProcessTimerOrBlockTask
                0x0801c980       0x90 Thirdparty\Middleware\STM32G0xx\FreeRTOS\Source\timers.o
 .text.prvGetNextExpireTime
                0x0801ca10       0x44 Thirdparty\Middleware\STM32G0xx\FreeRTOS\Source\timers.o
 .text.prvSampleTimeNow
                0x0801ca54       0x40 Thirdparty\Middleware\STM32G0xx\FreeRTOS\Source\timers.o
 .text.prvInsertTimerInActiveList
                0x0801ca94       0x84 Thirdparty\Middleware\STM32G0xx\FreeRTOS\Source\timers.o
 .text.prvProcessReceivedCommands
                0x0801cb18      0x16c Thirdparty\Middleware\STM32G0xx\FreeRTOS\Source\timers.o
 .text.prvSwitchTimerLists
                0x0801cc84       0xb0 Thirdparty\Middleware\STM32G0xx\FreeRTOS\Source\timers.o
 .text.prvCheckForValidListAndQueue
                0x0801cd34       0x74 Thirdparty\Middleware\STM32G0xx\FreeRTOS\Source\timers.o
 .text.HAL_Init
                0x0801cda8       0x40 Thirdparty\STM32G0xx_HAL_Driver\Src\stm32g0xx_hal.o
                0x0801cda8                HAL_Init
 .text.HAL_MspInit
                0x0801cde8        0xa Thirdparty\STM32G0xx_HAL_Driver\Src\stm32g0xx_hal.o
                0x0801cde8                HAL_MspInit
 *fill*         0x0801cdf2        0x2 
 .text.HAL_InitTick
                0x0801cdf4       0x94 Thirdparty\STM32G0xx_HAL_Driver\Src\stm32g0xx_hal.o
                0x0801cdf4                HAL_InitTick
 .text.HAL_IncTick
                0x0801ce88       0x24 Thirdparty\STM32G0xx_HAL_Driver\Src\stm32g0xx_hal.o
                0x0801ce88                HAL_IncTick
 .text.HAL_GetTick
                0x0801ceac       0x14 Thirdparty\STM32G0xx_HAL_Driver\Src\stm32g0xx_hal.o
                0x0801ceac                HAL_GetTick
 .text.HAL_Delay
                0x0801cec0       0x48 Thirdparty\STM32G0xx_HAL_Driver\Src\stm32g0xx_hal.o
                0x0801cec0                HAL_Delay
 .text.HAL_GetREVID
                0x0801cf08       0x18 Thirdparty\STM32G0xx_HAL_Driver\Src\stm32g0xx_hal.o
                0x0801cf08                HAL_GetREVID
 .text.HAL_GetDEVID
                0x0801cf20       0x18 Thirdparty\STM32G0xx_HAL_Driver\Src\stm32g0xx_hal.o
                0x0801cf20                HAL_GetDEVID
 .text.LL_ADC_SetCommonPathInternalCh
                0x0801cf38       0x28 Thirdparty\STM32G0xx_HAL_Driver\Src\stm32g0xx_hal_adc.o
 .text.LL_ADC_GetCommonPathInternalCh
                0x0801cf60       0x1a Thirdparty\STM32G0xx_HAL_Driver\Src\stm32g0xx_hal_adc.o
 .text.LL_ADC_SetSamplingTimeCommonChannels
                0x0801cf7a       0x3a Thirdparty\STM32G0xx_HAL_Driver\Src\stm32g0xx_hal_adc.o
 .text.LL_ADC_GetSamplingTimeCommonChannels
                0x0801cfb4       0x2e Thirdparty\STM32G0xx_HAL_Driver\Src\stm32g0xx_hal_adc.o
 .text.LL_ADC_REG_IsTriggerSourceSWStart
                0x0801cfe2       0x22 Thirdparty\STM32G0xx_HAL_Driver\Src\stm32g0xx_hal_adc.o
 .text.LL_ADC_REG_SetSequencerRanks
                0x0801d004       0x40 Thirdparty\STM32G0xx_HAL_Driver\Src\stm32g0xx_hal_adc.o
 .text.LL_ADC_REG_SetSequencerChAdd
                0x0801d044       0x22 Thirdparty\STM32G0xx_HAL_Driver\Src\stm32g0xx_hal_adc.o
 .text.LL_ADC_REG_SetSequencerChRem
                0x0801d066       0x24 Thirdparty\STM32G0xx_HAL_Driver\Src\stm32g0xx_hal_adc.o
 *fill*         0x0801d08a        0x2 
 .text.LL_ADC_SetChannelSamplingTime
                0x0801d08c       0x38 Thirdparty\STM32G0xx_HAL_Driver\Src\stm32g0xx_hal_adc.o
 .text.LL_ADC_EnableInternalRegulator
                0x0801d0c4       0x28 Thirdparty\STM32G0xx_HAL_Driver\Src\stm32g0xx_hal_adc.o
 .text.LL_ADC_IsInternalRegulatorEnabled
                0x0801d0ec       0x28 Thirdparty\STM32G0xx_HAL_Driver\Src\stm32g0xx_hal_adc.o
 .text.LL_ADC_Enable
                0x0801d114       0x24 Thirdparty\STM32G0xx_HAL_Driver\Src\stm32g0xx_hal_adc.o
 .text.LL_ADC_Disable
                0x0801d138       0x24 Thirdparty\STM32G0xx_HAL_Driver\Src\stm32g0xx_hal_adc.o
 .text.LL_ADC_IsEnabled
                0x0801d15c       0x22 Thirdparty\STM32G0xx_HAL_Driver\Src\stm32g0xx_hal_adc.o
 .text.LL_ADC_IsDisableOngoing
                0x0801d17e       0x22 Thirdparty\STM32G0xx_HAL_Driver\Src\stm32g0xx_hal_adc.o
 .text.LL_ADC_REG_StartConversion
                0x0801d1a0       0x24 Thirdparty\STM32G0xx_HAL_Driver\Src\stm32g0xx_hal_adc.o
 .text.LL_ADC_REG_StopConversion
                0x0801d1c4       0x24 Thirdparty\STM32G0xx_HAL_Driver\Src\stm32g0xx_hal_adc.o
 .text.LL_ADC_REG_IsConversionOngoing
                0x0801d1e8       0x22 Thirdparty\STM32G0xx_HAL_Driver\Src\stm32g0xx_hal_adc.o
 *fill*         0x0801d20a        0x2 
 .text.HAL_ADC_Init
                0x0801d20c      0x350 Thirdparty\STM32G0xx_HAL_Driver\Src\stm32g0xx_hal_adc.o
                0x0801d20c                HAL_ADC_Init
 .text.HAL_ADC_Start
                0x0801d55c       0x9c Thirdparty\STM32G0xx_HAL_Driver\Src\stm32g0xx_hal_adc.o
                0x0801d55c                HAL_ADC_Start
 .text.HAL_ADC_Stop
                0x0801d5f8       0x78 Thirdparty\STM32G0xx_HAL_Driver\Src\stm32g0xx_hal_adc.o
                0x0801d5f8                HAL_ADC_Stop
 .text.HAL_ADC_PollForConversion
                0x0801d670      0x128 Thirdparty\STM32G0xx_HAL_Driver\Src\stm32g0xx_hal_adc.o
                0x0801d670                HAL_ADC_PollForConversion
 .text.HAL_ADC_GetValue
                0x0801d798       0x16 Thirdparty\STM32G0xx_HAL_Driver\Src\stm32g0xx_hal_adc.o
                0x0801d798                HAL_ADC_GetValue
 *fill*         0x0801d7ae        0x2 
 .text.HAL_ADC_ConfigChannel
                0x0801d7b0      0x3b0 Thirdparty\STM32G0xx_HAL_Driver\Src\stm32g0xx_hal_adc.o
                0x0801d7b0                HAL_ADC_ConfigChannel
 .text.ADC_ConversionStop
                0x0801db60       0x84 Thirdparty\STM32G0xx_HAL_Driver\Src\stm32g0xx_hal_adc.o
                0x0801db60                ADC_ConversionStop
 .text.ADC_Enable
                0x0801dbe4      0x10c Thirdparty\STM32G0xx_HAL_Driver\Src\stm32g0xx_hal_adc.o
                0x0801dbe4                ADC_Enable
 .text.ADC_Disable
                0x0801dcf0       0xbc Thirdparty\STM32G0xx_HAL_Driver\Src\stm32g0xx_hal_adc.o
                0x0801dcf0                ADC_Disable
 .text.LL_ADC_GetCommonClock
                0x0801ddac       0x1a Thirdparty\STM32G0xx_HAL_Driver\Src\stm32g0xx_hal_adc_ex.o
 .text.LL_ADC_GetClock
                0x0801ddc6       0x18 Thirdparty\STM32G0xx_HAL_Driver\Src\stm32g0xx_hal_adc_ex.o
 .text.LL_ADC_SetCalibrationFactor
                0x0801ddde       0x28 Thirdparty\STM32G0xx_HAL_Driver\Src\stm32g0xx_hal_adc_ex.o
 .text.LL_ADC_GetCalibrationFactor
                0x0801de06       0x1a Thirdparty\STM32G0xx_HAL_Driver\Src\stm32g0xx_hal_adc_ex.o
 .text.LL_ADC_Enable
                0x0801de20       0x24 Thirdparty\STM32G0xx_HAL_Driver\Src\stm32g0xx_hal_adc_ex.o
 .text.LL_ADC_Disable
                0x0801de44       0x24 Thirdparty\STM32G0xx_HAL_Driver\Src\stm32g0xx_hal_adc_ex.o
 .text.LL_ADC_IsEnabled
                0x0801de68       0x22 Thirdparty\STM32G0xx_HAL_Driver\Src\stm32g0xx_hal_adc_ex.o
 *fill*         0x0801de8a        0x2 
 .text.LL_ADC_StartCalibration
                0x0801de8c       0x28 Thirdparty\STM32G0xx_HAL_Driver\Src\stm32g0xx_hal_adc_ex.o
 .text.LL_ADC_IsCalibrationOnGoing
                0x0801deb4       0x26 Thirdparty\STM32G0xx_HAL_Driver\Src\stm32g0xx_hal_adc_ex.o
 *fill*         0x0801deda        0x2 
 .text.HAL_ADCEx_Calibration_Start
                0x0801dedc      0x1f8 Thirdparty\STM32G0xx_HAL_Driver\Src\stm32g0xx_hal_adc_ex.o
                0x0801dedc                HAL_ADCEx_Calibration_Start
 .text.__NVIC_EnableIRQ
                0x0801e0d4       0x34 Thirdparty\STM32G0xx_HAL_Driver\Src\stm32g0xx_hal_cortex.o
 .text.__NVIC_SetPriority
                0x0801e108       0xdc Thirdparty\STM32G0xx_HAL_Driver\Src\stm32g0xx_hal_cortex.o
 .text.SysTick_Config
                0x0801e1e4       0x48 Thirdparty\STM32G0xx_HAL_Driver\Src\stm32g0xx_hal_cortex.o
 .text.HAL_NVIC_SetPriority
                0x0801e22c       0x2a Thirdparty\STM32G0xx_HAL_Driver\Src\stm32g0xx_hal_cortex.o
                0x0801e22c                HAL_NVIC_SetPriority
 .text.HAL_NVIC_EnableIRQ
                0x0801e256       0x20 Thirdparty\STM32G0xx_HAL_Driver\Src\stm32g0xx_hal_cortex.o
                0x0801e256                HAL_NVIC_EnableIRQ
 .text.HAL_SYSTICK_Config
                0x0801e276       0x1a Thirdparty\STM32G0xx_HAL_Driver\Src\stm32g0xx_hal_cortex.o
                0x0801e276                HAL_SYSTICK_Config
 .text.HAL_CRC_Init
                0x0801e290       0xcc Thirdparty\STM32G0xx_HAL_Driver\Src\stm32g0xx_hal_crc.o
                0x0801e290                HAL_CRC_Init
 .text.HAL_CRC_Accumulate
                0x0801e35c       0x8e Thirdparty\STM32G0xx_HAL_Driver\Src\stm32g0xx_hal_crc.o
                0x0801e35c                HAL_CRC_Accumulate
 .text.HAL_CRC_Calculate
                0x0801e3ea       0x9e Thirdparty\STM32G0xx_HAL_Driver\Src\stm32g0xx_hal_crc.o
                0x0801e3ea                HAL_CRC_Calculate
 .text.CRC_Handle_8
                0x0801e488      0x126 Thirdparty\STM32G0xx_HAL_Driver\Src\stm32g0xx_hal_crc.o
 .text.CRC_Handle_16
                0x0801e5ae       0x6e Thirdparty\STM32G0xx_HAL_Driver\Src\stm32g0xx_hal_crc.o
 .text.HAL_CRCEx_Polynomial_Set
                0x0801e61c       0xea Thirdparty\STM32G0xx_HAL_Driver\Src\stm32g0xx_hal_crc_ex.o
                0x0801e61c                HAL_CRCEx_Polynomial_Set
 *fill*         0x0801e706        0x2 
 .text.HAL_DMA_Init
                0x0801e708      0x158 Thirdparty\STM32G0xx_HAL_Driver\Src\stm32g0xx_hal_dma.o
                0x0801e708                HAL_DMA_Init
 .text.HAL_DMA_Start_IT
                0x0801e860      0x10c Thirdparty\STM32G0xx_HAL_Driver\Src\stm32g0xx_hal_dma.o
                0x0801e860                HAL_DMA_Start_IT
 .text.HAL_DMA_Abort
                0x0801e96c       0xc0 Thirdparty\STM32G0xx_HAL_Driver\Src\stm32g0xx_hal_dma.o
                0x0801e96c                HAL_DMA_Abort
 .text.HAL_DMA_Abort_IT
                0x0801ea2c       0xd0 Thirdparty\STM32G0xx_HAL_Driver\Src\stm32g0xx_hal_dma.o
                0x0801ea2c                HAL_DMA_Abort_IT
 .text.HAL_DMA_IRQHandler
                0x0801eafc      0x188 Thirdparty\STM32G0xx_HAL_Driver\Src\stm32g0xx_hal_dma.o
                0x0801eafc                HAL_DMA_IRQHandler
 .text.HAL_DMA_GetError
                0x0801ec84       0x14 Thirdparty\STM32G0xx_HAL_Driver\Src\stm32g0xx_hal_dma.o
                0x0801ec84                HAL_DMA_GetError
 .text.DMA_SetConfig
                0x0801ec98       0x78 Thirdparty\STM32G0xx_HAL_Driver\Src\stm32g0xx_hal_dma.o
 .text.DMA_CalcDMAMUXChannelBaseAndMask
                0x0801ed10       0x94 Thirdparty\STM32G0xx_HAL_Driver\Src\stm32g0xx_hal_dma.o
 .text.DMA_CalcDMAMUXRequestGenBaseAndMask
                0x0801eda4       0x48 Thirdparty\STM32G0xx_HAL_Driver\Src\stm32g0xx_hal_dma.o
 .text.HAL_FLASH_Program
                0x0801edec       0x9c Thirdparty\STM32G0xx_HAL_Driver\Src\stm32g0xx_hal_flash.o
                0x0801edec                HAL_FLASH_Program
 .text.HAL_FLASH_Unlock
                0x0801ee88       0x48 Thirdparty\STM32G0xx_HAL_Driver\Src\stm32g0xx_hal_flash.o
                0x0801ee88                HAL_FLASH_Unlock
 .text.HAL_FLASH_Lock
                0x0801eed0       0x44 Thirdparty\STM32G0xx_HAL_Driver\Src\stm32g0xx_hal_flash.o
                0x0801eed0                HAL_FLASH_Lock
 .text.FLASH_WaitForLastOperation
                0x0801ef14       0x9c Thirdparty\STM32G0xx_HAL_Driver\Src\stm32g0xx_hal_flash.o
                0x0801ef14                FLASH_WaitForLastOperation
 .text.FLASH_Program_DoubleWord
                0x0801efb0       0x40 Thirdparty\STM32G0xx_HAL_Driver\Src\stm32g0xx_hal_flash.o
 .text.HAL_FLASHEx_Erase
                0x0801eff0       0xe0 Thirdparty\STM32G0xx_HAL_Driver\Src\stm32g0xx_hal_flash_ex.o
                0x0801eff0                HAL_FLASHEx_Erase
 .text.FLASH_MassErase
                0x0801f0d0       0x28 Thirdparty\STM32G0xx_HAL_Driver\Src\stm32g0xx_hal_flash_ex.o
 .text.FLASH_PageErase
                0x0801f0f8       0x58 Thirdparty\STM32G0xx_HAL_Driver\Src\stm32g0xx_hal_flash_ex.o
                0x0801f0f8                FLASH_PageErase
 .text.HAL_GPIO_Init
                0x0801f150      0x2d8 Thirdparty\STM32G0xx_HAL_Driver\Src\stm32g0xx_hal_gpio.o
                0x0801f150                HAL_GPIO_Init
 .text.HAL_GPIO_ReadPin
                0x0801f428       0x3a Thirdparty\STM32G0xx_HAL_Driver\Src\stm32g0xx_hal_gpio.o
                0x0801f428                HAL_GPIO_ReadPin
 .text.HAL_GPIO_WritePin
                0x0801f462       0x3a Thirdparty\STM32G0xx_HAL_Driver\Src\stm32g0xx_hal_gpio.o
                0x0801f462                HAL_GPIO_WritePin
 .text.HAL_GPIO_TogglePin
                0x0801f49c       0x36 Thirdparty\STM32G0xx_HAL_Driver\Src\stm32g0xx_hal_gpio.o
                0x0801f49c                HAL_GPIO_TogglePin
 *fill*         0x0801f4d2        0x2 
 .text.HAL_PWR_EnableWakeUpPin
                0x0801f4d4       0x40 Thirdparty\STM32G0xx_HAL_Driver\Src\stm32g0xx_hal_pwr.o
                0x0801f4d4                HAL_PWR_EnableWakeUpPin
 .text.HAL_PWR_DisableWakeUpPin
                0x0801f514       0x28 Thirdparty\STM32G0xx_HAL_Driver\Src\stm32g0xx_hal_pwr.o
                0x0801f514                HAL_PWR_DisableWakeUpPin
 .text.HAL_PWR_EnterSTOPMode
                0x0801f53c       0x70 Thirdparty\STM32G0xx_HAL_Driver\Src\stm32g0xx_hal_pwr.o
                0x0801f53c                HAL_PWR_EnterSTOPMode
 .text.HAL_PWR_EnterSTANDBYMode
                0x0801f5ac       0x34 Thirdparty\STM32G0xx_HAL_Driver\Src\stm32g0xx_hal_pwr.o
                0x0801f5ac                HAL_PWR_EnterSTANDBYMode
 .text.HAL_PWREx_EnableSRAMRetention
                0x0801f5e0       0x1c Thirdparty\STM32G0xx_HAL_Driver\Src\stm32g0xx_hal_pwr_ex.o
                0x0801f5e0                HAL_PWREx_EnableSRAMRetention
 .text.HAL_PWREx_ControlVoltageScaling
                0x0801f5fc       0x80 Thirdparty\STM32G0xx_HAL_Driver\Src\stm32g0xx_hal_pwr_ex.o
                0x0801f5fc                HAL_PWREx_ControlVoltageScaling
 .text.LL_RCC_GetAPB1Prescaler
                0x0801f67c       0x18 Thirdparty\STM32G0xx_HAL_Driver\Src\stm32g0xx_hal_rcc.o
 .text.HAL_RCC_OscConfig
                0x0801f694      0x6c0 Thirdparty\STM32G0xx_HAL_Driver\Src\stm32g0xx_hal_rcc.o
                0x0801f694                HAL_RCC_OscConfig
 .text.HAL_RCC_ClockConfig
                0x0801fd54      0x210 Thirdparty\STM32G0xx_HAL_Driver\Src\stm32g0xx_hal_rcc.o
                0x0801fd54                HAL_RCC_ClockConfig
 .text.HAL_RCC_GetSysClockFreq
                0x0801ff64      0x104 Thirdparty\STM32G0xx_HAL_Driver\Src\stm32g0xx_hal_rcc.o
                0x0801ff64                HAL_RCC_GetSysClockFreq
 .text.HAL_RCC_GetHCLKFreq
                0x08020068       0x14 Thirdparty\STM32G0xx_HAL_Driver\Src\stm32g0xx_hal_rcc.o
                0x08020068                HAL_RCC_GetHCLKFreq
 .text.HAL_RCC_GetPCLK1Freq
                0x0802007c       0x2c Thirdparty\STM32G0xx_HAL_Driver\Src\stm32g0xx_hal_rcc.o
                0x0802007c                HAL_RCC_GetPCLK1Freq
 .text.HAL_RCCEx_PeriphCLKConfig
                0x080200a8      0x478 Thirdparty\STM32G0xx_HAL_Driver\Src\stm32g0xx_hal_rcc_ex.o
                0x080200a8                HAL_RCCEx_PeriphCLKConfig
 .text.HAL_RTC_Init
                0x08020520      0x144 Thirdparty\STM32G0xx_HAL_Driver\Src\stm32g0xx_hal_rtc.o
                0x08020520                HAL_RTC_Init
 .text.HAL_RTC_DeInit
                0x08020664      0x138 Thirdparty\STM32G0xx_HAL_Driver\Src\stm32g0xx_hal_rtc.o
                0x08020664                HAL_RTC_DeInit
 .text.HAL_RTC_SetTime
                0x0802079c      0x150 Thirdparty\STM32G0xx_HAL_Driver\Src\stm32g0xx_hal_rtc.o
                0x0802079c                HAL_RTC_SetTime
 .text.HAL_RTC_GetTime
                0x080208ec       0xb8 Thirdparty\STM32G0xx_HAL_Driver\Src\stm32g0xx_hal_rtc.o
                0x080208ec                HAL_RTC_GetTime
 .text.HAL_RTC_SetDate
                0x080209a4      0x124 Thirdparty\STM32G0xx_HAL_Driver\Src\stm32g0xx_hal_rtc.o
                0x080209a4                HAL_RTC_SetDate
 .text.HAL_RTC_GetDate
                0x08020ac8       0x9c Thirdparty\STM32G0xx_HAL_Driver\Src\stm32g0xx_hal_rtc.o
                0x08020ac8                HAL_RTC_GetDate
 .text.HAL_RTC_WaitForSynchro
                0x08020b64       0x4c Thirdparty\STM32G0xx_HAL_Driver\Src\stm32g0xx_hal_rtc.o
                0x08020b64                HAL_RTC_WaitForSynchro
 .text.RTC_EnterInitMode
                0x08020bb0       0x84 Thirdparty\STM32G0xx_HAL_Driver\Src\stm32g0xx_hal_rtc.o
                0x08020bb0                RTC_EnterInitMode
 .text.RTC_ExitInitMode
                0x08020c34       0x88 Thirdparty\STM32G0xx_HAL_Driver\Src\stm32g0xx_hal_rtc.o