Archive member included to satisfy reference by file (symbol)

C:/ST/STM32CubeIDE_1.10.1/STM32CubeIDE/plugins/com.st.stm32cube.ide.mcu.externaltools.gnu-tools-for-stm32.12.3.rel1.win32_1.0.200.202406191623/tools/bin/../lib/gcc/arm-none-eabi/12.3.1/../../../../arm-none-eabi/lib/thumb/v6-m/nofp\libc.a(libc_a-atof.o)
                              BOS\BOS_CLI.o (atof)
C:/ST/STM32CubeIDE_1.10.1/STM32CubeIDE/plugins/com.st.stm32cube.ide.mcu.externaltools.gnu-tools-for-stm32.12.3.rel1.win32_1.0.200.202406191623/tools/bin/../lib/gcc/arm-none-eabi/12.3.1/../../../../arm-none-eabi/lib/thumb/v6-m/nofp\libc.a(libc_a-atoi.o)
                              BOS\BOS_CLI.o (atoi)
C:/ST/STM32CubeIDE_1.10.1/STM32CubeIDE/plugins/com.st.stm32cube.ide.mcu.externaltools.gnu-tools-for-stm32.12.3.rel1.win32_1.0.200.202406191623/tools/bin/../lib/gcc/arm-none-eabi/12.3.1/../../../../arm-none-eabi/lib/thumb/v6-m/nofp\libc.a(libc_a-atol.o)
                              BOS\BOS.o (atol)
C:/ST/STM32CubeIDE_1.10.1/STM32CubeIDE/plugins/com.st.stm32cube.ide.mcu.externaltools.gnu-tools-for-stm32.12.3.rel1.win32_1.0.200.202406191623/tools/bin/../lib/gcc/arm-none-eabi/12.3.1/../../../../arm-none-eabi/lib/thumb/v6-m/nofp\libc.a(libc_a-exit.o)
                              C:/ST/STM32CubeIDE_1.10.1/STM32CubeIDE/plugins/com.st.stm32cube.ide.mcu.externaltools.gnu-tools-for-stm32.12.3.rel1.win32_1.0.200.202406191623/tools/bin/../lib/gcc/arm-none-eabi/12.3.1/../../../../arm-none-eabi/lib/thumb/v6-m/nofp/crt0.o (exit)
C:/ST/STM32CubeIDE_1.10.1/STM32CubeIDE/plugins/com.st.stm32cube.ide.mcu.externaltools.gnu-tools-for-stm32.12.3.rel1.win32_1.0.200.202406191623/tools/bin/../lib/gcc/arm-none-eabi/12.3.1/../../../../arm-none-eabi/lib/thumb/v6-m/nofp\libc.a(libc_a-malloc.o)
                              BOS\BOS.o (malloc)
C:/ST/STM32CubeIDE_1.10.1/STM32CubeIDE/plugins/com.st.stm32cube.ide.mcu.externaltools.gnu-tools-for-stm32.12.3.rel1.win32_1.0.200.202406191623/tools/bin/../lib/gcc/arm-none-eabi/12.3.1/../../../../arm-none-eabi/lib/thumb/v6-m/nofp\libc.a(libc_a-mallocr.o)
                              C:/ST/STM32CubeIDE_1.10.1/STM32CubeIDE/plugins/com.st.stm32cube.ide.mcu.externaltools.gnu-tools-for-stm32.12.3.rel1.win32_1.0.200.202406191623/tools/bin/../lib/gcc/arm-none-eabi/12.3.1/../../../../arm-none-eabi/lib/thumb/v6-m/nofp\libc.a(libc_a-malloc.o) (_malloc_r)
C:/ST/STM32CubeIDE_1.10.1/STM32CubeIDE/plugins/com.st.stm32cube.ide.mcu.externaltools.gnu-tools-for-stm32.12.3.rel1.win32_1.0.200.202406191623/tools/bin/../lib/gcc/arm-none-eabi/12.3.1/../../../../arm-none-eabi/lib/thumb/v6-m/nofp\libc.a(libc_a-mlock.o)
                              C:/ST/STM32CubeIDE_1.10.1/STM32CubeIDE/plugins/com.st.stm32cube.ide.mcu.externaltools.gnu-tools-for-stm32.12.3.rel1.win32_1.0.200.202406191623/tools/bin/../lib/gcc/arm-none-eabi/12.3.1/../../../../arm-none-eabi/lib/thumb/v6-m/nofp\libc.a(libc_a-mallocr.o) (__malloc_lock)
C:/ST/STM32CubeIDE_1.10.1/STM32CubeIDE/plugins/com.st.stm32cube.ide.mcu.externaltools.gnu-tools-for-stm32.12.3.rel1.win32_1.0.200.202406191623/tools/bin/../lib/gcc/arm-none-eabi/12.3.1/../../../../arm-none-eabi/lib/thumb/v6-m/nofp\libc.a(libc_a-rand.o)
                              BOS\BOS_CLIcommands.o (rand)
C:/ST/STM32CubeIDE_1.10.1/STM32CubeIDE/plugins/com.st.stm32cube.ide.mcu.externaltools.gnu-tools-for-stm32.12.3.rel1.win32_1.0.200.202406191623/tools/bin/../lib/gcc/arm-none-eabi/12.3.1/../../../../arm-none-eabi/lib/thumb/v6-m/nofp\libc.a(libc_a-realloc.o)
                              BOS\BOS_CLI.o (realloc)
C:/ST/STM32CubeIDE_1.10.1/STM32CubeIDE/plugins/com.st.stm32cube.ide.mcu.externaltools.gnu-tools-for-stm32.12.3.rel1.win32_1.0.200.202406191623/tools/bin/../lib/gcc/arm-none-eabi/12.3.1/../../../../arm-none-eabi/lib/thumb/v6-m/nofp\libc.a(libc_a-reallocr.o)
                              C:/ST/STM32CubeIDE_1.10.1/STM32CubeIDE/plugins/com.st.stm32cube.ide.mcu.externaltools.gnu-tools-for-stm32.12.3.rel1.win32_1.0.200.202406191623/tools/bin/../lib/gcc/arm-none-eabi/12.3.1/../../../../arm-none-eabi/lib/thumb/v6-m/nofp\libc.a(libc_a-realloc.o) (_realloc_r)
C:/ST/STM32CubeIDE_1.10.1/STM32CubeIDE/plugins/com.st.stm32cube.ide.mcu.externaltools.gnu-tools-for-stm32.12.3.rel1.win32_1.0.200.202406191623/tools/bin/../lib/gcc/arm-none-eabi/12.3.1/../../../../arm-none-eabi/lib/thumb/v6-m/nofp\libc.a(libc_a-strtod.o)
                              C:/ST/STM32CubeIDE_1.10.1/STM32CubeIDE/plugins/com.st.stm32cube.ide.mcu.externaltools.gnu-tools-for-stm32.12.3.rel1.win32_1.0.200.202406191623/tools/bin/../lib/gcc/arm-none-eabi/12.3.1/../../../../arm-none-eabi/lib/thumb/v6-m/nofp\libc.a(libc_a-atof.o) (strtod)
C:/ST/STM32CubeIDE_1.10.1/STM32CubeIDE/plugins/com.st.stm32cube.ide.mcu.externaltools.gnu-tools-for-stm32.12.3.rel1.win32_1.0.200.202406191623/tools/bin/../lib/gcc/arm-none-eabi/12.3.1/../../../../arm-none-eabi/lib/thumb/v6-m/nofp\libc.a(libc_a-strtol.o)
[...]
Memory Configuration

Name             Origin             Length             Attributes
RAM              0x20000000         0x00024000         xrw
FLASH            0x08000000         0x00080000         xr
*default*        0x00000000         0xffffffff

Linker script and memory map

LOAD C:/ST/STM32CubeIDE_1.10.1/STM32CubeIDE/plugins/com.st.stm32cube.ide.mcu.externaltools.gnu-tools-for-stm32.12.3.rel1.win32_1.0.200.202406191623/tools/bin/../lib/gcc/arm-none-eabi/12.3.1/thumb/v6-m/nofp/crti.o
LOAD C:/ST/STM32CubeIDE_1.10.1/STM32CubeIDE/plugins/com.st.stm32cube.ide.mcu.externaltools.gnu-tools-for-stm32.12.3.rel1.win32_1.0.200.202406191623/tools/bin/../lib/gcc/arm-none-eabi/12.3.1/thumb/v6-m/nofp/crtbegin.o
LOAD C:/ST/STM32CubeIDE_1.10.1/STM32CubeIDE/plugins/com.st.stm32cube.ide.mcu.externaltools.gnu-tools-for-stm32.12.3.rel1.win32_1.0.200.202406191623/tools/bin/../lib/gcc/arm-none-eabi/12.3.1/../../../../arm-none-eabi/lib/thumb/v6-m/nofp/crt0.o
LOAD BOS\BOS.o
LOAD BOS\BOS_CLI.o
LOAD BOS\BOS_CLIcommands.o
LOAD BOS\BOS_dma.o
LOAD BOS\BOS_freertos.o
LOAD BOS\BOS_messaging.o
LOAD BOS\BOS_msgparser.o
LOAD P01R0\P01R0.o
LOAD P01R0\P01R0_dma.o
LOAD P01R0\P01R0_eeprom.o
LOAD P01R0\P01R0_gpio.o
LOAD P01R0\P01R0_inputs.o
LOAD P01R0\P01R0_it.o
LOAD P01R0\P01R0_rtc.o
LOAD P01R0\P01R0_timers.o
LOAD P01R0\P01R0_uart.o
LOAD P01R0\startup_stm32g0b1ceuxn.o
LOAD Thirdparty\CMSIS\STM32G0xx\Device\ST\STM32G0xx\Source\Templates\system_stm32g0xx.o
LOAD Thirdparty\Middleware\STM32G0xx\FreeRTOS\Source\CMSIS_RTOS\cmsis_os.o
LOAD Thirdparty\Middleware\STM32G0xx\FreeRTOS\Source\FreeRTOS_CLI.o
LOAD Thirdparty\Middleware\STM32G0xx\FreeRTOS\Source\croutine.o
LOAD Thirdparty\Middleware\STM32G0xx\FreeRTOS\Source\event_groups.o
LOAD Thirdparty\Middleware\STM32G0xx\FreeRTOS\Source\list.o
LOAD Thirdparty\Middleware\STM32G0xx\FreeRTOS\Source\portable\GCC\ARM_CM0\port.o
LOAD Thirdparty\Middleware\STM32G0xx\FreeRTOS\Source\portable\MemMang\heap_4.o
LOAD Thirdparty\Middleware\STM32G0xx\FreeRTOS\Source\queue.o
LOAD Thirdparty\Middleware\STM32G0xx\FreeRTOS\Source\stream_buffer.o
LOAD Thirdparty\Middleware\STM32G0xx\FreeRTOS\Source\tasks.o
LOAD Thirdparty\Middleware\STM32G0xx\FreeRTOS\Source\timers.o
LOAD Thirdparty\STM32G0xx_HAL_Driver\Src\stm32g0xx_hal.o
LOAD Thirdparty\STM32G0xx_HAL_Driver\Src\stm32g0xx_hal_adc.o
LOAD Thirdparty\STM32G0xx_HAL_Driver\Src\stm32g0xx_hal_adc_ex.o
LOAD Thirdparty\STM32G0xx_HAL_Driver\Src\stm32g0xx_hal_cec.o
LOAD Thirdparty\STM32G0xx_HAL_Driver\Src\stm32g0xx_hal_comp.o
LOAD Thirdparty\STM32G0xx_HAL_Driver\Src\stm32g0xx_hal_cortex.o
LOAD Thirdparty\STM32G0xx_HAL_Driver\Src\stm32g0xx_hal_crc.o
LOAD Thirdparty\STM32G0xx_HAL_Driver\Src\stm32g0xx_hal_crc_ex.o
LOAD Thirdparty\STM32G0xx_HAL_Driver\Src\stm32g0xx_hal_cryp.o
LOAD Thirdparty\STM32G0xx_HAL_Driver\Src\stm32g0xx_hal_cryp_ex.o
LOAD Thirdparty\STM32G0xx_HAL_Driver\Src\stm32g0xx_hal_dac.o
LOAD Thirdparty\STM32G0xx_HAL_Driver\Src\stm32g0xx_hal_dac_ex.o
LOAD Thirdparty\STM32G0xx_HAL_Driver\Src\stm32g0xx_hal_dma.o
LOAD Thirdparty\STM32G0xx_HAL_Driver\Src\stm32g0xx_hal_dma_ex.o
LOAD Thirdparty\STM32G0xx_HAL_Driver\Src\stm32g0xx_hal_exti.o
LOAD Thirdparty\STM32G0xx_HAL_Driver\Src\stm32g0xx_hal_fdcan.o
LOAD Thirdparty\STM32G0xx_HAL_Driver\Src\stm32g0xx_hal_flash.o
LOAD Thirdparty\STM32G0xx_HAL_Driver\Src\stm32g0xx_hal_flash_ex.o
LOAD Thirdparty\STM32G0xx_HAL_Driver\Src\stm32g0xx_hal_gpio.o
LOAD Thirdparty\STM32G0xx_HAL_Driver\Src\stm32g0xx_hal_hcd.o
LOAD Thirdparty\STM32G0xx_HAL_Driver\Src\stm32g0xx_hal_i2c.o
LOAD Thirdparty\STM32G0xx_HAL_Driver\Src\stm32g0xx_hal_i2c_ex.o
LOAD Thirdparty\STM32G0xx_HAL_Driver\Src\stm32g0xx_hal_i2s.o
LOAD Thirdparty\STM32G0xx_HAL_Driver\Src\stm32g0xx_hal_irda.o
LOAD Thirdparty\STM32G0xx_HAL_Driver\Src\stm32g0xx_hal_iwdg.o
LOAD Thirdparty\STM32G0xx_HAL_Driver\Src\stm32g0xx_hal_lptim.o
LOAD Thirdparty\STM32G0xx_HAL_Driver\Src\stm32g0xx_hal_msp_template.o
LOAD Thirdparty\STM32G0xx_HAL_Driver\Src\stm32g0xx_hal_pcd.o
LOAD Thirdparty\STM32G0xx_HAL_Driver\Src\stm32g0xx_hal_pcd_ex.o
LOAD Thirdparty\STM32G0xx_HAL_Driver\Src\stm32g0xx_hal_pwr.o
LOAD Thirdparty\STM32G0xx_HAL_Driver\Src\stm32g0xx_hal_pwr_ex.o
LOAD Thirdparty\STM32G0xx_HAL_Driver\Src\stm32g0xx_hal_rcc.o
LOAD Thirdparty\STM32G0xx_HAL_Driver\Src\stm32g0xx_hal_rcc_ex.o
LOAD Thirdparty\STM32G0xx_HAL_Driver\Src\stm32g0xx_hal_rng.o
LOAD Thirdparty\STM32G0xx_HAL_Driver\Src\stm32g0xx_hal_rtc.o
LOAD Thirdparty\STM32G0xx_HAL_Driver\Src\stm32g0xx_hal_rtc_ex.o
LOAD Thirdparty\STM32G0xx_HAL_Driver\Src\stm32g0xx_hal_smartcard.o
LOAD Thirdparty\STM32G0xx_HAL_Driver\Src\stm32g0xx_hal_smartcard_ex.o
LOAD Thirdparty\STM32G0xx_HAL_Driver\Src\stm32g0xx_hal_smbus.o
LOAD Thirdparty\STM32G0xx_HAL_Driver\Src\stm32g0xx_hal_smbus_ex.o
LOAD Thirdparty\STM32G0xx_HAL_Driver\Src\stm32g0xx_hal_spi.o
LOAD Thirdparty\STM32G0xx_HAL_Driver\Src\stm32g0xx_hal_spi_ex.o
LOAD Thirdparty\STM32G0xx_HAL_Driver\Src\stm32g0xx_hal_tim.o
LOAD Thirdparty\STM32G0xx_HAL_Driver\Src\stm32g0xx_hal_tim_ex.o
LOAD Thirdparty\STM32G0xx_HAL_Driver\Src\stm32g0xx_hal_uart.o
LOAD Thirdparty\STM32G0xx_HAL_Driver\Src\stm32g0xx_hal_uart_ex.o
LOAD Thirdparty\STM32G0xx_HAL_Driver\Src\stm32g0xx_hal_usart.o
LOAD Thirdparty\STM32G0xx_HAL_Driver\Src\stm32g0xx_hal_usart_ex.o
LOAD Thirdparty\STM32G0xx_HAL_Driver\Src\stm32g0xx_hal_wwdg.o
LOAD Thirdparty\STM32G0xx_HAL_Driver\Src\stm32g0xx_ll_adc.o
LOAD Thirdparty\STM32G0xx_HAL_Driver\Src\stm32g0xx_ll_comp.o
LOAD Thirdparty\STM32G0xx_HAL_Driver\Src\stm32g0xx_ll_crc.o
LOAD Thirdparty\STM32G0xx_HAL_Driver\Src\stm32g0xx_ll_crs.o
LOAD Thirdparty\STM32G0xx_HAL_Driver\Src\stm32g0xx_ll_dac.o
LOAD Thirdparty\STM32G0xx_HAL_Driver\Src\stm32g0xx_ll_dma.o
LOAD Thirdparty\STM32G0xx_HAL_Driver\Src\stm32g0xx_ll_exti.o
LOAD Thirdparty\STM32G0xx_HAL_Driver\Src\stm32g0xx_ll_gpio.o
LOAD Thirdparty\STM32G0xx_HAL_Driver\Src\stm32g0xx_ll_i2c.o
LOAD Thirdparty\STM32G0xx_HAL_Driver\Src\stm32g0xx_ll_lptim.o
LOAD Thirdparty\STM32G0xx_HAL_Driver\Src\stm32g0xx_ll_lpuart.o
LOAD Thirdparty\STM32G0xx_HAL_Driver\Src\stm32g0xx_ll_pwr.o
LOAD Thirdparty\STM32G0xx_HAL_Driver\Src\stm32g0xx_ll_rcc.o
LOAD Thirdparty\STM32G0xx_HAL_Driver\Src\stm32g0xx_ll_rng.o
LOAD Thirdparty\STM32G0xx_HAL_Driver\Src\stm32g0xx_ll_rtc.o
LOAD Thirdparty\STM32G0xx_HAL_Driver\Src\stm32g0xx_ll_spi.o
LOAD Thirdparty\STM32G0xx_HAL_Driver\Src\stm32g0xx_ll_tim.o
LOAD Thirdparty\STM32G0xx_HAL_Driver\Src\stm32g0xx_ll_ucpd.o
LOAD Thirdparty\STM32G0xx_HAL_Driver\Src\stm32g0xx_ll_usart.o
LOAD Thirdparty\STM32G0xx_HAL_Driver\Src\stm32g0xx_ll_usb.o
LOAD Thirdparty\STM32G0xx_HAL_Driver\Src\stm32g0xx_ll_utils.o
LOAD User\main.o
START GROUP
LOAD C:/ST/STM32CubeIDE_1.10.1/STM32CubeIDE/plugins/com.st.stm32cube.ide.mcu.externaltools.gnu-tools-for-stm32.12.3.rel1.win32_1.0.200.202406191623/tools/bin/../lib/gcc/arm-none-eabi/12.3.1/../../../../arm-none-eabi/lib/thumb/v6-m/nofp\libc.a
LOAD C:/ST/STM32CubeIDE_1.10.1/STM32CubeIDE/plugins/com.st.stm32cube.ide.mcu.externaltools.gnu-tools-for-stm32.12.3.rel1.win32_1.0.200.202406191623/tools/bin/../lib/gcc/arm-none-eabi/12.3.1/../../../../arm-none-eabi/lib/thumb/v6-m/nofp\libm.a
END GROUP
START GROUP
LOAD C:/ST/STM32CubeIDE_1.10.1/STM32CubeIDE/plugins/com.st.stm32cube.ide.mcu.externaltools.gnu-tools-for-stm32.12.3.rel1.win32_1.0.200.202406191623/tools/bin/../lib/gcc/arm-none-eabi/12.3.1/thumb/v6-m/nofp\libgcc.a
LOAD C:/ST/STM32CubeIDE_1.10.1/STM32CubeIDE/plugins/com.st.stm32cube.ide.mcu.externaltools.gnu-tools-for-stm32.12.3.rel1.win32_1.0.200.202406191623/tools/bin/../lib/gcc/arm-none-eabi/12.3.1/../../../../arm-none-eabi/lib/thumb/v6-m/nofp\libc.a
END GROUP
START GROUP
LOAD C:/ST/STM32CubeIDE_1.10.1/STM32CubeIDE/plugins/com.st.stm32cube.ide.mcu.externaltools.gnu-tools-for-stm32.12.3.rel1.win32_1.0.200.202406191623/tools/bin/../lib/gcc/arm-none-eabi/12.3.1/thumb/v6-m/nofp\libgcc.a
LOAD C:/ST/STM32CubeIDE_1.10.1/STM32CubeIDE/plugins/com.st.stm32cube.ide.mcu.externaltools.gnu-tools-for-stm32.12.3.rel1.win32_1.0.200.202406191623/tools/bin/../lib/gcc/arm-none-eabi/12.3.1/../../../../arm-none-eabi/lib/thumb/v6-m/nofp\libc.a
LOAD C:/ST/STM32CubeIDE_1.10.1/STM32CubeIDE/plugins/com.st.stm32cube.ide.mcu.externaltools.gnu-tools-for-stm32.12.3.rel1.win32_1.0.200.202406191623/tools/bin/../lib/gcc/arm-none-eabi/12.3.1/../../../../arm-none-eabi/lib/thumb/v6-m/nofp\libnosys.a
END GROUP
LOAD C:/ST/STM32CubeIDE_1.10.1/STM32CubeIDE/plugins/com.st.stm32cube.ide.mcu.externaltools.gnu-tools-for-stm32.12.3.rel1.win32_1.0.200.202406191623/tools/bin/../lib/gcc/arm-none-eabi/12.3.1/thumb/v6-m/nofp/crtend.o
LOAD C:/ST/STM32CubeIDE_1.10.1/STM32CubeIDE/plugins/com.st.stm32cube.ide.mcu.externaltools.gnu-tools-for-stm32.12.3.rel1.win32_1.0.200.202406191623/tools/bin/../lib/gcc/arm-none-eabi/12.3.1/thumb/v6-m/nofp/crtn.o
                0x20024000                        _estack = (ORIGIN (RAM) + LENGTH (RAM))
                0x00000200                        _Min_Heap_Size = 0x200
                0x00000400                        _Min_Stack_Size = 0x400

.isr_vector     0x08000000       0xbc
                0x08000000                        . = ALIGN (0x4)
 *(.isr_vector)
 .isr_vector    0x08000000       0xbc P01R0\startup_stm32g0b1ceuxn.o
                0x08000000                g_pfnVectors
                0x080000bc                        . = ALIGN (0x4)

.text           0x080000c0    0x2bad8
                0x080000c0                        . = ALIGN (0x4)
 *(.text)
 .text          0x080000c0       0x48 C:/ST/STM32CubeIDE_1.10.1/STM32CubeIDE/plugins/com.st.stm32cube.ide.mcu.externaltools.gnu-tools-for-stm32.12.3.rel1.win32_1.0.200.202406191623/tools/bin/../lib/gcc/arm-none-eabi/12.3.1/thumb/v6-m/nofp/crtbegin.o
 .text          0x08000108       0x14 C:/ST/STM32CubeIDE_1.10.1/STM32CubeIDE/plugins/com.st.stm32cube.ide.mcu.externaltools.gnu-tools-for-stm32.12.3.rel1.win32_1.0.200.202406191623/tools/bin/../lib/gcc/arm-none-eabi/12.3.1/../../../../arm-none-eabi/lib/thumb/v6-m/nofp\libc.a(libc_a-strcmp.o)
                0x08000108                strcmp
 .text          0x0800011c        0xe C:/ST/STM32CubeIDE_1.10.1/STM32CubeIDE/plugins/com.st.stm32cube.ide.mcu.externaltools.gnu-tools-for-stm32.12.3.rel1.win32_1.0.200.202406191623/tools/bin/../lib/gcc/arm-none-eabi/12.3.1/../../../../arm-none-eabi/lib/thumb/v6-m/nofp\libc.a(libc_a-strlen.o)
                0x0800011c                strlen
 *fill*         0x0800012a        0x2 
 .text          0x0800012c       0x14 C:/ST/STM32CubeIDE_1.10.1/STM32CubeIDE/plugins/com.st.stm32cube.ide.mcu.externaltools.gnu-tools-for-stm32.12.3.rel1.win32_1.0.200.202406191623/tools/bin/../lib/gcc/arm-none-eabi/12.3.1/thumb/v6-m/nofp\libgcc.a(_thumb1_case_uqi.o)
                0x0800012c                __gnu_thumb1_case_uqi
 .text          0x08000140       0x14 C:/ST/STM32CubeIDE_1.10.1/STM32CubeIDE/plugins/com.st.stm32cube.ide.mcu.externaltools.gnu-tools-for-stm32.12.3.rel1.win32_1.0.200.202406191623/tools/bin/../lib/gcc/arm-none-eabi/12.3.1/thumb/v6-m/nofp\libgcc.a(_thumb1_case_uhi.o)
                0x08000140                __gnu_thumb1_case_uhi
 .text          0x08000154      0x114 C:/ST/STM32CubeIDE_1.10.1/STM32CubeIDE/plugins/com.st.stm32cube.ide.mcu.externaltools.gnu-tools-for-stm32.12.3.rel1.win32_1.0.200.202406191623/tools/bin/../lib/gcc/arm-none-eabi/12.3.1/thumb/v6-m/nofp\libgcc.a(_udivsi3.o)
                0x08000154                __aeabi_uidiv
                0x08000154                __udivsi3
                0x08000260                __aeabi_uidivmod
 .text          0x08000268      0x1d4 C:/ST/STM32CubeIDE_1.10.1/STM32CubeIDE/plugins/com.st.stm32cube.ide.mcu.externaltools.gnu-tools-for-stm32.12.3.rel1.win32_1.0.200.202406191623/tools/bin/../lib/gcc/arm-none-eabi/12.3.1/thumb/v6-m/nofp\libgcc.a(_divsi3.o)
                0x08000268                __divsi3
                0x08000268                __aeabi_idiv
                0x08000434                __aeabi_idivmod
 .text          0x0800043c        0x4 C:/ST/STM32CubeIDE_1.10.1/STM32CubeIDE/plugins/com.st.stm32cube.ide.mcu.externaltools.gnu-tools-for-stm32.12.3.rel1.win32_1.0.200.202406191623/tools/bin/../lib/gcc/arm-none-eabi/12.3.1/thumb/v6-m/nofp\libgcc.a(_dvmd_tls.o)
                0x0800043c                __aeabi_idiv0
                0x0800043c                __aeabi_ldiv0
 .text          0x08000440       0x7c C:/ST/STM32CubeIDE_1.10.1/STM32CubeIDE/plugins/com.st.stm32cube.ide.mcu.externaltools.gnu-tools-for-stm32.12.3.rel1.win32_1.0.200.202406191623/tools/bin/../lib/gcc/arm-none-eabi/12.3.1/thumb/v6-m/nofp\libgcc.a(_arm_cmpdf2.o)
                0x08000440                __aeabi_cdrcmple
                0x08000450                __aeabi_cdcmple
                0x08000450                __aeabi_cdcmpeq
                0x08000460                __aeabi_dcmpeq
                0x0800046c                __aeabi_dcmplt
                0x08000480                __aeabi_dcmple
                0x08000494                __aeabi_dcmpgt
                0x080004a8                __aeabi_dcmpge
 .text          0x080004bc       0x74 C:/ST/STM32CubeIDE_1.10.1/STM32CubeIDE/plugins/com.st.stm32cube.ide.mcu.externaltools.gnu-tools-for-stm32.12.3.rel1.win32_1.0.200.202406191623/tools/bin/../lib/gcc/arm-none-eabi/12.3.1/thumb/v6-m/nofp\libgcc.a(_arm_cmpsf2.o)
                0x080004bc                __aeabi_cfrcmple
                0x080004c4                __aeabi_cfcmpeq
                0x080004c4                __aeabi_cfcmple
                0x080004d4                __aeabi_fcmpeq
                0x080004e0                __aeabi_fcmplt
                0x080004f4                __aeabi_fcmple
                0x08000508                __aeabi_fcmpgt
                0x0800051c                __aeabi_fcmpge
 .text          0x08000530       0x14 C:/ST/STM32CubeIDE_1.10.1/STM32CubeIDE/plugins/com.st.stm32cube.ide.mcu.externaltools.gnu-tools-for-stm32.12.3.rel1.win32_1.0.200.202406191623/tools/bin/../lib/gcc/arm-none-eabi/12.3.1/thumb/v6-m/nofp\libgcc.a(_aeabi_ulcmp.o)
                0x08000530                __aeabi_ulcmp
 .text          0x08000544       0x40 C:/ST/STM32CubeIDE_1.10.1/STM32CubeIDE/plugins/com.st.stm32cube.ide.mcu.externaltools.gnu-tools-for-stm32.12.3.rel1.win32_1.0.200.202406191623/tools/bin/../lib/gcc/arm-none-eabi/12.3.1/thumb/v6-m/nofp\libgcc.a(_aeabi_uldivmod.o)
                0x08000544                __aeabi_uldivmod
 .text          0x08000584       0x5c C:/ST/STM32CubeIDE_1.10.1/STM32CubeIDE/plugins/com.st.stm32cube.ide.mcu.externaltools.gnu-tools-for-stm32.12.3.rel1.win32_1.0.200.202406191623/tools/bin/../lib/gcc/arm-none-eabi/12.3.1/thumb/v6-m/nofp\libgcc.a(_muldi3.o)
                0x08000584                __muldi3
                0x08000584                __aeabi_lmul
 .text          0x080005e0       0x30 C:/ST/STM32CubeIDE_1.10.1/STM32CubeIDE/plugins/com.st.stm32cube.ide.mcu.externaltools.gnu-tools-for-stm32.12.3.rel1.win32_1.0.200.202406191623/tools/bin/../lib/gcc/arm-none-eabi/12.3.1/thumb/v6-m/nofp\libgcc.a(_fixunssfsi.o)
                0x080005e0                __fixunssfsi
                0x080005e0                __aeabi_f2uiz
 .text          0x08000610       0x3c C:/ST/STM32CubeIDE_1.10.1/STM32CubeIDE/plugins/com.st.stm32cube.ide.mcu.externaltools.gnu-tools-for-stm32.12.3.rel1.win32_1.0.200.202406191623/tools/bin/../lib/gcc/arm-none-eabi/12.3.1/thumb/v6-m/nofp\libgcc.a(_fixunsdfsi.o)
                0x08000610                __aeabi_d2uiz
                0x08000610                __fixunsdfsi
 .text          0x0800064c       0x38 C:/ST/STM32CubeIDE_1.10.1/STM32CubeIDE/plugins/com.st.stm32cube.ide.mcu.externaltools.gnu-tools-for-stm32.12.3.rel1.win32_1.0.200.202406191623/tools/bin/../lib/gcc/arm-none-eabi/12.3.1/thumb/v6-m/nofp\libgcc.a(_fixdfdi.o)
                0x0800064c                __fixdfdi
                0x0800064c                __aeabi_d2lz
 .text          0x08000684       0x3c C:/ST/STM32CubeIDE_1.10.1/STM32CubeIDE/plugins/com.st.stm32cube.ide.mcu.externaltools.gnu-tools-for-stm32.12.3.rel1.win32_1.0.200.202406191623/tools/bin/../lib/gcc/arm-none-eabi/12.3.1/thumb/v6-m/nofp\libgcc.a(_fixunsdfdi.o)
                0x08000684                __fixunsdfdi
                0x08000684                __aeabi_d2ulz
 .text          0x080006c0       0x2c C:/ST/STM32CubeIDE_1.10.1/STM32CubeIDE/plugins/com.st.stm32cube.ide.mcu.externaltools.gnu-tools-for-stm32.12.3.rel1.win32_1.0.200.202406191623/tools/bin/../lib/gcc/arm-none-eabi/12.3.1/thumb/v6-m/nofp\libgcc.a(_floatdidf.o)
                0x080006c0                __aeabi_l2d
                0x080006c0                __floatdidf
 .text          0x080006ec      0x198 C:/ST/STM32CubeIDE_1.10.1/STM32CubeIDE/plugins/com.st.stm32cube.ide.mcu.externaltools.gnu-tools-for-stm32.12.3.rel1.win32_1.0.200.202406191623/tools/bin/../lib/gcc/arm-none-eabi/12.3.1/thumb/v6-m/nofp\libgcc.a(_udivmoddi4.o)
                0x080006ec                __udivmoddi4
 .text          0x08000884      0x240 C:/ST/STM32CubeIDE_1.10.1/STM32CubeIDE/plugins/com.st.stm32cube.ide.mcu.externaltools.gnu-tools-for-stm32.12.3.rel1.win32_1.0.200.202406191623/tools/bin/../lib/gcc/arm-none-eabi/12.3.1/thumb/v6-m/nofp\libgcc.a(divsf3.o)
                0x08000884                __aeabi_fdiv
 .text          0x08000ac4       0x50 C:/ST/STM32CubeIDE_1.10.1/STM32CubeIDE/plugins/com.st.stm32cube.ide.mcu.externaltools.gnu-tools-for-stm32.12.3.rel1.win32_1.0.200.202406191623/tools/bin/../lib/gcc/arm-none-eabi/12.3.1/thumb/v6-m/nofp\libgcc.a(eqsf2.o)
                0x08000ac4                __eqsf2
                0x08000ac4                __nesf2
 .text          0x08000b14       0xa0 C:/ST/STM32CubeIDE_1.10.1/STM32CubeIDE/plugins/com.st.stm32cube.ide.mcu.externaltools.gnu-tools-for-stm32.12.3.rel1.win32_1.0.200.202406191623/tools/bin/../lib/gcc/arm-none-eabi/12.3.1/thumb/v6-m/nofp\libgcc.a(gesf2.o)
                0x08000b14                __gesf2
                0x08000b14                __gtsf2
 .text          0x08000bb4       0x9c C:/ST/STM32CubeIDE_1.10.1/STM32CubeIDE/plugins/com.st.stm32cube.ide.mcu.externaltools.gnu-tools-for-stm32.12.3.rel1.win32_1.0.200.202406191623/tools/bin/../lib/gcc/arm-none-eabi/12.3.1/thumb/v6-m/nofp\libgcc.a(lesf2.o)
                0x08000bb4                __ltsf2
                0x08000bb4                __lesf2
 .text          0x08000c50      0x27c C:/ST/STM32CubeIDE_1.10.1/STM32CubeIDE/plugins/com.st.stm32cube.ide.mcu.externaltools.gnu-tools-for-stm32.12.3.rel1.win32_1.0.200.202406191623/tools/bin/../lib/gcc/arm-none-eabi/12.3.1/thumb/v6-m/nofp\libgcc.a(mulsf3.o)
                0x08000c50                __aeabi_fmul
 .text          0x08000ecc      0x348 C:/ST/STM32CubeIDE_1.10.1/STM32CubeIDE/plugins/com.st.stm32cube.ide.mcu.externaltools.gnu-tools-for-stm32.12.3.rel1.win32_1.0.200.202406191623/tools/bin/../lib/gcc/arm-none-eabi/12.3.1/thumb/v6-m/nofp\libgcc.a(subsf3.o)
                0x08000ecc                __aeabi_fsub
 .text          0x08001214       0x40 C:/ST/STM32CubeIDE_1.10.1/STM32CubeIDE/plugins/com.st.stm32cube.ide.mcu.externaltools.gnu-tools-for-stm32.12.3.rel1.win32_1.0.200.202406191623/tools/bin/../lib/gcc/arm-none-eabi/12.3.1/thumb/v6-m/nofp\libgcc.a(fixsfsi.o)
                0x08001214                __aeabi_f2iz
 .text          0x08001254       0x98 C:/ST/STM32CubeIDE_1.10.1/STM32CubeIDE/plugins/com.st.stm32cube.ide.mcu.externaltools.gnu-tools-for-stm32.12.3.rel1.win32_1.0.200.202406191623/tools/bin/../lib/gcc/arm-none-eabi/12.3.1/thumb/v6-m/nofp\libgcc.a(floatsisf.o)
                0x08001254                __aeabi_i2f
 .text          0x080012ec       0x84 C:/ST/STM32CubeIDE_1.10.1/STM32CubeIDE/plugins/com.st.stm32cube.ide.mcu.externaltools.gnu-tools-for-stm32.12.3.rel1.win32_1.0.200.202406191623/tools/bin/../lib/gcc/arm-none-eabi/12.3.1/thumb/v6-m/nofp\libgcc.a(floatunsisf.o)
                0x080012ec                __aeabi_ui2f
 .text          0x08001370      0x6c8 C:/ST/STM32CubeIDE_1.10.1/STM32CubeIDE/plugins/com.st.stm32cube.ide.mcu.externaltools.gnu-tools-for-stm32.12.3.rel1.win32_1.0.200.202406191623/tools/bin/../lib/gcc/arm-none-eabi/12.3.1/thumb/v6-m/nofp\libgcc.a(adddf3.o)
                0x08001370                __aeabi_dadd
 .text          0x08001a38      0x634 C:/ST/STM32CubeIDE_1.10.1/STM32CubeIDE/plugins/com.st.stm32cube.ide.mcu.externaltools.gnu-tools-for-stm32.12.3.rel1.win32_1.0.200.202406191623/tools/bin/../lib/gcc/arm-none-eabi/12.3.1/thumb/v6-m/nofp\libgcc.a(divdf3.o)
                0x08001a38                __aeabi_ddiv
 .text          0x0800206c       0x88 C:/ST/STM32CubeIDE_1.10.1/STM32CubeIDE/plugins/com.st.stm32cube.ide.mcu.externaltools.gnu-tools-for-stm32.12.3.rel1.win32_1.0.200.202406191623/tools/bin/../lib/gcc/arm-none-eabi/12.3.1/thumb/v6-m/nofp\libgcc.a(eqdf2.o)
                0x0800206c                __nedf2
                0x0800206c                __eqdf2
 .text          0x080020f4       0xe8 C:/ST/STM32CubeIDE_1.10.1/STM32CubeIDE/plugins/com.st.stm32cube.ide.mcu.externaltools.gnu-tools-for-stm32.12.3.rel1.win32_1.0.200.202406191623/tools/bin/../lib/gcc/arm-none-eabi/12.3.1/thumb/v6-m/nofp\libgcc.a(gedf2.o)
                0x080020f4                __gedf2
                0x080020f4                __gtdf2
 .text          0x080021dc       0xe4 C:/ST/STM32CubeIDE_1.10.1/STM32CubeIDE/plugins/com.st.stm32cube.ide.mcu.externaltools.gnu-tools-for-stm32.12.3.rel1.win32_1.0.200.202406191623/tools/bin/../lib/gcc/arm-none-eabi/12.3.1/thumb/v6-m/nofp\libgcc.a(ledf2.o)
                0x080021dc                __ledf2
                0x080021dc                __ltdf2
 .text          0x080022c0      0x590 C:/ST/STM32CubeIDE_1.10.1/STM32CubeIDE/plugins/com.st.stm32cube.ide.mcu.externaltools.gnu-tools-for-stm32.12.3.rel1.win32_1.0.200.202406191623/tools/bin/../lib/gcc/arm-none-eabi/12.3.1/thumb/v6-m/nofp\libgcc.a(muldf3.o)
                0x080022c0                __aeabi_dmul
 .text          0x08002850      0x738 C:/ST/STM32CubeIDE_1.10.1/STM32CubeIDE/plugins/com.st.stm32cube.ide.mcu.externaltools.gnu-tools-for-stm32.12.3.rel1.win32_1.0.200.202406191623/tools/bin/../lib/gcc/arm-none-eabi/12.3.1/thumb/v6-m/nofp\libgcc.a(subdf3.o)
                0x08002850                __aeabi_dsub
 .text          0x08002f88       0x44 C:/ST/STM32CubeIDE_1.10.1/STM32CubeIDE/plugins/com.st.stm32cube.ide.mcu.externaltools.gnu-tools-for-stm32.12.3.rel1.win32_1.0.200.202406191623/tools/bin/../lib/gcc/arm-none-eabi/12.3.1/thumb/v6-m/nofp\libgcc.a(unorddf2.o)
                0x08002f88                __aeabi_dcmpun
 .text          0x08002fcc       0x78 C:/ST/STM32CubeIDE_1.10.1/STM32CubeIDE/plugins/com.st.stm32cube.ide.mcu.externaltools.gnu-tools-for-stm32.12.3.rel1.win32_1.0.200.202406191623/tools/bin/../lib/gcc/arm-none-eabi/12.3.1/thumb/v6-m/nofp\libgcc.a(fixdfsi.o)
                0x08002fcc                __aeabi_d2iz
 .text          0x08003044       0x5c C:/ST/STM32CubeIDE_1.10.1/STM32CubeIDE/plugins/com.st.stm32cube.ide.mcu.externaltools.gnu-tools-for-stm32.12.3.rel1.win32_1.0.200.202406191623/tools/bin/../lib/gcc/arm-none-eabi/12.3.1/thumb/v6-m/nofp\libgcc.a(floatsidf.o)
                0x08003044                __aeabi_i2d
 .text          0x080030a0       0x48 C:/ST/STM32CubeIDE_1.10.1/STM32CubeIDE/plugins/com.st.stm32cube.ide.mcu.externaltools.gnu-tools-for-stm32.12.3.rel1.win32_1.0.200.202406191623/tools/bin/../lib/gcc/arm-none-eabi/12.3.1/thumb/v6-m/nofp\libgcc.a(floatunsidf.o)
                0x080030a0                __aeabi_ui2d
 .text          0x080030e8       0x90 C:/ST/STM32CubeIDE_1.10.1/STM32CubeIDE/plugins/com.st.stm32cube.ide.mcu.externaltools.gnu-tools-for-stm32.12.3.rel1.win32_1.0.200.202406191623/tools/bin/../lib/gcc/arm-none-eabi/12.3.1/thumb/v6-m/nofp\libgcc.a(extendsfdf2.o)
                0x080030e8                __aeabi_f2d
 .text          0x08003178      0x108 C:/ST/STM32CubeIDE_1.10.1/STM32CubeIDE/plugins/com.st.stm32cube.ide.mcu.externaltools.gnu-tools-for-stm32.12.3.rel1.win32_1.0.200.202406191623/tools/bin/../lib/gcc/arm-none-eabi/12.3.1/thumb/v6-m/nofp\libgcc.a(truncdfsf2.o)
                0x08003178                __aeabi_d2f
 .text          0x08003280       0x3c C:/ST/STM32CubeIDE_1.10.1/STM32CubeIDE/plugins/com.st.stm32cube.ide.mcu.externaltools.gnu-tools-for-stm32.12.3.rel1.win32_1.0.200.202406191623/tools/bin/../lib/gcc/arm-none-eabi/12.3.1/thumb/v6-m/nofp\libgcc.a(_clzsi2.o)
                0x08003280                __clzsi2
 .text          0x080032bc       0x18 C:/ST/STM32CubeIDE_1.10.1/STM32CubeIDE/plugins/com.st.stm32cube.ide.mcu.externaltools.gnu-tools-for-stm32.12.3.rel1.win32_1.0.200.202406191623/tools/bin/../lib/gcc/arm-none-eabi/12.3.1/thumb/v6-m/nofp\libgcc.a(_clzdi2.o)
                0x080032bc                __clzdi2
 *(.text*)
 .text.__NVIC_SystemReset
                0x080032d4       0x24 BOS\BOS.o
 .text.Processor_type
                0x080032f8       0x62 BOS\BOS.o
                0x080032f8                Processor_type
 *fill*         0x0800335a        0x2 
 .text.Get_Module_Name
                0x0800335c       0x2c BOS\BOS.o
                0x0800335c                Get_Module_Name
 .text.Send_BOS_Message
                0x08003388       0xfc BOS\BOS.o
                0x08003388                Send_BOS_Message
 .text.LoadEEvars
                0x08003484       0x26 BOS\BOS.o
                0x08003484                LoadEEvars
 *fill*         0x080034aa        0x2 
 .text.LoadEEportsDir
                0x080034ac       0x68 BOS\BOS.o
                0x080034ac                LoadEEportsDir
 .text.LoadEEalias
                0x08003514       0xd8 BOS\BOS.o
                0x08003514                LoadEEalias
 .text.LoadEEgroup
                0x080035ec      0x120 BOS\BOS.o
                0x080035ec                LoadEEgroup
 .text.LoadEEstreams
                0x0800370c      0x21c BOS\BOS.o
                0x0800370c                LoadEEstreams
 .text.LoadEEparams
                0x08003928      0x260 BOS\BOS.o
                0x08003928                LoadEEparams
 .text.LoadEEbuttons
                0x08003b88      0x2ec BOS\BOS.o
                0x08003b88                LoadEEbuttons
 .text.LoadROsnippets
                0x08003e74      0x1d8 BOS\BOS.o
                0x08003e74                LoadROsnippets
 .text.SaveEEportsDir
                0x0800404c       0x78 BOS\BOS.o
                0x0800404c                SaveEEportsDir
 .text.SaveEEalias
                0x080040c4       0xd0 BOS\BOS.o
                0x080040c4                SaveEEalias
 .text.SaveEEstreams
                0x08004194       0xdc BOS\BOS.o
                0x08004194                SaveEEstreams
 .text.SaveEEparams
                0x08004270       0xf8 BOS\BOS.o
                0x08004270                SaveEEparams
 .text.ClearEEportsDir
                0x08004368       0x84 BOS\BOS.o
                0x08004368                ClearEEportsDir
 .text.EE_FormatForFactoryReset
                0x080043ec       0x2c BOS\BOS.o
                0x080043ec                EE_FormatForFactoryReset
 .text.IsLowerCLIbaud
                0x08004418       0xe8 BOS\BOS.o
                0x08004418                IsLowerCLIbaud
 .text.IsModuleParameter
                0x08004500       0x64 BOS\BOS.o
                0x08004500                IsModuleParameter
 .text.IsMathOperator
                0x08004564       0xc4 BOS\BOS.o
                0x08004564                IsMathOperator
 .text.BOS_Init
                0x08004628      0x194 BOS\BOS.o
                0x08004628                BOS_Init
 .text.Module_Init
                0x080047bc       0x1e BOS\BOS.o
                0x080047bc                Module_Init
 *fill*         0x080047da        0x2 
 .text.FindBroadcastRoutes
                0x080047dc      0x39c BOS\BOS.o
                0x080047dc                FindBroadcastRoutes
 .text.FindRoute
                0x08004b78      0x2c0 BOS\BOS.o
                0x08004b78                FindRoute
 .text.minArr   0x08004e38       0x88 BOS\BOS.o
                0x08004e38                minArr
 .text.QnotEmpty
                0x08004ec0       0x50 BOS\BOS.o
                0x08004ec0                QnotEmpty
 .text.DisplayTopology
                0x08004f10      0x250 BOS\BOS.o
                0x08004f10                DisplayTopology
 .text.DisplayPortsDir
                0x08005160      0x118 BOS\BOS.o
                0x08005160                DisplayPortsDir
 .text.DisplayModuleStatus
                0x08005278      0x3c0 BOS\BOS.o
                0x08005278                DisplayModuleStatus
 .text.GetID    0x08005638      0x15c BOS\BOS.o
                0x08005638                GetID
 .text.NameModule
                0x08005794      0x140 BOS\BOS.o
                0x08005794                NameModule
 .text.AddModuleToGroup
                0x080058d4      0x1b8 BOS\BOS.o
                0x080058d4                AddModuleToGroup
 .text.WriteToRemote
                0x08005a8c      0x460 BOS\BOS.o
                0x08005a8c                WriteToRemote
 .text.GetDateString
                0x08005eec       0x5c BOS\BOS.o
                0x08005eec                GetDateString
 .text.Bridge   0x08005f48       0x4c BOS\BOS.o
                0x08005f48                Bridge
 .text.Unbridge
                0x08005f94       0xcc BOS\BOS.o
                0x08005f94                Unbridge
 .text.EnableStopModebyUARTx
                0x08006060       0xb8 BOS\BOS.o
                0x08006060                EnableStopModebyUARTx
 .text.EnableStandbyModebyWakeupPinx
                0x08006118       0x64 BOS\BOS.o
                0x08006118                EnableStandbyModebyWakeupPinx
 .text.DisableStandbyModeWakeupPinx
                0x0800617c       0x9c BOS\BOS.o
                0x0800617c                DisableStandbyModeWakeupPinx
 .text.prvCLITask
                0x08006218      0x278 BOS\BOS_CLI.o
                0x08006218                prvCLITask
 .text.CLI_CommandParser
                0x08006490      0x574 BOS\BOS_CLI.o
                0x08006490                CLI_CommandParser
 .text.StringToLowerCase
                0x08006a04       0x6c BOS\BOS_CLI.o
                0x08006a04                StringToLowerCase
 .text.AddSnippet
                0x08006a70      0x1b4 BOS\BOS_CLI.o
                0x08006a70                AddSnippet
 .text.ParseSnippetCondition
                0x08006c24      0x7f8 BOS\BOS_CLI.o
                0x08006c24                ParseSnippetCondition
 .text.ParseSnippetCommand
                0x0800741c       0xc8 BOS\BOS_CLI.o
                0x0800741c                ParseSnippetCommand
 .text.CheckSnippetCondition
                0x080074e4      0x1b4 BOS\BOS_CLI.o
                0x080074e4                CheckSnippetCondition
 .text.ExecuteSnippet
                0x08007698       0xd0 BOS\BOS_CLI.o
                0x08007698                ExecuteSnippet
 .text.__NVIC_SystemReset
                0x08007768       0x24 BOS\BOS_CLIcommands.o
 .text.RegisterUserCLICommands
                0x0800778c        0xa BOS\BOS_CLIcommands.o
                0x0800778c                RegisterUserCLICommands
 *fill*         0x08007796        0x2 
 .text.vRegisterCLICommands
                0x08007798      0x19c BOS\BOS_CLIcommands.o
                0x08007798                vRegisterCLICommands
 .text.prvTaskStatsCommand
                0x08007934       0x40 BOS\BOS_CLIcommands.o
 .text.prvRunTimeStatsCommand
                0x08007974       0x40 BOS\BOS_CLIcommands.o
 .text.pingCommand
                0x080079b4       0x9c BOS\BOS_CLIcommands.o
 .text.bootloaderUpdateCommand
                0x08007a50      0x1fc BOS\BOS_CLIcommands.o
 .text.resetCommand
                0x08007c4c       0x10 BOS\BOS_CLIcommands.o
 .text.nameCommand
                0x08007c5c       0xe8 BOS\BOS_CLIcommands.o
 .text.groupCommand
                0x08007d44      0x2fc BOS\BOS_CLIcommands.o
 .text.statusCommand
                0x08008040       0x1c BOS\BOS_CLIcommands.o
 .text.infoCommand
                0x0800805c       0xfc BOS\BOS_CLIcommands.o
 .text.scastCommand
                0x08008158      0x2dc BOS\BOS_CLIcommands.o
 .text.addbuttonCommand
                0x08008434      0x150 BOS\BOS_CLIcommands.o
 .text.removebuttonCommand
                0x08008584       0x94 BOS\BOS_CLIcommands.o
 .text.setCommand
                0x08008618      0xbf8 BOS\BOS_CLIcommands.o
 .text.getCommand
                0x08009210      0x3b4 BOS\BOS_CLIcommands.o
 .text.defaultCommand
                0x080095c4       0xf4 BOS\BOS_CLIcommands.o
 .text.timeCommand
                0x080096b8       0xd8 BOS\BOS_CLIcommands.o
 .text.dateCommand
                0x08009790       0x34 BOS\BOS_CLIcommands.o
 .text.setBaudrateCommand
                0x080097c4       0xc0 BOS\BOS_CLIcommands.o
 .text.uuidCommand
                0x08009884       0x70 BOS\BOS_CLIcommands.o
 .text.idcodeCommand
                0x080098f4       0xe0 BOS\BOS_CLIcommands.o
 .text.flashsizeCommand
                0x080099d4       0x34 BOS\BOS_CLIcommands.o
 .text.snipCommand
                0x08009a08      0x3ac BOS\BOS_CLIcommands.o
 .text.actSnipCommand
                0x08009db4       0xb8 BOS\BOS_CLIcommands.o
 .text.pauseSnipCommand
                0x08009e6c       0xb8 BOS\BOS_CLIcommands.o
 .text.delSnipCommand
                0x08009f24      0x1d4 BOS\BOS_CLIcommands.o
 .text.bridgeCommand
                0x0800a0f8      0x11c BOS\BOS_CLIcommands.o
 .text.unbridgeCommand
                0x0800a214      0x11c BOS\BOS_CLIcommands.o
 .text.testportCommand
                0x0800a330      0x2e8 BOS\BOS_CLIcommands.o
 .text.ADCReadCommand
                0x0800a618      0x134 BOS\BOS_CLIcommands.o
 .text.ReadTempCommand
                0x0800a74c       0x54 BOS\BOS_CLIcommands.o
 .text.ReadVrefCommand
                0x0800a7a0       0x54 BOS\BOS_CLIcommands.o
 .text.GetReadPrecentageCommand
                0x0800a7f4       0x98 BOS\BOS_CLIcommands.o
 .text.StartDMAstream
                0x0800a88c       0xb0 BOS\BOS_dma.o
                0x0800a88c                StartDMAstream
 .text.ResetUartORE
                0x0800a93c       0x48 BOS\BOS_dma.o
                0x0800a93c                ResetUartORE
 .text.MX_FREERTOS_Init
                0x0800a984      0x214 BOS\BOS_freertos.o
                0x0800a984                MX_FREERTOS_Init
 .text.StartDefaultTask
                0x0800ab98      0x118 BOS\BOS_freertos.o
                0x0800ab98                StartDefaultTask
 .text.ExecuteMonitor
                0x0800acb0      0x4c8 BOS\BOS_freertos.o
                0x0800acb0                ExecuteMonitor
 .text.vMainConfigureTimerForRunTimeStats
                0x0800b178       0x2c BOS\BOS_freertos.o
                0x0800b178                vMainConfigureTimerForRunTimeStats
 .text.ulMainGetRunTimeCounterValue
                0x0800b1a4       0x90 BOS\BOS_freertos.o
                0x0800b1a4                ulMainGetRunTimeCounterValue
 .text.SetupDMAStreams
                0x0800b234      0x27c BOS\BOS_messaging.o
                0x0800b234                SetupDMAStreams
 .text.StreamTimerCallback
                0x0800b4b0       0x34 BOS\BOS_messaging.o
                0x0800b4b0                StreamTimerCallback
 .text.ForwardReceivedMessage
                0x0800b4e4       0x78 BOS\BOS_messaging.o
                0x0800b4e4                ForwardReceivedMessage
 .text.BroadcastReceivedMessage
                0x0800b55c       0x70 BOS\BOS_messaging.o
                0x0800b55c                BroadcastReceivedMessage
 .text.NotifyMessagingTask
                0x0800b5cc       0x90 BOS\BOS_messaging.o
                0x0800b5cc                NotifyMessagingTask
 .text.BroadcastMessage
                0x0800b65c       0x94 BOS\BOS_messaging.o
                0x0800b65c                BroadcastMessage
 .text.SendMessageToModule
                0x0800b6f0       0xa0 BOS\BOS_messaging.o
                0x0800b6f0                SendMessageToModule
 .text.SendMessageFromPort
                0x0800b790      0x6b4 BOS\BOS_messaging.o
                0x0800b790                SendMessageFromPort
 .text.StartScastDMAStream
                0x0800be44      0x30c BOS\BOS_messaging.o
                0x0800be44                StartScastDMAStream
 .text.__NVIC_SystemReset
                0x0800c150       0x24 BOS\BOS_msgparser.o
 .text.BackEndTask
                0x0800c174      0x858 BOS\BOS_msgparser.o
                0x0800c174                BackEndTask
 .text.PxMessagingTask
                0x0800c9cc     0x548c BOS\BOS_msgparser.o
                0x0800c9cc                PxMessagingTask
 .text.User_MessagingParser
                0x08011e58       0x3a BOS\BOS_msgparser.o
                0x08011e58                User_MessagingParser
 *fill*         0x08011e92        0x2 
 .text.SystemClock_Config
                0x08011e94      0x170 P01R0\P01R0.o
                0x08011e94                SystemClock_Config
 .text.SaveToRO
                0x08012004      0x414 P01R0\P01R0.o
                0x08012004                SaveToRO
 .text.remoteBootloaderUpdate
                0x08012418      0x178 P01R0\P01R0.o
                0x08012418                remoteBootloaderUpdate
 .text.SetupPortForRemoteBootloaderUpdate
                0x08012590       0x52 P01R0\P01R0.o
                0x08012590                SetupPortForRemoteBootloaderUpdate
 *fill*         0x080125e2        0x2 
 .text.Module_Peripheral_Init
                0x080125e4      0x194 P01R0\P01R0.o
                0x080125e4                Module_Peripheral_Init
 .text.Module_MessagingTask
                0x08012778      0x85c P01R0\P01R0.o
                0x08012778                Module_MessagingTask
 .text.GetPort  0x08012fd4       0x80 P01R0\P01R0.o
                0x08012fd4                GetPort
 .text.RGBledTask
                0x08013054       0xb4 P01R0\P01R0.o
                0x08013054                RGBledTask
 .text.RegisterModuleCLICommands
                0x08013108       0x84 P01R0\P01R0.o
                0x08013108                RegisterModuleCLICommands
 .text.RGB_LED_on
                0x0801318c       0x8c P01R0\P01R0.o
                0x0801318c                RGB_LED_on
 .text.RGB_LED_off
                0x08013218       0x64 P01R0\P01R0.o
                0x08013218                RGB_LED_off
 .text.RGB_LED_toggle
                0x0801327c       0x4c P01R0\P01R0.o
                0x0801327c                RGB_LED_toggle
 .text.RGB_LED_setRGB
                0x080132c8       0x64 P01R0\P01R0.o
                0x080132c8                RGB_LED_setRGB
 .text.RGB_LED_setColor
                0x0801332c      0x118 P01R0\P01R0.o
                0x0801332c                RGB_LED_setColor
 .text.RGB_LED_pulseRGB
                0x08013444       0x84 P01R0\P01R0.o
                0x08013444                RGB_LED_pulseRGB
 .text.RGB_LED_pulseColor
                0x080134c8       0x60 P01R0\P01R0.o
                0x080134c8                RGB_LED_pulseColor
 .text.RGB_LED_sweep
                0x08013528       0x60 P01R0\P01R0.o
                0x08013528                RGB_LED_sweep
 .text.RGB_LED_dim
                0x08013588       0x7c P01R0\P01R0.o
                0x08013588                RGB_LED_dim
 .text.startPWM
                0x08013604      0x1b0 P01R0\P01R0.o
                0x08013604                startPWM
 .text.RGBpulse
                0x080137b4       0xd8 P01R0\P01R0.o
                0x080137b4                RGBpulse
 .text.RGBsweepBasic
                0x0801388c       0xd0 P01R0\P01R0.o
                0x0801388c                RGBsweepBasic
 .text.RGBsweepFine
                0x0801395c      0x248 P01R0\P01R0.o
                0x0801395c                RGBsweepFine
 .text.RGBdim   0x08013ba4      0x478 P01R0\P01R0.o
                0x08013ba4                RGBdim
 .text.demoCommand
                0x0801401c       0xec P01R0\P01R0.o
                0x0801401c                demoCommand
 .text.onCommand
                0x08014108       0x98 P01R0\P01R0.o
                0x08014108                onCommand
 .text.offCommand
                0x080141a0       0x2c P01R0\P01R0.o
                0x080141a0                offCommand
 .text.colorCommand
                0x080141cc      0x20c P01R0\P01R0.o
                0x080141cc                colorCommand
 .text.RGBCommand
                0x080143d8      0x184 P01R0\P01R0.o
                0x080143d8                RGBCommand
 .text.toggleCommand
                0x0801455c       0xcc P01R0\P01R0.o
                0x0801455c                toggleCommand
 .text.pulseColorCommand
                0x08014628      0x26c P01R0\P01R0.o
                0x08014628                pulseColorCommand
 .text.pulseRGBCommand
                0x08014894      0x1fc P01R0\P01R0.o
                0x08014894                pulseRGBCommand
 .text.sweepCommand
                0x08014a90      0x174 P01R0\P01R0.o
                0x08014a90                sweepCommand
 .text.dimCommand
                0x08014c04      0x3c8 P01R0\P01R0.o
                0x08014c04                dimCommand
 .text.LL_DMAMUX_SetRequestID
                0x08014fcc       0x3c P01R0\P01R0_dma.o
 .text.DMA_Init
                0x08015008       0xa8 P01R0\P01R0_dma.o
                0x08015008                DMA_Init
 .text.DMA_MSG_RX_CH_Init
                0x080150b0       0x4c P01R0\P01R0_dma.o
                0x080150b0                DMA_MSG_RX_CH_Init
 .text.DMA_STREAM_CH_Init
                0x080150fc       0x4c P01R0\P01R0_dma.o
                0x080150fc                DMA_STREAM_CH_Init
 .text.SetupMessagingRxDMAs
                0x08015148       0x9c P01R0\P01R0_dma.o
                0x08015148                SetupMessagingRxDMAs
 .text.DMA_MSG_RX_Setup
                0x080151e4       0x38 P01R0\P01R0_dma.o
                0x080151e4                DMA_MSG_RX_Setup
 .text.DMA_MSG_TX_UnSetup
                0x0801521c       0x28 P01R0\P01R0_dma.o
                0x0801521c                DMA_MSG_TX_UnSetup
 .text.DMA_STREAM_Setup
                0x08015244       0x68 P01R0\P01R0_dma.o
                0x08015244                DMA_STREAM_Setup
 .text.StopStreamDMA
                0x080152ac       0x70 P01R0\P01R0_dma.o
                0x080152ac                StopStreamDMA
 .text.StopMsgDMA
                0x0801531c       0x4c P01R0\P01R0_dma.o
                0x0801531c                StopMsgDMA
 .text.SwitchMsgDMAToStream
                0x08015368       0x50 P01R0\P01R0_dma.o
                0x08015368                SwitchMsgDMAToStream
 .text.SwitchStreamDMAToMsg
                0x080153b8       0xd8 P01R0\P01R0_dma.o
                0x080153b8                SwitchStreamDMAToMsg
 .text.UnSetupDMAInterrupts
                0x08015490       0xe4 P01R0\P01R0_dma.o
                0x08015490                UnSetupDMAInterrupts
 .text.RemapAndLinkDMAtoUARTRx
                0x08015574      0x134 P01R0\P01R0_dma.o
                0x08015574                RemapAndLinkDMAtoUARTRx
 .text.CRC_Init
                0x080156a8       0x44 P01R0\P01R0_dma.o
                0x080156a8                CRC_Init
 .text.HAL_CRC_MspInit
                0x080156ec       0x30 P01R0\P01R0_dma.o
                0x080156ec                HAL_CRC_MspInit
 .text.CalculateCRC8
                0x0801571c      0x154 P01R0\P01R0_dma.o
                0x0801571c                CalculateCRC8
 .text.EE_Init  0x08015870      0x684 P01R0\P01R0_eeprom.o
                0x08015870                EE_Init
 .text.EE_ReadVariable
                0x08015ef4       0xc0 P01R0\P01R0_eeprom.o
                0x08015ef4                EE_ReadVariable
 .text.EE_WriteVariable
                0x08015fb4       0x64 P01R0\P01R0_eeprom.o
                0x08015fb4                EE_WriteVariable
 .text.EE_Format
                0x08016018      0x14c P01R0\P01R0_eeprom.o
                0x08016018                EE_Format
 .text.EE_FindValidPage
                0x08016164       0x90 P01R0\P01R0_eeprom.o
 .text.EE_VerifyPageFullWriteVariable
                0x080161f4      0x160 P01R0\P01R0_eeprom.o
 .text.EE_PageTransfer
                0x08016354      0x20c P01R0\P01R0_eeprom.o
 .text.EraseSector
                0x08016560       0x60 P01R0\P01R0_eeprom.o
                0x08016560                EraseSector
 .text.GPIO_Init
                0x080165c0       0x90 P01R0\P01R0_gpio.o
                0x080165c0                GPIO_Init
 .text.IND_LED_Init
                0x08016650       0x38 P01R0\P01R0_gpio.o
                0x08016650                IND_LED_Init
 .text.IsFactoryReset
                0x08016688      0x15c P01R0\P01R0_gpio.o
                0x08016688                IsFactoryReset
 .text.GetPortGPIOs
                0x080167e4      0x11c P01R0\P01R0_gpio.o
                0x080167e4                GetPortGPIOs
 .text.buttonPressedCallback
                0x08016900       0x14 P01R0\P01R0_inputs.o
                0x08016900                buttonPressedCallback
 .text.CheckAttachedButtons
                0x08016914      0x7a8 P01R0\P01R0_inputs.o
                0x08016914                CheckAttachedButtons
 .text.CheckForTimedButtonPress
                0x080170bc       0xfc P01R0\P01R0_inputs.o
                0x080170bc                CheckForTimedButtonPress
 .text.CheckForTimedButtonRelease
                0x080171b8       0xfc P01R0\P01R0_inputs.o
                0x080171b8                CheckForTimedButtonRelease
 .text.AddPortButton
                0x080172b4      0x268 P01R0\P01R0_inputs.o
                0x080172b4                AddPortButton
 .text.RemovePortButton
                0x0801751c      0x200 P01R0\P01R0_inputs.o
                0x0801751c                RemovePortButton
 .text.SetButtonEvents
                0x0801771c      0x77c P01R0\P01R0_inputs.o
                0x0801771c                SetButtonEvents
 .text.MX_ADC_Init
                0x08017e98       0x88 P01R0\P01R0_inputs.o
                0x08017e98                MX_ADC_Init
 .text.HAL_ADC_MspInit
                0x08017f20       0xc4 P01R0\P01R0_inputs.o
                0x08017f20                HAL_ADC_MspInit
 .text.ADCSelectChannel
                0x08017fe4       0xac P01R0\P01R0_inputs.o
                0x08017fe4                ADCSelectChannel
 .text.ReadADCChannel
                0x08018090      0x10c P01R0\P01R0_inputs.o
                0x08018090                ReadADCChannel
 .text.ReadTempAndVref
                0x0801819c      0x1f0 P01R0\P01R0_inputs.o
                0x0801819c                ReadTempAndVref
 .text.GetReadPrecentage
                0x0801838c      0x220 P01R0\P01R0_inputs.o
                0x0801838c                GetReadPrecentage
 .text.Get_channel
                0x080185ac       0xac P01R0\P01R0_inputs.o
                0x080185ac                Get_channel
 .text.Error_Handler
                0x08018658       0x10 P01R0\P01R0_inputs.o
                0x08018658                Error_Handler
 .text.Get_Rank
                0x08018668       0xa4 P01R0\P01R0_inputs.o
                0x08018668                Get_Rank
 .text.buttonReleasedCallback
                0x0801870c       0x14 P01R0\P01R0_inputs.o
                0x0801870c                buttonReleasedCallback
 .text.buttonClickedCallback
                0x08018720       0x14 P01R0\P01R0_inputs.o
                0x08018720                buttonClickedCallback
 .text.buttonDblClickedCallback
                0x08018734       0x14 P01R0\P01R0_inputs.o
                0x08018734                buttonDblClickedCallback
 .text.buttonPressedForXCallback
                0x08018748       0x1a P01R0\P01R0_inputs.o
                0x08018748                buttonPressedForXCallback
 .text.buttonReleasedForYCallback
                0x08018762       0x1a P01R0\P01R0_inputs.o
                0x08018762                buttonReleasedForYCallback
 .text.__NVIC_SystemReset
                0x0801877c       0x24 P01R0\P01R0_it.o
 .text.SysTick_Handler
                0x080187a0       0x12 P01R0\P01R0_it.o
                0x080187a0                SysTick_Handler
 *fill*         0x080187b2        0x2 
 .text.HardFault_Handler
                0x080187b4       0x40 P01R0\P01R0_it.o
                0x080187b4                HardFault_Handler
 .text.USART1_IRQHandler
                0x080187f4       0x30 P01R0\P01R0_it.o
                0x080187f4                USART1_IRQHandler
 .text.USART2_LPUART2_IRQHandler
                0x08018824       0x30 P01R0\P01R0_it.o
                0x08018824                USART2_LPUART2_IRQHandler
 .text.USART3_4_5_6_LPUART1_IRQHandler
                0x08018854       0x48 P01R0\P01R0_it.o
                0x08018854                USART3_4_5_6_LPUART1_IRQHandler
 .text.HAL_UART_TxCpltCallback
                0x0801889c       0x48 P01R0\P01R0_it.o
                0x0801889c                HAL_UART_TxCpltCallback
 .text.HAL_UART_ErrorCallback
                0x080188e4       0xd4 P01R0\P01R0_it.o
                0x080188e4                HAL_UART_ErrorCallback
 .text.HAL_UART_RxCpltCallback
                0x080189b8       0x10 P01R0\P01R0_it.o
                0x080189b8                HAL_UART_RxCpltCallback
 .text.HAL_UARTEx_WakeupCallback
                0x080189c8       0x5c P01R0\P01R0_it.o
                0x080189c8                HAL_UARTEx_WakeupCallback
 .text.vApplicationStackOverflowHook
                0x08018a24       0x44 P01R0\P01R0_it.o
                0x08018a24                vApplicationStackOverflowHook
 .text.vApplicationMallocFailedHook
                0x08018a68       0x40 P01R0\P01R0_it.o
                0x08018a68                vApplicationMallocFailedHook
 .text.RTC_Init
                0x08018aa8       0xc4 P01R0\P01R0_rtc.o
                0x08018aa8                RTC_Init
 .text.RTC_CalendarConfig
                0x08018b6c      0x18c P01R0\P01R0_rtc.o
                0x08018b6c                RTC_CalendarConfig
 .text.BOS_CalendarConfig
                0x08018cf8      0x128 P01R0\P01R0_rtc.o
                0x08018cf8                BOS_CalendarConfig
 .text.GetTimeDate
                0x08018e20       0x90 P01R0\P01R0_rtc.o
                0x08018e20                GetTimeDate
 .text.MX_IWDG_Init
                0x08018eb0       0x3c P01R0\P01R0_timers.o
                0x08018eb0                MX_IWDG_Init
 .text.MX_TIM2_Init
                0x08018eec      0x118 P01R0\P01R0_timers.o
                0x08018eec                MX_TIM2_Init
 .text.MX_TIM3_Init
                0x08019004      0x128 P01R0\P01R0_timers.o
                0x08019004                MX_TIM3_Init
 .text.MX_TIM4_Init
                0x0801912c      0x128 P01R0\P01R0_timers.o
                0x0801912c                MX_TIM4_Init
 .text.HAL_TIM_MspPostInit
                0x08019254      0x128 P01R0\P01R0_timers.o
                0x08019254                HAL_TIM_MspPostInit
 .text.TIM_USEC_Init
                0x0801937c       0x74 P01R0\P01R0_timers.o
                0x0801937c                TIM_USEC_Init
 .text.TIM_MSEC_Init
                0x080193f0       0x78 P01R0\P01R0_timers.o
                0x080193f0                TIM_MSEC_Init
 .text.StartMicroDelay
                0x08019468       0x48 P01R0\P01R0_timers.o
                0x08019468                StartMicroDelay
 .text.StartMilliDelay
                0x080194b0       0x48 P01R0\P01R0_timers.o
                0x080194b0                StartMilliDelay
 .text.MX_USART1_UART_Init
                0x080194f8       0x60 P01R0\P01R0_uart.o
                0x080194f8                MX_USART1_UART_Init
 .text.MX_USART2_UART_Init
                0x08019558       0x60 P01R0\P01R0_uart.o
                0x08019558                MX_USART2_UART_Init
 .text.MX_USART3_UART_Init
                0x080195b8       0x60 P01R0\P01R0_uart.o
                0x080195b8                MX_USART3_UART_Init
 .text.MX_USART5_UART_Init
                0x08019618       0x60 P01R0\P01R0_uart.o
                0x08019618                MX_USART5_UART_Init
 .text.MX_USART6_UART_Init
                0x08019678       0x60 P01R0\P01R0_uart.o
                0x08019678                MX_USART6_UART_Init
 .text.HAL_UART_MspInit
                0x080196d8      0x5b0 P01R0\P01R0_uart.o
                0x080196d8                HAL_UART_MspInit
 .text.writePxMutex
                0x08019c88       0xac P01R0\P01R0_uart.o
                0x08019c88                writePxMutex
 .text.writePxITMutex
                0x08019d34       0x78 P01R0\P01R0_uart.o
                0x08019d34                writePxITMutex
 .text.UpdateBaudrate
                0x08019dac       0x3e P01R0\P01R0_uart.o
                0x08019dac                UpdateBaudrate
 *fill*         0x08019dea        0x2 
 .text.GetUart  0x08019dec       0x54 P01R0\P01R0_uart.o
                0x08019dec                GetUart
 .text.SwapUartPins
                0x08019e40       0xd0 P01R0\P01R0_uart.o
                0x08019e40                SwapUartPins
 .text.ReadPortsDir
                0x08019f10       0xa8 P01R0\P01R0_uart.o
                0x08019f10                ReadPortsDir
 .text.ReadPortsDirMSG
                0x08019fb8       0x80 P01R0\P01R0_uart.o
                0x08019fb8                ReadPortsDirMSG
 .text.Reset_Handler
                0x0801a038       0x90 P01R0\startup_stm32g0b1ceuxn.o
                0x0801a038                Reset_Handler
 .text.Default_Handler
                0x0801a0c8        0x2 P01R0\startup_stm32g0b1ceuxn.o
                0x0801a0c8                I2C2_3_IRQHandler
                0x0801a0c8                TIM1_CC_IRQHandler
                0x0801a0c8                ADC1_COMP_IRQHandler
                0x0801a0c8                NMI_Handler
                0x0801a0c8                I2C1_IRQHandler
                0x0801a0c8                TIM7_LPTIM2_IRQHandler
                0x0801a0c8                TIM17_FDCAN_IT1_IRQHandler
                0x0801a0c8                DMA1_Ch4_7_DMA2_Ch1_5_DMAMUX1_OVR_IRQHandler
                0x0801a0c8                RCC_CRS_IRQHandler
                0x0801a0c8                RTC_TAMP_IRQHandler
                0x0801a0c8                SPI1_IRQHandler
                0x0801a0c8                USB_UCPD1_2_IRQHandler
                0x0801a0c8                EXTI2_3_IRQHandler
                0x0801a0c8                PVD_VDDIO2_IRQHandler
                0x0801a0c8                EXTI4_15_IRQHandler
                0x0801a0c8                DMA1_Channel1_IRQHandler
                0x0801a0c8                Default_Handler
                0x0801a0c8                CEC_IRQHandler
                0x0801a0c8                TIM14_IRQHandler
                0x0801a0c8                TIM15_IRQHandler
                0x0801a0c8                TIM3_TIM4_IRQHandler
                0x0801a0c8                EXTI0_1_IRQHandler
                0x0801a0c8                SPI2_3_IRQHandler
                0x0801a0c8                TIM6_DAC_LPTIM1_IRQHandler
                0x0801a0c8                WWDG_IRQHandler
                0x0801a0c8                TIM2_IRQHandler
                0x0801a0c8                DMA1_Channel2_3_IRQHandler
                0x0801a0c8                FLASH_IRQHandler
                0x0801a0c8                TIM16_FDCAN_IT0_IRQHandler
                0x0801a0c8                TIM1_BRK_UP_TRG_COM_IRQHandler
 .text.SystemInit
                0x0801a0ca        0xa Thirdparty\CMSIS\STM32G0xx\Device\ST\STM32G0xx\Source\Templates\system_stm32g0xx.o
                0x0801a0ca                SystemInit
 .text.inHandlerMode
                0x0801a0d4       0x1c Thirdparty\Middleware\STM32G0xx\FreeRTOS\Source\CMSIS_RTOS\cmsis_os.o
 .text.osKernelStart
                0x0801a0f0       0x10 Thirdparty\Middleware\STM32G0xx\FreeRTOS\Source\CMSIS_RTOS\cmsis_os.o
                0x0801a0f0                osKernelStart
 .text.osDelay  0x0801a100       0x28 Thirdparty\Middleware\STM32G0xx\FreeRTOS\Source\CMSIS_RTOS\cmsis_os.o
                0x0801a100                osDelay
 .text.osSemaphoreCreate
                0x0801a128       0x4a Thirdparty\Middleware\STM32G0xx\FreeRTOS\Source\CMSIS_RTOS\cmsis_os.o
                0x0801a128                osSemaphoreCreate
 *fill*         0x0801a172        0x2 
 .text.osSemaphoreWait
                0x0801a174       0x94 Thirdparty\Middleware\STM32G0xx\FreeRTOS\Source\CMSIS_RTOS\cmsis_os.o
                0x0801a174                osSemaphoreWait
 .text.osSemaphoreRelease
                0x0801a208       0x64 Thirdparty\Middleware\STM32G0xx\FreeRTOS\Source\CMSIS_RTOS\cmsis_os.o
                0x0801a208                osSemaphoreRelease
 .text.osSystickHandler
                0x0801a26c       0x18 Thirdparty\Middleware\STM32G0xx\FreeRTOS\Source\CMSIS_RTOS\cmsis_os.o
                0x0801a26c                osSystickHandler
 .text.FreeRTOS_CLIRegisterCommand
                0x0801a284       0x50 Thirdparty\Middleware\STM32G0xx\FreeRTOS\Source\FreeRTOS_CLI.o
                0x0801a284                FreeRTOS_CLIRegisterCommand
 .text.FreeRTOS_CLIProcessCommand
                0x0801a2d4      0x11c Thirdparty\Middleware\STM32G0xx\FreeRTOS\Source\FreeRTOS_CLI.o
                0x0801a2d4                FreeRTOS_CLIProcessCommand
 .text.FreeRTOS_CLIGetOutputBuffer
                0x0801a3f0       0x10 Thirdparty\Middleware\STM32G0xx\FreeRTOS\Source\FreeRTOS_CLI.o
                0x0801a3f0                FreeRTOS_CLIGetOutputBuffer
 .text.FreeRTOS_CLIGetParameter
                0x0801a400       0xbc Thirdparty\Middleware\STM32G0xx\FreeRTOS\Source\FreeRTOS_CLI.o
                0x0801a400                FreeRTOS_CLIGetParameter
 .text.prvHelpCommand
                0x0801a4bc      0x154 Thirdparty\Middleware\STM32G0xx\FreeRTOS\Source\FreeRTOS_CLI.o
 .text.prvGetNumberOfParameters
                0x0801a610       0x7a Thirdparty\Middleware\STM32G0xx\FreeRTOS\Source\FreeRTOS_CLI.o
 .text.vListInitialise
                0x0801a68a       0x3c Thirdparty\Middleware\STM32G0xx\FreeRTOS\Source\list.o
                0x0801a68a                vListInitialise
 .text.vListInitialiseItem
                0x0801a6c6       0x16 Thirdparty\Middleware\STM32G0xx\FreeRTOS\Source\list.o
                0x0801a6c6                vListInitialiseItem
 .text.vListInsertEnd
                0x0801a6dc       0x44 Thirdparty\Middleware\STM32G0xx\FreeRTOS\Source\list.o
                0x0801a6dc                vListInsertEnd
 .text.vListInsert
                0x0801a720       0x6c Thirdparty\Middleware\STM32G0xx\FreeRTOS\Source\list.o
                0x0801a720                vListInsert
 .text.uxListRemove
                0x0801a78c       0x50 Thirdparty\Middleware\STM32G0xx\FreeRTOS\Source\list.o
                0x0801a78c                uxListRemove
 .text.pxPortInitialiseStack
                0x0801a7dc       0x54 Thirdparty\Middleware\STM32G0xx\FreeRTOS\Source\portable\GCC\ARM_CM0\port.o
                0x0801a7dc                pxPortInitialiseStack
 .text.prvTaskExitError
                0x0801a830       0x1e Thirdparty\Middleware\STM32G0xx\FreeRTOS\Source\portable\GCC\ARM_CM0\port.o
 .text.SVC_Handler
                0x0801a84e        0xa Thirdparty\Middleware\STM32G0xx\FreeRTOS\Source\portable\GCC\ARM_CM0\port.o
                0x0801a84e                SVC_Handler
 *fill*         0x0801a858        0x8 
 .text.vPortStartFirstTask
                0x0801a860       0x38 Thirdparty\Middleware\STM32G0xx\FreeRTOS\Source\portable\GCC\ARM_CM0\port.o
 .text.xPortStartScheduler
                0x0801a898       0x48 Thirdparty\Middleware\STM32G0xx\FreeRTOS\Source\portable\GCC\ARM_CM0\port.o
                0x0801a898                xPortStartScheduler
 .text.vPortYield
                0x0801a8e0       0x20 Thirdparty\Middleware\STM32G0xx\FreeRTOS\Source\portable\GCC\ARM_CM0\port.o
                0x0801a8e0                vPortYield
 .text.vPortEnterCritical
                0x0801a900       0x24 Thirdparty\Middleware\STM32G0xx\FreeRTOS\Source\portable\GCC\ARM_CM0\port.o
                0x0801a900                vPortEnterCritical
 .text.vPortExitCritical
                0x0801a924       0x24 Thirdparty\Middleware\STM32G0xx\FreeRTOS\Source\portable\GCC\ARM_CM0\port.o
                0x0801a924                vPortExitCritical
 .text.ulSetInterruptMaskFromISR
                0x0801a948        0xc Thirdparty\Middleware\STM32G0xx\FreeRTOS\Source\portable\GCC\ARM_CM0\port.o
                0x0801a948                ulSetInterruptMaskFromISR
 .text.vClearInterruptMaskFromISR
                0x0801a954        0x8 Thirdparty\Middleware\STM32G0xx\FreeRTOS\Source\portable\GCC\ARM_CM0\port.o
                0x0801a954                vClearInterruptMaskFromISR
 *fill*         0x0801a95c        0x4 
 .text.PendSV_Handler
                0x0801a960       0x48 Thirdparty\Middleware\STM32G0xx\FreeRTOS\Source\portable\GCC\ARM_CM0\port.o
                0x0801a960                PendSV_Handler
 .text.xPortSysTickHandler
                0x0801a9a8       0x34 Thirdparty\Middleware\STM32G0xx\FreeRTOS\Source\portable\GCC\ARM_CM0\port.o
                0x0801a9a8                xPortSysTickHandler
 .text.vPortSetupTimerInterrupt
                0x0801a9dc       0x44 Thirdparty\Middleware\STM32G0xx\FreeRTOS\Source\portable\GCC\ARM_CM0\port.o
                0x0801a9dc                vPortSetupTimerInterrupt
 .text.pvPortMalloc
                0x0801aa20      0x140 Thirdparty\Middleware\STM32G0xx\FreeRTOS\Source\portable\MemMang\heap_4.o
                0x0801aa20                pvPortMalloc
 .text.vPortFree
                0x0801ab60       0x80 Thirdparty\Middleware\STM32G0xx\FreeRTOS\Source\portable\MemMang\heap_4.o
                0x0801ab60                vPortFree
 .text.prvHeapInit
                0x0801abe0       0xc0 Thirdparty\Middleware\STM32G0xx\FreeRTOS\Source\portable\MemMang\heap_4.o
 .text.prvInsertBlockIntoFreeList
                0x0801aca0       0xb0 Thirdparty\Middleware\STM32G0xx\FreeRTOS\Source\portable\MemMang\heap_4.o
 .text.xQueueGenericReset
                0x0801ad50       0x9e Thirdparty\Middleware\STM32G0xx\FreeRTOS\Source\queue.o
                0x0801ad50                xQueueGenericReset
 .text.xQueueGenericCreate
                0x0801adee       0x52 Thirdparty\Middleware\STM32G0xx\FreeRTOS\Source\queue.o
                0x0801adee                xQueueGenericCreate
 .text.prvInitialiseNewQueue
                0x0801ae40       0x4e Thirdparty\Middleware\STM32G0xx\FreeRTOS\Source\queue.o
 .text.xQueueCreateCountingSemaphore
                0x0801ae8e       0x30 Thirdparty\Middleware\STM32G0xx\FreeRTOS\Source\queue.o
                0x0801ae8e                xQueueCreateCountingSemaphore
 .text.xQueueGenericSend
                0x0801aebe      0x12a Thirdparty\Middleware\STM32G0xx\FreeRTOS\Source\queue.o
                0x0801aebe                xQueueGenericSend
 .text.xQueueGenericSendFromISR
                0x0801afe8       0xa6 Thirdparty\Middleware\STM32G0xx\FreeRTOS\Source\queue.o
                0x0801afe8                xQueueGenericSendFromISR
 .text.xQueueGiveFromISR
                0x0801b08e       0x96 Thirdparty\Middleware\STM32G0xx\FreeRTOS\Source\queue.o
                0x0801b08e                xQueueGiveFromISR
 .text.xQueueReceive
                0x0801b124      0x128 Thirdparty\Middleware\STM32G0xx\FreeRTOS\Source\queue.o
                0x0801b124                xQueueReceive
 .text.xQueueSemaphoreTake
                0x0801b24c      0x178 Thirdparty\Middleware\STM32G0xx\FreeRTOS\Source\queue.o
                0x0801b24c                xQueueSemaphoreTake
 .text.xQueueReceiveFromISR
                0x0801b3c4       0xa0 Thirdparty\Middleware\STM32G0xx\FreeRTOS\Source\queue.o
                0x0801b3c4                xQueueReceiveFromISR
 .text.prvGetDisinheritPriorityAfterTimeout
                0x0801b464       0x2c Thirdparty\Middleware\STM32G0xx\FreeRTOS\Source\queue.o
 .text.prvCopyDataToQueue
                0x0801b490       0xd6 Thirdparty\Middleware\STM32G0xx\FreeRTOS\Source\queue.o
 .text.prvCopyDataFromQueue
                0x0801b566       0x4c Thirdparty\Middleware\STM32G0xx\FreeRTOS\Source\queue.o
 .text.prvUnlockQueue
                0x0801b5b2       0xbc Thirdparty\Middleware\STM32G0xx\FreeRTOS\Source\queue.o
 .text.prvIsQueueEmpty
                0x0801b66e       0x2c Thirdparty\Middleware\STM32G0xx\FreeRTOS\Source\queue.o
 .text.prvIsQueueFull
                0x0801b69a       0x30 Thirdparty\Middleware\STM32G0xx\FreeRTOS\Source\queue.o
 *fill*         0x0801b6ca        0x2 
 .text.vQueueAddToRegistry
                0x0801b6cc       0x50 Thirdparty\Middleware\STM32G0xx\FreeRTOS\Source\queue.o
                0x0801b6cc                vQueueAddToRegistry
 .text.vQueueWaitForMessageRestricted
                0x0801b71c       0x66 Thirdparty\Middleware\STM32G0xx\FreeRTOS\Source\queue.o
                0x0801b71c                vQueueWaitForMessageRestricted
 .text.xTaskCreate
                0x0801b782       0x90 Thirdparty\Middleware\STM32G0xx\FreeRTOS\Source\tasks.o
                0x0801b782                xTaskCreate
 *fill*         0x0801b812        0x2 
 .text.prvInitialiseNewTask
                0x0801b814      0x10c Thirdparty\Middleware\STM32G0xx\FreeRTOS\Source\tasks.o
 .text.prvAddNewTaskToReadyList
                0x0801b920       0xd0 Thirdparty\Middleware\STM32G0xx\FreeRTOS\Source\tasks.o
 .text.vTaskDelay
                0x0801b9f0       0x3a Thirdparty\Middleware\STM32G0xx\FreeRTOS\Source\tasks.o
                0x0801b9f0                vTaskDelay
 *fill*         0x0801ba2a        0x2 
 .text.eTaskGetState
                0x0801ba2c       0xd0 Thirdparty\Middleware\STM32G0xx\FreeRTOS\Source\tasks.o
                0x0801ba2c                eTaskGetState
 .text.uxTaskPriorityGet
                0x0801bafc       0x34 Thirdparty\Middleware\STM32G0xx\FreeRTOS\Source\tasks.o
                0x0801bafc                uxTaskPriorityGet
 .text.vTaskPrioritySet
                0x0801bb30      0x110 Thirdparty\Middleware\STM32G0xx\FreeRTOS\Source\tasks.o
                0x0801bb30                vTaskPrioritySet
 .text.vTaskStartScheduler
                0x0801bc40       0x74 Thirdparty\Middleware\STM32G0xx\FreeRTOS\Source\tasks.o
                0x0801bc40                vTaskStartScheduler
 .text.vTaskSuspendAll
                0x0801bcb4       0x18 Thirdparty\Middleware\STM32G0xx\FreeRTOS\Source\tasks.o
                0x0801bcb4                vTaskSuspendAll
 .text.xTaskResumeAll
                0x0801bccc      0x10c Thirdparty\Middleware\STM32G0xx\FreeRTOS\Source\tasks.o
                0x0801bccc                xTaskResumeAll
 .text.xTaskGetTickCount
                0x0801bdd8       0x1c Thirdparty\Middleware\STM32G0xx\FreeRTOS\Source\tasks.o
                0x0801bdd8                xTaskGetTickCount
 .text.xTaskGetTickCountFromISR
                0x0801bdf4       0x20 Thirdparty\Middleware\STM32G0xx\FreeRTOS\Source\tasks.o
                0x0801bdf4                xTaskGetTickCountFromISR
 .text.uxTaskGetSystemState
                0x0801be14      0x120 Thirdparty\Middleware\STM32G0xx\FreeRTOS\Source\tasks.o
                0x0801be14                uxTaskGetSystemState
 .text.xTaskIncrementTick
                0x0801bf34      0x150 Thirdparty\Middleware\STM32G0xx\FreeRTOS\Source\tasks.o
                0x0801bf34                xTaskIncrementTick
 .text.vTaskSwitchContext
                0x0801c084      0x124 Thirdparty\Middleware\STM32G0xx\FreeRTOS\Source\tasks.o
                0x0801c084                vTaskSwitchContext
 .text.vTaskPlaceOnEventList
                0x0801c1a8       0x34 Thirdparty\Middleware\STM32G0xx\FreeRTOS\Source\tasks.o
                0x0801c1a8                vTaskPlaceOnEventList
 .text.vTaskPlaceOnEventListRestricted
                0x0801c1dc       0x44 Thirdparty\Middleware\STM32G0xx\FreeRTOS\Source\tasks.o
                0x0801c1dc                vTaskPlaceOnEventListRestricted
 .text.xTaskRemoveFromEventList
                0x0801c220       0xb0 Thirdparty\Middleware\STM32G0xx\FreeRTOS\Source\tasks.o
                0x0801c220                xTaskRemoveFromEventList
 .text.vTaskInternalSetTimeOutState
                0x0801c2d0       0x28 Thirdparty\Middleware\STM32G0xx\FreeRTOS\Source\tasks.o
                0x0801c2d0                vTaskInternalSetTimeOutState
 .text.xTaskCheckForTimeOut
                0x0801c2f8       0x8c Thirdparty\Middleware\STM32G0xx\FreeRTOS\Source\tasks.o
                0x0801c2f8                xTaskCheckForTimeOut
 .text.vTaskMissedYield
                0x0801c384       0x14 Thirdparty\Middleware\STM32G0xx\FreeRTOS\Source\tasks.o
                0x0801c384                vTaskMissedYield
 .text.prvIdleTask
                0x0801c398       0x20 Thirdparty\Middleware\STM32G0xx\FreeRTOS\Source\tasks.o
 .text.prvInitialiseTaskLists
                0x0801c3b8       0x88 Thirdparty\Middleware\STM32G0xx\FreeRTOS\Source\tasks.o
 .text.prvCheckTasksWaitingTermination
                0x0801c440       0x5c Thirdparty\Middleware\STM32G0xx\FreeRTOS\Source\tasks.o
 .text.vTaskGetInfo
                0x0801c49c       0xd8 Thirdparty\Middleware\STM32G0xx\FreeRTOS\Source\tasks.o
                0x0801c49c                vTaskGetInfo
 .text.prvListTasksWithinSingleList
                0x0801c574       0xa6 Thirdparty\Middleware\STM32G0xx\FreeRTOS\Source\tasks.o
 .text.prvTaskCheckFreeStackSpace
                0x0801c61a       0x34 Thirdparty\Middleware\STM32G0xx\FreeRTOS\Source\tasks.o
 .text.prvDeleteTCB
                0x0801c64e       0x22 Thirdparty\Middleware\STM32G0xx\FreeRTOS\Source\tasks.o
 .text.prvResetNextTaskUnblockTime
                0x0801c670       0x3c Thirdparty\Middleware\STM32G0xx\FreeRTOS\Source\tasks.o
 .text.xTaskGetSchedulerState
                0x0801c6ac       0x38 Thirdparty\Middleware\STM32G0xx\FreeRTOS\Source\tasks.o
                0x0801c6ac                xTaskGetSchedulerState
 .text.xTaskPriorityInherit
                0x0801c6e4       0xd0 Thirdparty\Middleware\STM32G0xx\FreeRTOS\Source\tasks.o
                0x0801c6e4                xTaskPriorityInherit
 .text.xTaskPriorityDisinherit
                0x0801c7b4       0x98 Thirdparty\Middleware\STM32G0xx\FreeRTOS\Source\tasks.o
                0x0801c7b4                xTaskPriorityDisinherit
 .text.vTaskPriorityDisinheritAfterTimeout
                0x0801c84c       0xc0 Thirdparty\Middleware\STM32G0xx\FreeRTOS\Source\tasks.o
                0x0801c84c                vTaskPriorityDisinheritAfterTimeout
 .text.prvWriteNameToBuffer
                0x0801c90c       0x52 Thirdparty\Middleware\STM32G0xx\FreeRTOS\Source\tasks.o
 *fill*         0x0801c95e        0x2 
 .text.vTaskList
                0x0801c960      0x14c Thirdparty\Middleware\STM32G0xx\FreeRTOS\Source\tasks.o
                0x0801c960                vTaskList
 .text.vTaskGetRunTimeStats
                0x0801caac      0x118 Thirdparty\Middleware\STM32G0xx\FreeRTOS\Source\tasks.o
                0x0801caac                vTaskGetRunTimeStats
 .text.pvTaskIncrementMutexHeldCount
                0x0801cbc4       0x24 Thirdparty\Middleware\STM32G0xx\FreeRTOS\Source\tasks.o
                0x0801cbc4                pvTaskIncrementMutexHeldCount
 .text.ulTaskNotifyTake
                0x0801cbe8       0x84 Thirdparty\Middleware\STM32G0xx\FreeRTOS\Source\tasks.o
                0x0801cbe8                ulTaskNotifyTake
 .text.xTaskGenericNotify
                0x0801cc6c      0x104 Thirdparty\Middleware\STM32G0xx\FreeRTOS\Source\tasks.o
                0x0801cc6c                xTaskGenericNotify
 .text.xTaskGenericNotifyFromISR
                0x0801cd70      0x140 Thirdparty\Middleware\STM32G0xx\FreeRTOS\Source\tasks.o
                0x0801cd70                xTaskGenericNotifyFromISR
 .text.prvAddCurrentTaskToDelayedList
                0x0801ceb0       0xa8 Thirdparty\Middleware\STM32G0xx\FreeRTOS\Source\tasks.o
 .text.xTimerCreateTimerTask
                0x0801cf58       0x4c Thirdparty\Middleware\STM32G0xx\FreeRTOS\Source\timers.o
                0x0801cf58                xTimerCreateTimerTask
 .text.xTimerCreate
                0x0801cfa4       0x46 Thirdparty\Middleware\STM32G0xx\FreeRTOS\Source\timers.o
                0x0801cfa4                xTimerCreate
 .text.prvInitialiseNewTimer
                0x0801cfea       0x5a Thirdparty\Middleware\STM32G0xx\FreeRTOS\Source\timers.o
 .text.xTimerGenericCommand
                0x0801d044       0x8c Thirdparty\Middleware\STM32G0xx\FreeRTOS\Source\timers.o
                0x0801d044                xTimerGenericCommand
 .text.prvProcessExpiredTimer
                0x0801d0d0       0x80 Thirdparty\Middleware\STM32G0xx\FreeRTOS\Source\timers.o
 .text.prvTimerTask
                0x0801d150       0x28 Thirdparty\Middleware\STM32G0xx\FreeRTOS\Source\timers.o
 .text.prvProcessTimerOrBlockTask
                0x0801d178       0x90 Thirdparty\Middleware\STM32G0xx\FreeRTOS\Source\timers.o
 .text.prvGetNextExpireTime
                0x0801d208       0x44 Thirdparty\Middleware\STM32G0xx\FreeRTOS\Source\timers.o
 .text.prvSampleTimeNow
                0x0801d24c       0x40 Thirdparty\Middleware\STM32G0xx\FreeRTOS\Source\timers.o
 .text.prvInsertTimerInActiveList
                0x0801d28c       0x84 Thirdparty\Middleware\STM32G0xx\FreeRTOS\Source\timers.o
 .text.prvProcessReceivedCommands
                0x0801d310      0x16c Thirdparty\Middleware\STM32G0xx\FreeRTOS\Source\timers.o
 .text.prvSwitchTimerLists
                0x0801d47c       0xb0 Thirdparty\Middleware\STM32G0xx\FreeRTOS\Source\timers.o
 .text.prvCheckForValidListAndQueue
                0x0801d52c       0x74 Thirdparty\Middleware\STM32G0xx\FreeRTOS\Source\timers.o
 .text.pvTimerGetTimerID
                0x0801d5a0       0x24 Thirdparty\Middleware\STM32G0xx\FreeRTOS\Source\timers.o
                0x0801d5a0                pvTimerGetTimerID
 .text.HAL_Init
                0x0801d5c4       0x40 Thirdparty\STM32G0xx_HAL_Driver\Src\stm32g0xx_hal.o
                0x0801d5c4                HAL_Init
 .text.HAL_InitTick
                0x0801d604       0x94 Thirdparty\STM32G0xx_HAL_Driver\Src\stm32g0xx_hal.o
                0x0801d604                HAL_InitTick
 .text.HAL_IncTick
                0x0801d698       0x24 Thirdparty\STM32G0xx_HAL_Driver\Src\stm32g0xx_hal.o
                0x0801d698                HAL_IncTick
 .text.HAL_GetTick
                0x0801d6bc       0x14 Thirdparty\STM32G0xx_HAL_Driver\Src\stm32g0xx_hal.o
                0x0801d6bc                HAL_GetTick
 .text.HAL_Delay
                0x0801d6d0       0x48 Thirdparty\STM32G0xx_HAL_Driver\Src\stm32g0xx_hal.o
                0x0801d6d0                HAL_Delay
 .text.HAL_GetREVID
                0x0801d718       0x18 Thirdparty\STM32G0xx_HAL_Driver\Src\stm32g0xx_hal.o
                0x0801d718                HAL_GetREVID
 .text.HAL_GetDEVID
                0x0801d730       0x18 Thirdparty\STM32G0xx_HAL_Driver\Src\stm32g0xx_hal.o
                0x0801d730                HAL_GetDEVID
 .text.LL_ADC_SetCommonPathInternalCh
                0x0801d748       0x28 Thirdparty\STM32G0xx_HAL_Driver\Src\stm32g0xx_hal_adc.o
 .text.LL_ADC_GetCommonPathInternalCh
                0x0801d770       0x1a Thirdparty\STM32G0xx_HAL_Driver\Src\stm32g0xx_hal_adc.o
 .text.LL_ADC_SetSamplingTimeCommonChannels
                0x0801d78a       0x3a Thirdparty\STM32G0xx_HAL_Driver\Src\stm32g0xx_hal_adc.o
 .text.LL_ADC_GetSamplingTimeCommonChannels
                0x0801d7c4       0x2e Thirdparty\STM32G0xx_HAL_Driver\Src\stm32g0xx_hal_adc.o
 .text.LL_ADC_REG_IsTriggerSourceSWStart
                0x0801d7f2       0x22 Thirdparty\STM32G0xx_HAL_Driver\Src\stm32g0xx_hal_adc.o
 .text.LL_ADC_REG_SetSequencerRanks
                0x0801d814       0x40 Thirdparty\STM32G0xx_HAL_Driver\Src\stm32g0xx_hal_adc.o
 .text.LL_ADC_REG_SetSequencerChAdd
                0x0801d854       0x22 Thirdparty\STM32G0xx_HAL_Driver\Src\stm32g0xx_hal_adc.o
 .text.LL_ADC_REG_SetSequencerChRem
                0x0801d876       0x24 Thirdparty\STM32G0xx_HAL_Driver\Src\stm32g0xx_hal_adc.o
 *fill*         0x0801d89a        0x2 
 .text.LL_ADC_SetChannelSamplingTime
                0x0801d89c       0x38 Thirdparty\STM32G0xx_HAL_Driver\Src\stm32g0xx_hal_adc.o
 .text.LL_ADC_EnableInternalRegulator
                0x0801d8d4       0x28 Thirdparty\STM32G0xx_HAL_Driver\Src\stm32g0xx_hal_adc.o
 .text.LL_ADC_IsInternalRegulatorEnabled
                0x0801d8fc       0x28 Thirdparty\STM32G0xx_HAL_Driver\Src\stm32g0xx_hal_adc.o
 .text.LL_ADC_Enable
                0x0801d924       0x24 Thirdparty\STM32G0xx_HAL_Driver\Src\stm32g0xx_hal_adc.o
 .text.LL_ADC_Disable
                0x0801d948       0x24 Thirdparty\STM32G0xx_HAL_Driver\Src\stm32g0xx_hal_adc.o
 .text.LL_ADC_IsEnabled
                0x0801d96c       0x22 Thirdparty\STM32G0xx_HAL_Driver\Src\stm32g0xx_hal_adc.o
 .text.LL_ADC_IsDisableOngoing
                0x0801d98e       0x22 Thirdparty\STM32G0xx_HAL_Driver\Src\stm32g0xx_hal_adc.o
 .text.LL_ADC_REG_StartConversion
                0x0801d9b0       0x24 Thirdparty\STM32G0xx_HAL_Driver\Src\stm32g0xx_hal_adc.o
 .text.LL_ADC_REG_StopConversion
                0x0801d9d4       0x24 Thirdparty\STM32G0xx_HAL_Driver\Src\stm32g0xx_hal_adc.o
 .text.LL_ADC_REG_IsConversionOngoing
                0x0801d9f8       0x22 Thirdparty\STM32G0xx_HAL_Driver\Src\stm32g0xx_hal_adc.o
 *fill*         0x0801da1a        0x2 
 .text.HAL_ADC_Init
                0x0801da1c      0x350 Thirdparty\STM32G0xx_HAL_Driver\Src\stm32g0xx_hal_adc.o
                0x0801da1c                HAL_ADC_Init
 .text.HAL_ADC_Start
                0x0801dd6c       0x9c Thirdparty\STM32G0xx_HAL_Driver\Src\stm32g0xx_hal_adc.o
                0x0801dd6c                HAL_ADC_Start
 .text.HAL_ADC_Stop
                0x0801de08       0x78 Thirdparty\STM32G0xx_HAL_Driver\Src\stm32g0xx_hal_adc.o
                0x0801de08                HAL_ADC_Stop
 .text.HAL_ADC_PollForConversion
                0x0801de80      0x128 Thirdparty\STM32G0xx_HAL_Driver\Src\stm32g0xx_hal_adc.o
                0x0801de80                HAL_ADC_PollForConversion
 .text.HAL_ADC_GetValue
                0x0801dfa8       0x16 Thirdparty\STM32G0xx_HAL_Driver\Src\stm32g0xx_hal_adc.o
                0x0801dfa8                HAL_ADC_GetValue
 *fill*         0x0801dfbe        0x2 
 .text.HAL_ADC_ConfigChannel
                0x0801dfc0      0x3b0 Thirdparty\STM32G0xx_HAL_Driver\Src\stm32g0xx_hal_adc.o
                0x0801dfc0                HAL_ADC_ConfigChannel
 .text.ADC_ConversionStop
                0x0801e370       0x84 Thirdparty\STM32G0xx_HAL_Driver\Src\stm32g0xx_hal_adc.o
                0x0801e370                ADC_ConversionStop
 .text.ADC_Enable
                0x0801e3f4      0x10c Thirdparty\STM32G0xx_HAL_Driver\Src\stm32g0xx_hal_adc.o
                0x0801e3f4                ADC_Enable
 .text.ADC_Disable
                0x0801e500       0xbc Thirdparty\STM32G0xx_HAL_Driver\Src\stm32g0xx_hal_adc.o
                0x0801e500                ADC_Disable
 .text.__NVIC_EnableIRQ
                0x0801e5bc       0x34 Thirdparty\STM32G0xx_HAL_Driver\Src\stm32g0xx_hal_cortex.o
 .text.__NVIC_DisableIRQ
                0x0801e5f0       0x44 Thirdparty\STM32G0xx_HAL_Driver\Src\stm32g0xx_hal_cortex.o
 .text.__NVIC_SetPriority
                0x0801e634       0xdc Thirdparty\STM32G0xx_HAL_Driver\Src\stm32g0xx_hal_cortex.o
 .text.SysTick_Config
                0x0801e710       0x48 Thirdparty\STM32G0xx_HAL_Driver\Src\stm32g0xx_hal_cortex.o
 .text.HAL_NVIC_SetPriority
                0x0801e758       0x2a Thirdparty\STM32G0xx_HAL_Driver\Src\stm32g0xx_hal_cortex.o
                0x0801e758                HAL_NVIC_SetPriority
 .text.HAL_NVIC_EnableIRQ
                0x0801e782       0x20 Thirdparty\STM32G0xx_HAL_Driver\Src\stm32g0xx_hal_cortex.o
                0x0801e782                HAL_NVIC_EnableIRQ
 .text.HAL_NVIC_DisableIRQ
                0x0801e7a2       0x20 Thirdparty\STM32G0xx_HAL_Driver\Src\stm32g0xx_hal_cortex.o
                0x0801e7a2                HAL_NVIC_DisableIRQ
 .text.HAL_SYSTICK_Config
                0x0801e7c2       0x1a Thirdparty\STM32G0xx_HAL_Driver\Src\stm32g0xx_hal_cortex.o
                0x0801e7c2                HAL_SYSTICK_Config
 .text.HAL_SYSTICK_CLKSourceConfig
                0x0801e7dc       0x34 Thirdparty\STM32G0xx_HAL_Driver\Src\stm32g0xx_hal_cortex.o
                0x0801e7dc                HAL_SYSTICK_CLKSourceConfig
 .text.HAL_CRC_Init
                0x0801e810       0xcc Thirdparty\STM32G0xx_HAL_Driver\Src\stm32g0xx_hal_crc.o
                0x0801e810                HAL_CRC_Init
 .text.HAL_CRC_Accumulate
                0x0801e8dc       0x8e Thirdparty\STM32G0xx_HAL_Driver\Src\stm32g0xx_hal_crc.o
                0x0801e8dc                HAL_CRC_Accumulate
 .text.HAL_CRC_Calculate
                0x0801e96a       0x9e Thirdparty\STM32G0xx_HAL_Driver\Src\stm32g0xx_hal_crc.o
                0x0801e96a                HAL_CRC_Calculate
 .text.CRC_Handle_8
                0x0801ea08      0x122 Thirdparty\STM32G0xx_HAL_Driver\Src\stm32g0xx_hal_crc.o
 .text.CRC_Handle_16
                0x0801eb2a       0x6e Thirdparty\STM32G0xx_HAL_Driver\Src\stm32g0xx_hal_crc.o
 .text.HAL_CRCEx_Polynomial_Set
                0x0801eb98       0xda Thirdparty\STM32G0xx_HAL_Driver\Src\stm32g0xx_hal_crc_ex.o
                0x0801eb98                HAL_CRCEx_Polynomial_Set
 *fill*         0x0801ec72        0x2 
 .text.HAL_DMA_Init
                0x0801ec74      0x158 Thirdparty\STM32G0xx_HAL_Driver\Src\stm32g0xx_hal_dma.o
                0x0801ec74                HAL_DMA_Init
 .text.HAL_DMA_Start_IT
                0x0801edcc      0x10c Thirdparty\STM32G0xx_HAL_Driver\Src\stm32g0xx_hal_dma.o
                0x0801edcc                HAL_DMA_Start_IT
 .text.HAL_DMA_Abort
                0x0801eed8       0xc0 Thirdparty\STM32G0xx_HAL_Driver\Src\stm32g0xx_hal_dma.o
                0x0801eed8                HAL_DMA_Abort
 .text.HAL_DMA_Abort_IT
                0x0801ef98       0xd0 Thirdparty\STM32G0xx_HAL_Driver\Src\stm32g0xx_hal_dma.o
                0x0801ef98                HAL_DMA_Abort_IT
 .text.HAL_DMA_GetError
                0x0801f068       0x14 Thirdparty\STM32G0xx_HAL_Driver\Src\stm32g0xx_hal_dma.o
                0x0801f068                HAL_DMA_GetError
 .text.DMA_SetConfig
                0x0801f07c       0x78 Thirdparty\STM32G0xx_HAL_Driver\Src\stm32g0xx_hal_dma.o
 .text.DMA_CalcDMAMUXChannelBaseAndMask
                0x0801f0f4       0x94 Thirdparty\STM32G0xx_HAL_Driver\Src\stm32g0xx_hal_dma.o
 .text.DMA_CalcDMAMUXRequestGenBaseAndMask
                0x0801f188       0x48 Thirdparty\STM32G0xx_HAL_Driver\Src\stm32g0xx_hal_dma.o
 .text.HAL_FLASH_Program
                0x0801f1d0       0x9c Thirdparty\STM32G0xx_HAL_Driver\Src\stm32g0xx_hal_flash.o
                0x0801f1d0                HAL_FLASH_Program
 .text.HAL_FLASH_Unlock
                0x0801f26c       0x48 Thirdparty\STM32G0xx_HAL_Driver\Src\stm32g0xx_hal_flash.o
                0x0801f26c                HAL_FLASH_Unlock
 .text.HAL_FLASH_Lock
                0x0801f2b4       0x38 Thirdparty\STM32G0xx_HAL_Driver\Src\stm32g0xx_hal_flash.o
                0x0801f2b4                HAL_FLASH_Lock
 .text.FLASH_WaitForLastOperation
                0x0801f2ec       0x9c Thirdparty\STM32G0xx_HAL_Driver\Src\stm32g0xx_hal_flash.o
                0x0801f2ec                FLASH_WaitForLastOperation
 .text.FLASH_Program_DoubleWord
                0x0801f388       0x40 Thirdparty\STM32G0xx_HAL_Driver\Src\stm32g0xx_hal_flash.o
 .text.HAL_FLASHEx_Erase
                0x0801f3c8       0xe0 Thirdparty\STM32G0xx_HAL_Driver\Src\stm32g0xx_hal_flash_ex.o
                0x0801f3c8                HAL_FLASHEx_Erase
 .text.FLASH_MassErase
                0x0801f4a8       0x28 Thirdparty\STM32G0xx_HAL_Driver\Src\stm32g0xx_hal_flash_ex.o
 .text.FLASH_PageErase
                0x0801f4d0      0x198 Thirdparty\STM32G0xx_HAL_Driver\Src\stm32g0xx_hal_flash_ex.o
                0x0801f4d0                FLASH_PageErase
 .text.HAL_GPIO_Init
                0x0801f668      0x2d8 Thirdparty\STM32G0xx_HAL_Driver\Src\stm32g0xx_hal_gpio.o
                0x0801f668                HAL_GPIO_Init
 .text.HAL_GPIO_DeInit
                0x0801f940      0x1b0 Thirdparty\STM32G0xx_HAL_Driver\Src\stm32g0xx_hal_gpio.o
                0x0801f940                HAL_GPIO_DeInit
 .text.HAL_GPIO_ReadPin
                0x0801faf0       0x3a Thirdparty\STM32G0xx_HAL_Driver\Src\stm32g0xx_hal_gpio.o
                0x0801faf0                HAL_GPIO_ReadPin
 .text.HAL_GPIO_WritePin
                0x0801fb2a       0x3a Thirdparty\STM32G0xx_HAL_Driver\Src\stm32g0xx_hal_gpio.o
                0x0801fb2a                HAL_GPIO_WritePin
 .text.HAL_GPIO_TogglePin
                0x0801fb64       0x36 Thirdparty\STM32G0xx_HAL_Driver\Src\stm32g0xx_hal_gpio.o
                0x0801fb64                HAL_GPIO_TogglePin
 *fill*         0x0801fb9a        0x2 
 .text.HAL_IWDG_Init
                0x0801fb9c       0xa4 Thirdparty\STM32G0xx_HAL_Driver\Src\stm32g0xx_hal_iwdg.o
                0x0801fb9c                HAL_IWDG_Init
 .text.HAL_IWDG_Refresh
                0x0801fc40       0x20 Thirdparty\STM32G0xx_HAL_Driver\Src\stm32g0xx_hal_iwdg.o
                0x0801fc40                HAL_IWDG_Refresh
 .text.HAL_MspInit
                0x0801fc60        0xa Thirdparty\STM32G0xx_HAL_Driver\Src\stm32g0xx_hal_msp_template.o
                0x0801fc60                HAL_MspInit
 *fill*         0x0801fc6a        0x2 
 .text.HAL_PWR_EnableBkUpAccess
                0x0801fc6c       0x1c Thirdparty\STM32G0xx_HAL_Driver\Src\stm32g0xx_hal_pwr.o
                0x0801fc6c                HAL_PWR_EnableBkUpAccess
 .text.HAL_PWR_EnableWakeUpPin
                0x0801fc88       0x40 Thirdparty\STM32G0xx_HAL_Driver\Src\stm32g0xx_hal_pwr.o
                0x0801fc88                HAL_PWR_EnableWakeUpPin
 .text.HAL_PWR_DisableWakeUpPin
                0x0801fcc8       0x28 Thirdparty\STM32G0xx_HAL_Driver\Src\stm32g0xx_hal_pwr.o
                0x0801fcc8                HAL_PWR_DisableWakeUpPin
 .text.HAL_PWR_EnterSTOPMode
                0x0801fcf0       0x70 Thirdparty\STM32G0xx_HAL_Driver\Src\stm32g0xx_hal_pwr.o
                0x0801fcf0                HAL_PWR_EnterSTOPMode
 .text.HAL_PWR_EnterSTANDBYMode
                0x0801fd60       0x34 Thirdparty\STM32G0xx_HAL_Driver\Src\stm32g0xx_hal_pwr.o
                0x0801fd60                HAL_PWR_EnterSTANDBYMode
 .text.HAL_PWREx_EnableSRAMRetention
                0x0801fd94       0x1c Thirdparty\STM32G0xx_HAL_Driver\Src\stm32g0xx_hal_pwr_ex.o
                0x0801fd94                HAL_PWREx_EnableSRAMRetention
 .text.HAL_PWREx_ControlVoltageScaling
                0x0801fdb0       0x80 Thirdparty\STM32G0xx_HAL_Driver\Src\stm32g0xx_hal_pwr_ex.o
                0x0801fdb0                HAL_PWREx_ControlVoltageScaling
 .text.LL_RCC_GetAPB1Prescaler
                0x0801fe30       0x18 Thirdparty\STM32G0xx_HAL_Driver\Src\stm32g0xx_hal_rcc.o
 .text.HAL_RCC_OscConfig
                0x0801fe48      0x6c0 Thirdparty\STM32G0xx_HAL_Driver\Src\stm32g0xx_hal_rcc.o
                0x0801fe48                HAL_RCC_OscConfig
 .text.HAL_RCC_ClockConfig
                0x08020508      0x210 Thirdparty\STM32G0xx_HAL_Driver\Src\stm32g0xx_hal_rcc.o
                0x08020508                HAL_RCC_ClockConfig
 .text.HAL_RCC_GetSysClockFreq
                0x08020718      0x104 Thirdparty\STM32G0xx_HAL_Driver\Src\stm32g0xx_hal_rcc.o
                0x08020718                HAL_RCC_GetSysClockFreq
 .text.HAL_RCC_GetHCLKFreq
                0x0802081c       0x14 Thirdparty\STM32G0xx_HAL_Driver\Src\stm32g0xx_hal_rcc.o
                0x0802081c                HAL_RCC_GetHCLKFreq
 .text.HAL_RCC_GetPCLK1Freq
                0x08020830       0x2c Thirdparty\STM32G0xx_HAL_Driver\Src\stm32g0xx_hal_rcc.o
                0x08020830                HAL_RCC_GetPCLK1Freq
 .text.HAL_RCCEx_PeriphCLKConfig
                0x0802085c      0x478 Thirdparty\STM32G0xx_HAL_Driver\Src\stm32g0xx_hal_rcc_ex.o
                0x0802085c                HAL_RCCEx_PeriphCLKConfig
 .text.HAL_RTC_Init
                0x08020cd4      0x144 Thirdparty\STM32G0xx_HAL_Driver\Src\stm32g0xx_hal_rtc.o
                0x08020cd4                HAL_RTC_Init
 .text.HAL_RTC_MspInit
                0x08020e18       0x10 Thirdparty\STM32G0xx_HAL_Driver\Src\stm32g0xx_hal_rtc.o
                0x08020e18                HAL_RTC_MspInit
 .text.HAL_RTC_SetTime
                0x08020e28      0x150 Thirdparty\STM32G0xx_HAL_Driver\Src\stm32g0xx_hal_rtc.o
                0x08020e28                HAL_RTC_SetTime
 .text.HAL_RTC_GetTime
                0x08020f78       0xb8 Thirdparty\STM32G0xx_HAL_Driver\Src\stm32g0xx_hal_rtc.o
                0x08020f78                HAL_RTC_GetTime
 .text.HAL_RTC_SetDate
                0x08021030      0x124 Thirdparty\STM32G0xx_HAL_Driver\Src\stm32g0xx_hal_rtc.o
                0x08021030                HAL_RTC_SetDate
 .text.HAL_RTC_GetDate
                0x08021154       0x9c Thirdparty\STM32G0xx_HAL_Driver\Src\stm32g0xx_hal_rtc.o
                0x08021154                HAL_RTC_GetDate
 .text.HAL_RTC_WaitForSynchro
                0x080211f0       0x4e Thirdparty\STM32G0xx_HAL_Driver\Src\stm32g0xx_hal_rtc.o
                0x080211f0                HAL_RTC_WaitForSynchro
 .text.RTC_EnterInitMode
                0x0802123e       0x84 Thirdparty\STM32G0xx_HAL_Driver\Src\stm32g0xx_hal_rtc.o
                0x0802123e                RTC_EnterInitMode
 *fill*         0x080212c2        0x2 
 .text.RTC_ExitInitMode
                0x080212c4       0x88 Thirdparty\STM32G0xx_HAL_Driver\Src\stm32g0xx_hal_rtc.o
                0x080212c4                RTC_ExitInitMode
 .text.RTC_ByteToBcd2
                0x0802134c       0x50 Thirdparty\STM32G0xx_HAL_Driver\Src\stm32g0xx_hal_rtc.o
                0x0802134c                RTC_ByteToBcd2
 .text.RTC_Bcd2ToByte
                0x0802139c       0x3a Thirdparty\STM32G0xx_HAL_Driver\Src\stm32g0xx_hal_rtc.o
                0x0802139c                RTC_Bcd2ToByte
 .text.HAL_RTCEx_BKUPWrite
                0x080213d6       0x3a Thirdparty\STM32G0xx_HAL_Driver\Src\stm32g0xx_hal_rtc_ex.o
                0x080213d6                HAL_RTCEx_BKUPWrite
 .text.HAL_RTCEx_BKUPRead
                0x08021410       0x36 Thirdparty\STM32G0xx_HAL_Driver\Src\stm32g0xx_hal_rtc_ex.o
                0x08021410                HAL_RTCEx_BKUPRead
 .text.HAL_TIM_Base_Init
                0x08021446       0xb0 Thirdparty\STM32G0xx_HAL_Driver\Src\stm32g0xx_hal_tim.o
                0x08021446                HAL_TIM_Base_Init
 .text.HAL_TIM_Base_MspInit
                0x080214f6       0x10 Thirdparty\STM32G0xx_HAL_Driver\Src\stm32g0xx_hal_tim.o
                0x080214f6                HAL_TIM_Base_MspInit
 *fill*         0x08021506        0x2 
 .text.HAL_TIM_Base_Start
                0x08021508       0xb4 Thirdparty\STM32G0xx_HAL_Driver\Src\stm32g0xx_hal_tim.o
                0x08021508                HAL_TIM_Base_Start
 .text.HAL_TIM_PWM_Init
                0x080215bc       0xb0 Thirdparty\STM32G0xx_HAL_Driver\Src\stm32g0xx_hal_tim.o
                0x080215bc                HAL_TIM_PWM_Init
 .text.HAL_TIM_PWM_MspInit
                0x0802166c       0x10 Thirdparty\STM32G0xx_HAL_Driver\Src\stm32g0xx_hal_tim.o
                0x0802166c                HAL_TIM_PWM_MspInit
 .text.HAL_TIM_PWM_Start
                0x0802167c      0x1e0 Thirdparty\STM32G0xx_HAL_Driver\Src\stm32g0xx_hal_tim.o
                0x0802167c                HAL_TIM_PWM_Start
 .text.HAL_TIM_PWM_Stop
                0x0802185c      0x118 Thirdparty\STM32G0xx_HAL_Driver\Src\stm32g0xx_hal_tim.o
                0x0802185c                HAL_TIM_PWM_Stop
 .text.HAL_TIM_OC_ConfigChannel
                0x08021974       0xc0 Thirdparty\STM32G0xx_HAL_Driver\Src\stm32g0xx_hal_tim.o
                0x08021974                HAL_TIM_OC_ConfigChannel
 .text.HAL_TIM_PWM_ConfigChannel
                0x08021a34      0x200 Thirdparty\STM32G0xx_HAL_Driver\Src\stm32g0xx_hal_tim.o
                0x08021a34                HAL_TIM_PWM_ConfigChannel
 .text.HAL_TIM_ConfigOCrefClear
                0x08021c34      0x254 Thirdparty\STM32G0xx_HAL_Driver\Src\stm32g0xx_hal_tim.o
                0x08021c34                HAL_TIM_ConfigOCrefClear
 .text.HAL_TIM_ConfigClockSource
                0x08021e88      0x1ac Thirdparty\STM32G0xx_HAL_Driver\Src\stm32g0xx_hal_tim.o
                0x08021e88                HAL_TIM_ConfigClockSource
 .text.TIM_Base_SetConfig
                0x08022034      0x114 Thirdparty\STM32G0xx_HAL_Driver\Src\stm32g0xx_hal_tim.o
                0x08022034                TIM_Base_SetConfig
 .text.TIM_OC1_SetConfig
                0x08022148      0x114 Thirdparty\STM32G0xx_HAL_Driver\Src\stm32g0xx_hal_tim.o
 .text.TIM_OC2_SetConfig
                0x0802225c      0x108 Thirdparty\STM32G0xx_HAL_Driver\Src\stm32g0xx_hal_tim.o
                0x0802225c                TIM_OC2_SetConfig
 .text.TIM_OC3_SetConfig
                0x08022364      0x110 Thirdparty\STM32G0xx_HAL_Driver\Src\stm32g0xx_hal_tim.o
 .text.TIM_OC4_SetConfig
                0x08022474       0xd4 Thirdparty\STM32G0xx_HAL_Driver\Src\stm32g0xx_hal_tim.o
 .text.TIM_OC5_SetConfig
                0x08022548       0xc0 Thirdparty\STM32G0xx_HAL_Driver\Src\stm32g0xx_hal_tim.o
 .text.TIM_OC6_SetConfig
                0x08022608       0xc8 Thirdparty\STM32G0xx_HAL_Driver\Src\stm32g0xx_hal_tim.o
 .text.TIM_TI1_ConfigInputStage
                0x080226d0       0x5c Thirdparty\STM32G0xx_HAL_Driver\Src\stm32g0xx_hal_tim.o
 .text.TIM_TI2_ConfigInputStage
                0x0802272c       0x64 Thirdparty\STM32G0xx_HAL_Driver\Src\stm32g0xx_hal_tim.o
 .text.TIM_ITRx_SetConfig
                0x08022790       0x38 Thirdparty\STM32G0xx_HAL_Driver\Src\stm32g0xx_hal_tim.o
 .text.TIM_ETR_SetConfig
                0x080227c8       0x40 Thirdparty\STM32G0xx_HAL_Driver\Src\stm32g0xx_hal_tim.o
                0x080227c8                TIM_ETR_SetConfig
 .text.TIM_CCxChannelCmd
                0x08022808       0x46 Thirdparty\STM32G0xx_HAL_Driver\Src\stm32g0xx_hal_tim.o
                0x08022808                TIM_CCxChannelCmd
 *fill*         0x0802284e        0x2 
 .text.HAL_TIMEx_MasterConfigSynchronization
                0x08022850       0xec Thirdparty\STM32G0xx_HAL_Driver\Src\stm32g0xx_hal_tim_ex.o
                0x08022850                HAL_TIMEx_MasterConfigSynchronization
 .text.HAL_UART_Init
                0x0802293c       0xac Thirdparty\STM32G0xx_HAL_Driver\Src\stm32g0xx_hal_uart.o
                0x0802293c                HAL_UART_Init
 .text.HAL_UART_DeInit
                0x080229e8       0x80 Thirdparty\STM32G0xx_HAL_Driver\Src\stm32g0xx_hal_uart.o
                0x080229e8                HAL_UART_DeInit